******************************************************************************
                  TI ARM Linker PC v20.2.0                     
******************************************************************************
>> Linked Fri Jul 17 10:15:05 2020

OUTPUT FILE NAME:   <AirMouse_with_cc2541.out>
ENTRY POINT SYMBOL: "_c_int00_noargs"  address: 2000f1b5


MEMORY CONFIGURATION

         name            origin    length      used     unused   attr    fill
----------------------  --------  ---------  --------  --------  ----  --------
  SRAM_CODE             20004000   00012fff  0000bd0e  000072f1  RW X
  SRAM_DATA             20017000   00019000  00008fad  00010053  RW X


SEGMENT ALLOCATION MAP

run origin  load origin   length   init length attrs members
----------  ----------- ---------- ----------- ----- -------
20004000    20004000    0000bd10   0000bd10    r-x
  20004000    20004000    00000400   00000400    r-- .intvecs
  20004400    20004400    0000b2b6   0000b2b6    r-x .text
  2000f6b8    2000f6b8    000005f8   000005f8    r-- .const
  2000fcb0    2000fcb0    00000060   00000060    r-- .cinit
20017000    20017000    000087b0   00000000    rw-
  20017000    20017000    00008000   00000000    rw- .sysmem
  2001f000    2001f000    000006f1   00000000    rw- .bss
  2001f6f4    2001f6f4    000000bc   00000000    rw- .data
2002f800    2002f800    00000800   00000000    rw-
  2002f800    2002f800    00000800   00000000    rw- .stack


SECTION ALLOCATION MAP

 output                                  attributes/
section   page    origin      length       input sections
--------  ----  ----------  ----------   ----------------
.intvecs   0    20004000    00000400     
                  20004000    00000400     startup_ccs.obj (.intvecs)

.init_array 
*          0    20004000    00000000     UNINITIALIZED

.text      0    20004400    0000b2b6     
                  20004400    00001888     free_rtos.a : tasks.obj (.text)
                  20005c88    00000dc8                 : queue.obj (.text)
                  20006a50    00000a4e     rtsv7M4_T_le_eabi.lib : _printfi.c.obj (.text:__TI_printfi)
                  2000749e    00000002     driverlib.a : interrupt.obj (.text:IntDefaultHandler)
                  200074a0    00000590     simplelink.a : driver.obj (.text:_SlDrvMsgRead)
                  20007a30    00000530     app_simplelink_config.obj (.text)
                  20007f60    00000528     app_p2p.obj (.text)
                  20008488    00000464     free_rtos.a : osi_freertos.obj (.text)
                  200088ec    0000041c     app_simpleLink_handlers.obj (.text)
                  20008d08    000003ac     app_storage.obj (.text)
                  200090b4    00000390     gpio_if.obj (.text)
                  20009444    00000310     app_http_server.obj (.text)
                  20009754    0000028c     uart_if.obj (.text)
                  200099e0    00000280     simplelink.a : wlan.obj (.text:sl_WlanConnect)
                  20009c60    00000268     rtsv7M4_T_le_eabi.lib : _printfi.c.obj (.text:_pconv_a)
                  20009ec8    00000258     main.obj (.text)
                  2000a120    00000248     simplelink.a : driver.obj (.text:_SlDrvRxHdrRead)
                  2000a368    000001d0                  : driver.obj (.text:_SlDrvReleasePoolObj)
                  2000a538    000001cc     rtsv7M4_T_le_eabi.lib : _printfi.c.obj (.text:_pconv_g)
                  2000a704    000001b6                           : fd_add_t2.asm.obj (.text)
                  2000a8ba    00000002                           : _lock.c.obj (.text:_nop)
                  2000a8bc    0000019c     simplelink.a : driver.obj (.text:_SlDrvMsgWrite)
                  2000aa58    00000190                  : driver.obj (.text:_SlDrvDriverCBInit)
                  2000abe8    00000190                  : driver.obj (.text:_SlDrvWaitForPoolObj)
                  2000ad78    00000178     driverlib.a : prcm.obj (.text:PRCMCC3200MCUInit)
                  2000aef0    00000170     simplelink.a : driver.obj (.text:_SlFindAndSetActiveObj)
                  2000b060    00000150                  : cc_pal.obj (.text:spi_Open)
                  2000b1b0    0000013c                  : driver.obj (.text:_SlDrvMsgReadCmdCtx)
                  2000b2ec    0000013c     rtsv7M4_T_le_eabi.lib : _printfi.c.obj (.text:_pconv_e)
                  2000b428    00000136                           : fd_div_t2.asm.obj (.text)
                  2000b55e    0000012a     free_rtos.a : list.obj (.text)
                  2000b688    00000124     simplelink.a : driver.obj (.text:_SlDrvDriverCBDeinit)
                  2000b7ac    00000120     rtsv7M4_T_le_eabi.lib : _printfi.c.obj (.text:fcvt)
                  2000b8cc    0000011c     free_rtos.a : port.obj (.text)
                  2000b9e8    00000108     rtsv7M4_T_le_eabi.lib : memory.c.obj (.text:aligned_alloc)
                  2000baf0    00000104     simplelink.a : netapp.obj (.text:_SlDrvNetAppEventHandler)
                  2000bbf4    000000fc     rtsv7M4_T_le_eabi.lib : fd_mul_t2.asm.obj (.text)
                  2000bcf0    000000f0     simplelink.a : device.obj (.text:sl_Start)
                  2000bde0    000000f0                  : device.obj (.text:sl_Stop)
                  2000bed0    000000f0     driverlib.a : udma.obj (.text:uDMAChannelTransferSet)
                  2000bfc0    000000e8     simplelink.a : driver.obj (.text:_SlAsyncEventGenericHandler)
                  2000c0a8    000000e8                  : driver.obj (.text:_SlDrvMsgReadSpawnCtx)
                  2000c190    000000e4     rtsv7M4_T_le_eabi.lib : memory.c.obj (.text:free)
                  2000c274    000000e4                           : memory.c.obj (.text:realloc)
                  2000c358    000000e4     simplelink.a : netapp.obj (.text:sl_NetAppMDNSRegisterUnregisterService)
                  2000c43c    000000dc                  : driver.obj (.text:_SlDrvClassifyRxMsg)
                  2000c518    000000dc                  : cc_pal.obj (.text:spi_Read)
                  2000c5f4    000000d8                  : netcfg.obj (.text:sl_NetCfgGet)
                  2000c6cc    000000d0     rtsv7M4_T_le_eabi.lib : s_scalbn.c.obj (.text:scalbn)
                  2000c79c    000000cc     simplelink.a : netapp.obj (.text:_sl_HandleAsync_DnsGetHostByService)
                  2000c868    000000cc                  : device.obj (.text:sl_DevGet)
                  2000c934    000000c4                  : driver.obj (.text:_SlRemoveFromList)
                  2000c9f8    000000c0                  : driver.obj (.text:_SlDrvCmdOp)
                  2000cab8    000000ba     free_rtos.a : portasm.obj (.text)
                  2000cb72    00000002     rtsv7M4_T_le_eabi.lib : div0.asm.obj (.text)
                  2000cb74    000000b4     simplelink.a : fs.obj (.text:sl_FsClose)
                  2000cc28    000000b1     rtsv7M4_T_le_eabi.lib : _printfi.c.obj (.text:_ltostr)
                  2000ccd9    00000003     --HOLE-- [fill = 0]
                  2000ccdc    000000a8     driverlib.a : interrupt.obj (.text:IntDisable)
                  2000cd84    000000a8                 : interrupt.obj (.text:IntEnable)
                  2000ce2c    000000a0                 : spi.obj (.text:SPIConfigSetExpClk)
                  2000cecc    000000a0     simplelink.a : driver.obj (.text:_SlDriverHandleError)
                  2000cf6c    0000009c     rtsv7M4_T_le_eabi.lib : memcpy_t2.asm.obj (.text)
                  2000d008    0000009a     simplelink.a : device.obj (.text:_SlDrvDeviceEventHandler)
                  2000d0a2    00000002     --HOLE-- [fill = 0]
                  2000d0a4    00000098                  : netapp.obj (.text:sl_NetAppSet)
                  2000d13c    00000098                  : netcfg.obj (.text:sl_NetCfgSet)
                  2000d1d4    00000098                  : wlan.obj (.text:sl_WlanSet)
                  2000d26c    00000096     rtsv7M4_T_le_eabi.lib : ull_div_t2.asm.obj (.text)
                  2000d302    00000002     --HOLE-- [fill = 0]
                  2000d304    00000094     driverlib.a : prcm.obj (.text:PRCMPeripheralClockGet)
                  2000d398    00000090     simplelink.a : netapp.obj (.text:_sl_HandleAsync_DnsGetHostByName)
                  2000d428    00000090                  : netapp.obj (.text:_sl_HandleAsync_PingResponse)
                  2000d4b8    00000090                  : wlan.obj (.text:sl_WlanPolicySet)
                  2000d548    0000008c                  : cc_pal.obj (.text:SetupDMAReceive)
                  2000d5d4    0000008c                  : cc_pal.obj (.text:SetupDMASend)
                  2000d660    0000008c                  : driver.obj (.text:_SlDrvIsTimeoutExpired)
                  2000d6ec    0000008c                  : device.obj (.text:_sl_HandleAsync_InitComplete)
                  2000d778    0000008c                  : cc_pal.obj (.text:spi_Write)
                  2000d804    00000088     driverlib.a : pin.obj (.text:PinConfigSet)
                  2000d88c    00000086     rtsv7M4_T_le_eabi.lib : fd_cmp_t2.asm.obj (.text:__aeabi_cdcmple)
                  2000d912    00000086                           : fd_cmp_t2.asm.obj (.text:__aeabi_cdrcmple)
                  2000d998    00000084     simplelink.a : cc_pal.obj (.text:NwpPowerOnPreamble)
                  2000da1c    00000084     pinmux.obj (.text)
                  2000daa0    00000084     simplelink.a : wlan.obj (.text:sl_WlanRxFilterSet)
                  2000db24    00000082     driverlib.a : gpio.obj (.text:GPIOIntTypeSet)
                  2000dba6    00000002     --HOLE-- [fill = 0]
                  2000dba8    00000080     simplelink.a : socket.obj (.text:_sl_HandleAsync_Connect)
                  2000dc28    00000080                  : cc_pal.obj (.text:spi_Read_CPU)
                  2000dca8    00000080                  : cc_pal.obj (.text:spi_Write_CPU)
                  2000dd28    0000007a     rtsv7M4_T_le_eabi.lib : memset_t2.asm.obj (.text)
                  2000dda2    00000002     --HOLE-- [fill = 0]
                  2000dda4    00000078     simplelink.a : cc_pal.obj (.text:spi_Close)
                  2000de1c    00000076     driverlib.a : uart.obj (.text:UARTConfigSetExpClk)
                  2000de92    00000002     --HOLE-- [fill = 0]
                  2000de94    00000070     rtsv7M4_T_le_eabi.lib : memory.c.obj (.text:split)
                  2000df04    0000006e                           : _printfi.c.obj (.text:_mcpy)
                  2000df72    00000002     --HOLE-- [fill = 0]
                  2000df74    0000006c     simplelink.a : driver.obj (.text:_SlDrvCmdSend)
                  2000dfe0    0000006c                  : netapp.obj (.text:_sl_NetAppSendTokenValue)
                  2000e04c    00000068     rtsv7M4_T_le_eabi.lib : copy_decompress_lzss.c.obj (.text:decompress:lzss:__TI_decompress_lzss)
                  2000e0b4    00000064     simplelink.a : socket.obj (.text:_sl_HandleAsync_Accept)
                  2000e118    00000064                  : netapp.obj (.text:sl_NetAppMDNSUnRegisterService)
                  2000e17c    00000064     driverlib.a : udma.obj (.text:uDMAChannelAttributeDisable)
                  2000e1e0    00000064                 : udma.obj (.text:uDMAChannelAttributeEnable)
                  2000e244    00000060     simplelink.a : wlan.obj (.text:sl_WlanProfileDel)
                  2000e2a4    00000060                  : wlan.obj (.text:sl_WlanSetMode)
                  2000e304    0000005c     rtsv7M4_T_le_eabi.lib : s_frexp.c.obj (.text:frexp)
                  2000e360    00000058     driverlib.a : interrupt.obj (.text:IntPendClear)
                  2000e3b8    00000058                 : prcm.obj (.text:PRCMPeripheralReset)
                  2000e410    00000058     simplelink.a : netapp.obj (.text:sl_NetAppStart)
                  2000e468    00000058                  : netapp.obj (.text:sl_NetAppStop)
                  2000e4c0    00000056     rtsv7M4_T_le_eabi.lib : _printfi.c.obj (.text:_pconv_f)
                  2000e516    00000002     --HOLE-- [fill = 0]
                  2000e518    00000054     driverlib.a : interrupt.obj (.text:IntPrioritySet)
                  2000e56c    00000054     rtsv7M4_T_le_eabi.lib : _ltoa.c.obj (.text:__TI_ltoa)
                  2000e5c0    00000054     simplelink.a : socket.obj (.text:_sl_HandleAsync_Select)
                  2000e614    00000052     rtsv7M4_T_le_eabi.lib : _printfi.c.obj (.text:_ecpy)
                  2000e666    00000002     --HOLE-- [fill = 0]
                  2000e668    00000050     simplelink.a : driver.obj (.text:_SlDrvRxIrqHandler)
                  2000e6b8    00000050                  : device.obj (.text:_sl_HandleAsync_Stop)
                  2000e708    0000004c     driverlib.a : spi.obj (.text:SPIIntEnable)
                  2000e754    0000004c     simplelink.a : driver.obj (.text:_SlDrvProtectAsyncRespSetting)
                  2000e7a0    0000004c     rtsv7M4_T_le_eabi.lib : atoi.c.obj (.text:atoi)
                  2000e7ec    0000004c     driverlib.a : udma.obj (.text:uDMAChannelAssign)
                  2000e838    00000048                 : spi.obj (.text:SPIIntClear)
                  2000e880    00000048     simplelink.a : driver.obj (.text:_SlDrvBasicCmd)
                  2000e8c8    00000048     rtsv7M4_T_le_eabi.lib : fd_toi_t2.asm.obj (.text)
                  2000e910    00000044     driverlib.a : spi.obj (.text:SPIDmaMaskGet)
                  2000e954    00000044                 : timer.obj (.text:TimerConfigure)
                  2000e998    00000044     simplelink.a : driver.obj (.text:_SlDrvHandleHttpServerEvents)
                  2000e9dc    00000044     rtsv7M4_T_le_eabi.lib : autoinit.c.obj (.text:__TI_auto_init_nobinit_nopinit:__TI_auto_init_nobinit_nopinit)
                  2000ea20    00000044     simplelink.a : cc_pal.obj (.text:cc_SetupTransfer)
                  2000ea64    00000040     driverlib.a : pin.obj (.text:PinModeSet)
                  2000eaa4    00000040     simplelink.a : driver.obj (.text:_SlDrvHandleNetAppEvents)
                  2000eae4    00000040                  : driver.obj (.text:_SlDrvHandleWlanEvents)
                  2000eb24    00000040                  : driver.obj (.text:_SlDrvSyncObjWaitTimeout)
                  2000eb64    00000040     rtsv7M4_T_le_eabi.lib : vsnprintf.c.obj (.text:vsnprintf)
                  2000eba4    0000003e                           : _printfi.c.obj (.text:_fcpy)
                  2000ebe2    0000003c     simplelink.a : netapp.obj (.text:CopyPingResultsToReport)
                  2000ec1e    00000002     --HOLE-- [fill = 0]
                  2000ec20    0000003c     driverlib.a : prcm.obj (.text:PRCMPeripheralClkEnable)
                  2000ec5c    0000003c     simplelink.a : cc_pal.obj (.text:simplelink_timerA2_start)
                  2000ec98    0000003c     driverlib.a : udma.obj (.text:uDMAChannelControlSet)
                  2000ecd4    00000038     simplelink.a : cc_pal.obj (.text:NwpPowerOff)
                  2000ed0c    00000038     free_rtos.a : heap_3.obj (.text)
                  2000ed44    00000038     simplelink.a : wlan.obj (.text:sl_WlanDisconnect)
                  2000ed7c    00000036     driverlib.a : gpio.obj (.text:GPIODirModeSet)
                  2000edb2    00000002     --HOLE-- [fill = 0]
                  2000edb4    00000034     simplelink.a : cc_pal.obj (.text:NwpPowerOn)
                  2000ede8    00000034     driverlib.a : prcm.obj (.text:PRCMPeripheralStatusGet)
                  2000ee1c    00000034                 : spi.obj (.text:SPIFIFOLevelSet)
                  2000ee50    00000030                 : pin.obj (.text:PinTypeGPIO)
                  2000ee80    00000030                 : uart.obj (.text:UARTDisable)
                  2000eeb0    00000030     rtsv7M4_T_le_eabi.lib : vsnprintf.c.obj (.text:_outs)
                  2000eee0    00000030     simplelink.a : fs.obj (.text:_sl_Strlen)
                  2000ef10    0000002e     rtsv7M4_T_le_eabi.lib : i_tofd_t2.asm.obj (.text)
                  2000ef3e    00000002     --HOLE-- [fill = 0]
                  2000ef40    0000002c     simplelink.a : cc_pal.obj (.text:DmaSpiSwIntHandler)
                  2000ef6c    0000002c     driverlib.a : prcm.obj (.text:PRCMSysResetCauseGet)
                  2000ef98    0000002a                 : timer.obj (.text:TimerLoadSet)
                  2000efc2    0000002a                 : timer.obj (.text:TimerPrescaleSet)
                  2000efec    00000028                 : prcm.obj (.text:PRCMPeripheralClkDisable)
                  2000f014    00000028     simplelink.a : driver.obj (.text:_SlDrvObjGlobalLockWaitForever)
                  2000f03c    00000028                  : driver.obj (.text:_SlDrvProtectionObjLockWaitForever)
                  2000f064    00000028     rtsv7M4_T_le_eabi.lib : memory.c.obj (.text:free_list_insert)
                  2000f08c    00000028                           : memmov.c.obj (.text:memmove)
                  2000f0b4    00000026     simplelink.a : cc_pal.obj (.text:NwpRegisterInterruptHandler)
                  2000f0da    00000026     network_common.obj (.text)
                  2000f100    00000024     driverlib.a : interrupt.obj (.text:IntUnregister)
                  2000f124    00000024                 : uart.obj (.text:UARTEnable)
                  2000f148    00000024     simplelink.a : driver.obj (.text:_SlDrvGlobalObjUnLock)
                  2000f16c    00000024                  : driver.obj (.text:_SlDrvProtectionObjUnLock)
                  2000f190    00000024                  : driver.obj (.text:_SlDrvSyncObjWaitForever)
                  2000f1b4    00000024     rtsv7M4_T_le_eabi.lib : boot_cortex_m.c.obj (.text:_c_int00_noargs:_c_int00_noargs)
                  2000f1d8    00000024                           : memcmp.c.obj (.text:memcmp)
                  2000f1fc    00000022     driverlib.a : spi.obj (.text:SPIReset)
                  2000f21e    00000022                 : spi.obj (.text:SPIWordCountSet)
                  2000f240    00000020                 : gpio.obj (.text:GPIOPinWrite)
                  2000f260    00000020                 : interrupt.obj (.text:IntRegister)
                  2000f280    00000020     simplelink.a : cc_pal.obj (.text:NwpPrePowerOffTimout0)
                  2000f2a0    00000020                  : cc_pal.obj (.text:TimerGetCurrentTimestamp)
                  2000f2c0    0000001e     driverlib.a : timer.obj (.text:TimerEnable)
                  2000f2de    0000001e                 : uart.obj (.text:UARTCharPut)
                  2000f2fc    0000001e     simplelink.a : driver.obj (.text:_SlDrvSyncObjSignal)
                  2000f31a    0000001e                  : cc_pal.obj (.text:cc_UDMAChannelSelect)
                  2000f338    0000001c     driverlib.a : timer.obj (.text:TimerValueGet)
                  2000f354    0000001c                 : uart.obj (.text:UARTCharGetNonBlocking)
                  2000f370    0000001c     simplelink.a : driver.obj (.text:_SlDrvStartMeasureTimeout)
                  2000f38c    0000001c     rtsv7M4_T_le_eabi.lib : memory.c.obj (.text:free_list_remove)
                  2000f3a8    0000001c                           : memccpy.c.obj (.text:memccpy)
                  2000f3c4    0000001c     driverlib.a : udma.obj (.text:uDMAChannelEnable)
                  2000f3e0    0000001a                 : gpio.obj (.text:GPIOIntEnable)
                  2000f3fa    0000001a                 : pin.obj (.text:PinTypeUART)
                  2000f414    0000001a                 : spi.obj (.text:SPIDmaDisable)
                  2000f42e    0000001a                 : spi.obj (.text:SPIDmaEnable)
                  2000f448    0000001a                 : spi.obj (.text:SPIFIFODisable)
                  2000f462    0000001a                 : spi.obj (.text:SPIFIFOEnable)
                  2000f47c    00000018                 : gpio.obj (.text:GPIOPinRead)
                  2000f494    00000018                 : spi.obj (.text:SPICSDisable)
                  2000f4ac    00000018                 : spi.obj (.text:SPICSEnable)
                  2000f4c4    00000018                 : spi.obj (.text:SPIDisable)
                  2000f4dc    00000018                 : spi.obj (.text:SPIEnable)
                  2000f4f4    00000018                 : uart.obj (.text:UARTCharsAvail)
                  2000f50c    00000018     rtsv7M4_T_le_eabi.lib : vsnprintf.c.obj (.text:_outc)
                  2000f524    00000018     simplelink.a : device.obj (.text:_sl_GetStartResponseConvert)
                  2000f53c    00000018     app_freertos_handler.obj (.text)
                  2000f554    00000016     driverlib.a : prcm.obj (.text:PRCMHIBRegRead)
                  2000f56a    00000016                 : prcm.obj (.text:PRCMHIBRegWrite)
                  2000f580    00000016     simplelink.a : driver.obj (.text:_SlDrvMemZero)
                  2000f596    00000016     rtsv7M4_T_le_eabi.lib : strchr.c.obj (.text:strchr)
                  2000f5ac    00000014     driverlib.a : cpu.obj (.text:CPUcpsie)
                  2000f5c0    00000014                 : gpio.obj (.text:GPIOIntClear)
                  2000f5d4    00000014                 : interrupt.obj (.text:IntVTableBaseSet)
                  2000f5e8    00000014     rtsv7M4_T_le_eabi.lib : strcpy.c.obj (.text:strcpy)
                  2000f5fc    00000014                           : strlen.c.obj (.text:strlen)
                  2000f610    00000012                           : wcslen.c.obj (.text:wcslen)
                  2000f622    00000010     simplelink.a : driver.obj (.text:_SlDrvDispatchHttpServerEvents)
                  2000f632    0000000e                  : driver.obj (.text:_SlDrvResetCmdExt)
                  2000f640    0000000e     rtsv7M4_T_le_eabi.lib : copy_decompress_none.c.obj (.text:decompress:none:__TI_decompress_none)
                  2000f64e    0000000e     startup_ccs.obj (.text)
                  2000f65c    0000000c     simplelink.a : cc_pal.obj (.text:NwpMaskInterrupt)
                  2000f668    0000000c                  : cc_pal.obj (.text:NwpUnMaskInterrupt)
                  2000f674    0000000c     rtsv7M4_T_le_eabi.lib : s_copysign.c.obj (.text:copysign)
                  2000f680    0000000c                           : copy_zero_init.c.obj (.text:decompress:ZI:__TI_zero_init)
                  2000f68c    0000000a     driverlib.a : interrupt.obj (.text:IntMasterEnable)
                  2000f696    00000002     --HOLE-- [fill = 0]
                  2000f698    00000008     rtsv7M4_T_le_eabi.lib : errno.c.obj (.text:__aeabi_errno_addr)
                  2000f6a0    00000008                           : memory.c.obj (.text:malloc)
                  2000f6a8    00000006     driverlib.a : utils.obj (.text:UtilsDelay)
                  2000f6ae    00000004     rtsv7M4_T_le_eabi.lib : pre_init.c.obj (.text:_system_pre_init)
                  2000f6b2    00000004                           : exit.c.obj (.text:abort:abort)

.const     0    2000f6b8    000005f8     
                  2000f6b8    00000101     rtsv7M4_T_le_eabi.lib : ctype.c.obj (.const:.string:_ctypes_)
                  2000f7b9    00000003     --HOLE-- [fill = 0]
                  2000f7bc    00000100     driverlib.a : pin.obj (.const:g_ulPinToPadMap)
                  2000f8bc    000000d4                 : interrupt.obj (.const:g_pulRegs)
                  2000f990    000000a8                 : prcm.obj (.const:PRCM_PeriphRegsList)
                  2000fa38    0000003c     simplelink.a : driver.obj (.const:OpcodeTranslateTable)
                  2000fa74    00000038                  : driver.obj (.const:_SlActionLookupTable)
                  2000faac    0000002c     app_simplelink_config.obj (.const:$P$T1$2)
                  2000fad8    00000022     app_simplelink_config.obj (.const:.string:$P$T0$1)
                  2000fafa    00000002     --HOLE-- [fill = 0]
                  2000fafc    00000020     simplelink.a : driver.obj (.const:RxMsgClassLUT)
                  2000fb1c    00000018     driverlib.a : interrupt.obj (.const:g_pulDisRegs)
                  2000fb34    00000018                 : interrupt.obj (.const:g_pulEnRegs)
                  2000fb4c    00000018                 : interrupt.obj (.const:g_pulUnpendRegs)
                  2000fb64    00000018                 : spi.obj (.const:g_ulSPIDmaMaskMap)
                  2000fb7c    00000016     app_storage.obj (.const:.string:$P$T0$1)
                  2000fb92    00000002     --HOLE-- [fill = 0]
                  2000fb94    00000014     simplelink.a : driver.obj (.const:$P$T0$1)
                  2000fba8    00000014     app_simplelink_config.obj (.const:$P$T2$3)
                  2000fbbc    00000011     app_p2p.obj (.const:.string:$P$T2$3)
                  2000fbcd    00000011     app_storage.obj (.const:.string:$P$T2$3)
                  2000fbde    00000011     app_p2p.obj (.const:.string:$P$T3$4)
                  2000fbef    00000001     --HOLE-- [fill = 0]
                  2000fbf0    00000010     app_simplelink_config.obj (.const:$P$T4$5)
                  2000fc00    0000000f     app_http_server.obj (.const:.string:$P$T0$1)
                  2000fc0f    0000000f     app_storage.obj (.const:.string:$P$T1$2)
                  2000fc1e    00000002     --HOLE-- [fill = 0]
                  2000fc20    0000000c     app_p2p.obj (.const:$P$T1$2)
                  2000fc2c    0000000c     app_p2p.obj (.const:.string:$P$T0$1)
                  2000fc38    0000000a     app_simplelink_config.obj (.const:.string:$P$T3$4)
                  2000fc42    00000008     simplelink.a : device.obj (.const:StartResponseLUT)
                  2000fc4a    00000002     --HOLE-- [fill = 0]
                  2000fc4c    00000008                  : driver.obj (.const:g_H2NCnysPattern)
                  2000fc54    00000008                  : driver.obj (.const:g_H2NSyncPattern)
                  2000fc5c    00000005     main.obj (.const:.string:$P$T0$1)
                  2000fc61    00000001     --HOLE-- [fill = 0]
                  2000fc62    00000004     simplelink.a : wlan.obj (.const:$P$T0$1)
                  2000fc66    00000004                  : device.obj (.const:_SlDeviceGetCmdCtrl)
                  2000fc6a    00000004                  : fs.obj (.const:_SlFsCloseCmdCtrl)
                  2000fc6e    00000004                  : netapp.obj (.const:_SlNetAppSendTokenValueCmdCtrl)
                  2000fc72    00000004                  : netapp.obj (.const:_SlNetAppSetCmdCtrl)
                  2000fc76    00000004                  : netapp.obj (.const:_SlNetAppStartCtrl)
                  2000fc7a    00000004                  : netapp.obj (.const:_SlNetAppStopCtrl)
                  2000fc7e    00000004                  : netcfg.obj (.const:_SlNetCfgGetCmdCtrl)
                  2000fc82    00000004                  : netcfg.obj (.const:_SlNetCfgSetCmdCtrl)
                  2000fc86    00000004                  : wlan.obj (.const:_SlPolicySetCmdCtrl)
                  2000fc8a    00000004                  : wlan.obj (.const:_SlProfileDelCmdCtrl)
                  2000fc8e    00000004                  : netapp.obj (.const:_SlRegisterServiceCtrl)
                  2000fc92    00000004                  : wlan.obj (.const:_SlRxFilterSetCmdCtrl)
                  2000fc96    00000004                  : device.obj (.const:_SlStopCmdCtrl)
                  2000fc9a    00000004                  : wlan.obj (.const:_SlWlanCfgSetCmdCtrl)
                  2000fc9e    00000004                  : wlan.obj (.const:_SlWlanSetModeCmdCtrl)
                  2000fca2    00000002     --HOLE-- [fill = 0]
                  2000fca4    00000004     free_rtos.a : port.obj (.const)
                  2000fca8    00000004     simplelink.a : driver.obj (.const:httpServer_callbacks)
                  2000fcac    00000004                  : driver.obj (.const:netApp_callbacks)

.cinit     0    2000fcb0    00000060     
                  2000fcb0    0000003c     (.cinit..data.load) [load image, compression = lzss]
                  2000fcec    0000000c     (__TI_handler_table)
                  2000fcf8    00000008     (.cinit..bss.load) [load image, compression = zero_init]
                  2000fd00    00000010     (__TI_cinit_table)

.sysmem    0    20017000    00008000     UNINITIALIZED
                  20017000    00000010     rtsv7M4_T_le_eabi.lib : memory.c.obj (.sysmem)
                  20017010    00007ff0     --HOLE--

.bss       0    2001f000    000006f1     UNINITIALIZED
                  2001f000    00000200     app_storage.obj (.bss:staticPushFile)
                  2001f200    00000178     simplelink.a : driver.obj (.bss:g_StatMem)
                  2001f378    00000114     (.common:pushMsg)
                  2001f48c    000000c8     free_rtos.a : tasks.obj (.bss:pxReadyTasksLists)
                  2001f554    00000050     (.common:g_ucDinDout)
                  2001f5a4    00000050     (.common:xQueueRegistry)
                  2001f5f4    00000024     (.common:g_p2p_dev)
                  2001f618    00000024     (.common:g_ucConnectionSSID)
                  2001f63c    00000020     (.common:pushFile)
                  2001f65c    00000014                 : tasks.obj (.bss:xDelayedTaskList1)
                  2001f670    00000014                 : tasks.obj (.bss:xDelayedTaskList2)
                  2001f684    00000014                 : tasks.obj (.bss:xPendingReadyList)
                  2001f698    00000014                 : tasks.obj (.bss:xSuspendedTaskList)
                  2001f6ac    00000014                 : tasks.obj (.bss:xTasksWaitingTermination)
                  2001f6c0    00000008                 : tasks.obj (.bss)
                  2001f6c8    00000008     (.common:g_ucConnectionBSSID)
                  2001f6d0    00000004     uart_if.obj (.bss)
                  2001f6d4    00000004     (.common:DMAMsgQ)
                  2001f6d8    00000004     (.common:g_cDummy)
                  2001f6dc    00000004     (.common:httpKickStarter)
                  2001f6e0    00000004     (.common:p2pKickStarter)
                  2001f6e4    00000004     (.common:pushLock)
                  2001f6e8    00000004     (.common:pushSync)
                  2001f6ec    00000001     (.common:RxIrqCnt)
                  2001f6ed    00000001     (.common:g_bDeviceRestartIsRequired)
                  2001f6ee    00000001     (.common:g_ucLED1Pin)
                  2001f6ef    00000001     (.common:g_ucLED2Pin)
                  2001f6f0    00000001     (.common:g_ucLED3Pin)

.data      0    2001f6f4    000000bc     UNINITIALIZED
                  2001f6f4    00000034     free_rtos.a : tasks.obj (.data)
                  2001f728    00000021     main.obj (.data)
                  2001f749    00000003     --HOLE--
                  2001f74c    00000014     gpio_if.obj (.data:ulReg)
                  2001f760    0000000d     simplelink.a : driver.obj (.data)
                  2001f76d    00000003     --HOLE--
                  2001f770    0000000c     free_rtos.a : osi_freertos.obj (.data)
                  2001f77c    0000000c     gpio_if.obj (.data)
                  2001f788    00000009     simplelink.a : cc_pal.obj (.data)
                  2001f791    00000003     --HOLE--
                  2001f794    00000008     rtsv7M4_T_le_eabi.lib : _lock.c.obj (.data:$O1$$)
                  2001f79c    00000008                           : memory.c.obj (.data:$O1$$)
                  2001f7a4    00000004     free_rtos.a : port.obj (.data)
                  2001f7a8    00000004     rtsv7M4_T_le_eabi.lib : errno.c.obj (.data)
                  2001f7ac    00000004     simplelink.a : driver.obj (.data:wlan_callbacks)

.stack     0    2002f800    00000800     UNINITIALIZED
                  2002f800    00000004     rtsv7M4_T_le_eabi.lib : boot_cortex_m.c.obj (.stack)
                  2002f804    000007fc     --HOLE--

__llvm_prf_cnts 
*          0    20017000    00000000     UNINITIALIZED

MODULE SUMMARY

       Module                        code    ro data   rw data
       ------                        ----    -------   -------
    .\
       app_storage.obj               940     54        516    
       app_simplelink_config.obj     1328    124       0      
       app_p2p.obj                   1320    58        4      
       app_simpleLink_handlers.obj   1052    0         0      
       startup_ccs.obj               14      1024      0      
       main.obj                      600     5         425    
       gpio_if.obj                   912     0         35     
       app_http_server.obj           784     15        4      
       uart_if.obj                   652     0         4      
       pinmux.obj                    132     0         0      
       network_common.obj            38      0         0      
       app_freertos_handler.obj      24      0         0      
    +--+-----------------------------+-------+---------+---------+
       Total:                        7796    1280      988    
                                                              
    C:/ti/CC3200SDK_1.5.0/cc3200-sdk/driverlib/ccs/Release/driverlib.a
       prcm.obj                      852     168       0      
       interrupt.obj                 608     284       0      
       spi.obj                       696     24        0      
       udma.obj                      604     0         0      
       pin.obj                       274     256       0      
       gpio.obj                      286     0         0      
       uart.obj                      284     0         0      
       timer.obj                     210     0         0      
       cpu.obj                       20      0         0      
       utils.obj                     6       0         0      
    +--+-----------------------------+-------+---------+---------+
       Total:                        3840    732       0      
                                                              
    C:/ti/CC3200SDK_1.5.0/cc3200-sdk/oslib/ccs/free_rtos/free_rtos.a
       tasks.obj                     6280    0         360    
       queue.obj                     3528    0         80     
       osi_freertos.obj              1124    0         12     
       list.obj                      298     0         0      
       port.obj                      284     4         4      
       portasm.obj                   186     0         0      
       heap_3.obj                    56      0         0      
    +--+-----------------------------+-------+---------+---------+
       Total:                        11756   4         456    
                                                              
    C:/ti/CC3200SDK_1.5.0/cc3200-sdk/simplelink/ccs/OS_debug/simplelink.a
       driver.obj                    6926    192       395    
       cc_pal.obj                    1920    0         97     
       netapp.obj                    1576    20        0      
       wlan.obj                      1316    24        0      
       device.obj                    1082    16        0      
       netcfg.obj                    368     8         0      
       socket.obj                    312     0         0      
       fs.obj                        228     4         0      
    +--+-----------------------------+-------+---------+---------+
       Total:                        13728   264       492    
                                                              
    C:\ti\ccs930\ccs\tools\compiler\ti-cgt-arm_20.2.0.LTS\lib\rtsv7M4_T_le_eabi.lib
       _printfi.c.obj                4835    0         0      
       memory.c.obj                  908     0         8      
       fd_add_t2.asm.obj             438     0         0      
       fd_div_t2.asm.obj             310     0         0      
       fd_cmp_t2.asm.obj             268     0         0      
       ctype.c.obj                   0       257       0      
       fd_mul_t2.asm.obj             252     0         0      
       s_scalbn.c.obj                208     0         0      
       memcpy_t2.asm.obj             156     0         0      
       ull_div_t2.asm.obj            150     0         0      
       vsnprintf.c.obj               136     0         0      
       memset_t2.asm.obj             122     0         0      
       copy_decompress_lzss.c.obj    104     0         0      
       s_frexp.c.obj                 92      0         0      
       _ltoa.c.obj                   84      0         0      
       atoi.c.obj                    76      0         0      
       fd_toi_t2.asm.obj             72      0         0      
       autoinit.c.obj                68      0         0      
       i_tofd_t2.asm.obj             46      0         0      
       memmov.c.obj                  40      0         0      
       boot_cortex_m.c.obj           36      0         0      
       memcmp.c.obj                  36      0         0      
       memccpy.c.obj                 28      0         0      
       strchr.c.obj                  22      0         0      
       strcpy.c.obj                  20      0         0      
       strlen.c.obj                  20      0         0      
       wcslen.c.obj                  18      0         0      
       copy_decompress_none.c.obj    14      0         0      
       copy_zero_init.c.obj          12      0         0      
       errno.c.obj                   8       0         4      
       s_copysign.c.obj              12      0         0      
       _lock.c.obj                   2       0         8      
       exit.c.obj                    4       0         0      
       pre_init.c.obj                4       0         0      
       div0.asm.obj                  2       0         0      
    +--+-----------------------------+-------+---------+---------+
       Total:                        8603    257       20     
                                                              
       Heap:                         0       0         32768  
       Stack:                        0       0         2048   
       Linker Generated:             0       96        0      
    +--+-----------------------------+-------+---------+---------+
       Grand Total:                  45723   2633      36772  


LINKER GENERATED COPY TABLES

__TI_cinit_table @ 2000fd00 records: 2, size/record: 8, table size: 16
	.data: load addr=2000fcb0, load size=0000003c bytes, run addr=2001f6f4, run size=000000bc bytes, compression=lzss
	.bss: load addr=2000fcf8, load size=00000008 bytes, run addr=2001f000, run size=000006f1 bytes, compression=zero_init


LINKER GENERATED HANDLER TABLE

__TI_handler_table @ 2000fcec records: 3, size/record: 4, table size: 12
	index: 0, handler: __TI_decompress_lzss
	index: 1, handler: __TI_decompress_none
	index: 2, handler: __TI_zero_init


GLOBAL SYMBOLS: SORTED ALPHABETICALLY BY Name 

address   name                                  
-------   ----                                  
20007a57  BoardInit                             
2000f6b3  C$$EXIT                               
2000f5ad  CPUcpsie                              
20009795  ClearTerm                             
20007aed  ConfigureSimpleLinkToDefaultState     
2001f6d4  DMAMsgQ                               
20007a31  DisplayBanner                         
20007e4d  DisplayIP                             
2000ef41  DmaSpiSwIntHandler                    
2000979f  Error                                 
2000ed7d  GPIODirModeSet                        
2000f5c1  GPIOIntClear                          
2000f3e1  GPIOIntEnable                         
2000db25  GPIOIntTypeSet                        
2000f47d  GPIOPinRead                           
2000f241  GPIOPinWrite                          
20009375  GPIO_IF_ConfigureNIntEnable           
200093f1  GPIO_IF_Get                           
2000932f  GPIO_IF_GetPortNPin                   
200090f1  GPIO_IF_LedConfigure                  
200091e3  GPIO_IF_LedOff                        
2000912f  GPIO_IF_LedOn                         
20009297  GPIO_IF_LedStatus                     
20009301  GPIO_IF_LedToggle                     
200093b7  GPIO_IF_Set                           
200097d7  GetCmd                                
20009445  HTTPServerTask                        
20009755  InitTerm                              
20007a6f  InitializeAppVariables                
2000ccdd  IntDisable                            
2000cd85  IntEnable                             
2000f68d  IntMasterEnable                       
2000e361  IntPendClear                          
2000e519  IntPrioritySet                        
2000f261  IntRegister                           
2000f101  IntUnregister                         
2000f5d5  IntVTableBaseSet                      
20009773  Message                               
2000f65d  NwpMaskInterrupt                      
2000ecd5  NwpPowerOff                           
2000edb5  NwpPowerOn                            
2000d999  NwpPowerOnPreamble                    
2000f281  NwpPrePowerOffTimout0                 
2000f0b5  NwpRegisterInterruptHandler           
2000f669  NwpUnMaskInterrupt                    
2000fa38  OpcodeTranslateTable                  
200082c9  P2PConfiguration                      
20007f61  P2PManagerTask                        
2000ad79  PRCMCC3200MCUInit                     
2000f555  PRCMHIBRegRead                        
2000f56b  PRCMHIBRegWrite                       
2000efed  PRCMPeripheralClkDisable              
2000ec21  PRCMPeripheralClkEnable               
2000d305  PRCMPeripheralClockGet                
2000e3b9  PRCMPeripheralReset                   
2000ede9  PRCMPeripheralStatusGet               
2000ef6d  PRCMSysResetCauseGet                  
2000d805  PinConfigSet                          
2000ea65  PinModeSet                            
2000da1d  PinMuxConfig                          
2000ee51  PinTypeGPIO                           
2000f3fb  PinTypeUART                           
20007deb  ReadDeviceConfiguration               
20009925  Report                                
2000f64f  ResetISR                              
2001f6ec  RxIrqCnt                              
2000f495  SPICSDisable                          
2000f4ad  SPICSEnable                           
2000ce2d  SPIConfigSetExpClk                    
2000f4c5  SPIDisable                            
2000f415  SPIDmaDisable                         
2000f42f  SPIDmaEnable                          
2000f4dd  SPIEnable                             
2000f449  SPIFIFODisable                        
2000f463  SPIFIFOEnable                         
2000ee1d  SPIFIFOLevelSet                       
2000e839  SPIIntClear                           
2000e709  SPIIntEnable                          
2000f1fd  SPIReset                              
2000f21f  SPIWordCountSet                       
20008b49  SimpleLinkGeneralEventHandler         
200094a5  SimpleLinkHttpServerCallback          
20008ad5  SimpleLinkNetAppEventHandler          
20008b63  SimpleLinkSockEventHandler            
200088ed  SimpleLinkWlanEventHandler            
20008095  StartDeviceInP2P                      
2000e955  TimerConfigure                        
2000f2c1  TimerEnable                           
2000f2a1  TimerGetCurrentTimestamp              
2000ef99  TimerLoadSet                          
2000efc3  TimerPrescaleSet                      
2000f339  TimerValueGet                         
2000988d  TrimSpace                             
2000f355  UARTCharGetNonBlocking                
2000f2df  UARTCharPut                           
2000f4f5  UARTCharsAvail                        
2000de1d  UARTConfigSetExpClk                   
2000ee81  UARTDisable                           
2000f125  UARTEnable                            
2000f6a9  UtilsDelay                            
20008745  VDeleteSimpleLinkSpawnTask            
20008703  VStartSimpleLinkSpawnTask             
20007fe3  WlanConnect                           
2000fa74  _SlActionLookupTable                  
2000cecd  _SlDriverHandleError                  
2000e881  _SlDrvBasicCmd                        
2000c9f9  _SlDrvCmdOp                           
2000df75  _SlDrvCmdSend                         
2000d009  _SlDrvDeviceEventHandler              
2000f623  _SlDrvDispatchHttpServerEvents        
2000b689  _SlDrvDriverCBDeinit                  
2000aa59  _SlDrvDriverCBInit                    
2000f149  _SlDrvGlobalObjUnLock                 
2000e999  _SlDrvHandleHttpServerEvents          
2000eaa5  _SlDrvHandleNetAppEvents              
2000eae5  _SlDrvHandleWlanEvents                
2000d661  _SlDrvIsTimeoutExpired                
2000f581  _SlDrvMemZero                         
2000c0a9  _SlDrvMsgReadSpawnCtx                 
2000baf1  _SlDrvNetAppEventHandler              
2000e755  _SlDrvProtectAsyncRespSetting         
2000f03d  _SlDrvProtectionObjLockWaitForever    
2000f16d  _SlDrvProtectionObjUnLock             
2000a369  _SlDrvReleasePoolObj                  
2000f633  _SlDrvResetCmdExt                     
2000e669  _SlDrvRxIrqHandler                    
2000f371  _SlDrvStartMeasureTimeout             
2000f2fd  _SlDrvSyncObjSignal                   
2000f191  _SlDrvSyncObjWaitForever              
2000eb25  _SlDrvSyncObjWaitTimeout              
2000abe9  _SlDrvWaitForPoolObj                  
2000fc6e  _SlNetAppSendTokenValueCmdCtrl        
20030000  __STACK_END                           
00000800  __STACK_SIZE                          
00008000  __SYSMEM_SIZE                         
2000fd00  __TI_CINIT_Base                       
2000fd10  __TI_CINIT_Limit                      
2000fcec  __TI_Handler_Table_Base               
2000fcf8  __TI_Handler_Table_Limit              
2000e9dd  __TI_auto_init_nobinit_nopinit        
2000e04d  __TI_decompress_lzss                  
2000f641  __TI_decompress_none                  
2000e56d  __TI_ltoa                             
ffffffff  __TI_pprof_out_hndl                   
20006a51  __TI_printfi                          
ffffffff  __TI_prof_data_size                   
ffffffff  __TI_prof_data_start                  
2000fcb0  __TI_static_base__                    
2000f681  __TI_zero_init                        
2000d88d  __aeabi_cdcmpeq                       
2000d88d  __aeabi_cdcmple                       
2000d913  __aeabi_cdrcmple                      
2000e8c9  __aeabi_d2iz                          
2000a70f  __aeabi_dadd                          
2000b429  __aeabi_ddiv                          
2000bbf5  __aeabi_dmul                          
2000a705  __aeabi_dsub                          
2000f699  __aeabi_errno_addr                    
2000ef11  __aeabi_i2d                           
2000cb73  __aeabi_idiv0                         
2000cb73  __aeabi_ldiv0                         
2000dd29  __aeabi_memclr                        
2000dd29  __aeabi_memclr4                       
2000dd29  __aeabi_memclr8                       
2000cf6d  __aeabi_memcpy                        
2000cf6d  __aeabi_memcpy4                       
2000cf6d  __aeabi_memcpy8                       
2000dd2b  __aeabi_memset                        
2000dd2b  __aeabi_memset4                       
2000dd2b  __aeabi_memset8                       
2000d26d  __aeabi_uldivmod                      
ffffffff  __binit__                             
ffffffff  __c_args__                            
UNDEFED   __mpu_init                            
2002f800  __stack                               
20017000  __start___llvm_prf_cnts               
20017000  __stop___llvm_prf_cnts                
2000f1b5  _c_int00_noargs                       
2000f6b8  _ctypes_                              
2001f794  _lock                                 
2000a8bb  _nop                                  
2000e0b5  _sl_HandleAsync_Accept                
2000dba9  _sl_HandleAsync_Connect               
2000d399  _sl_HandleAsync_DnsGetHostByName      
2000c79d  _sl_HandleAsync_DnsGetHostByService   
2000d6ed  _sl_HandleAsync_InitComplete          
2000d429  _sl_HandleAsync_PingResponse          
2000e5c1  _sl_HandleAsync_Select                
2000e6b9  _sl_HandleAsync_Stop                  
2000dfe1  _sl_NetAppSendTokenValue              
20017000  _sys_memory                           
UNDEFED   _system_post_cinit                    
2000f6af  _system_pre_init                      
2001f798  _unlock                               
2000f6b3  abort                                 
2000b9e9  aligned_alloc                         
20008ffb  appCloseFile                          
20008ea9  appCreateFile                         
20008ecf  appOpenFile                           
20008f59  appReadFromeFile                      
20008ef1  appWriteToFile                        
2000e7a1  atoi                                  
ffffffff  binit                                 
2000f675  copysign                              
2000f675  copysignl                             
20004775  eTaskGetState                         
2001f7a8  errno                                 
2000c191  free                                  
2000e305  frexp                                 
2000e305  frexpl                                
2001f760  g_SlDeviceStatus                      
2001f788  g_SpiFd                               
2001f6ed  g_bDeviceRestartIsRequired            
2001f6d8  g_cDummy                              
2001f734  g_iSimplelinkRole                     
2001f5f4  g_p2p_dev                             
2001f764  g_pCB                                 
2001f78c  g_pHostIntHdl                         
20004000  g_pfnVectors                          
2001f748  g_ucConnectTimeout                    
2001f6c8  g_ucConnectionBSSID                   
2001f618  g_ucConnectionSSID                    
2001f790  g_ucDMAEnabled                        
2001f554  g_ucDinDout                           
2001f6ee  g_ucLED1Pin                           
2001f6ef  g_ucLED2Pin                           
2001f6f0  g_ucLED3Pin                           
2001f744  g_uiDeviceModeConfig                  
2001f77c  g_uiLED1Port                          
2001f780  g_uiLED2Port                          
2001f784  g_uiLED3Port                          
2001f740  g_uiSimplelinkRole                    
2001f738  g_ulDeviceIp                          
2001f730  g_ulGatewayIP                         
2001f72c  g_ulPingPacketsRecv                   
2001f728  g_ulStatus                            
2001f73c  g_usMCNetworkUstate                   
2001f6dc  httpKickStarter                       
2000c6cd  ldexp                                 
2000c6cd  ldexpl                                
20009ec9  main                                  
2000f6a1  malloc                                
20008859  mem_Free                              
2000884d  mem_Malloc                            
20008879  mem_copy                              
20008865  mem_set                               
2000b9e9  memalign                              
2000f3a9  memccpy                               
2000f1d9  memcmp                                
2000cf6d  memcpy                                
2000f08d  memmove                               
2000dd31  memset                                
200088cf  osi_ContextRestore                    
200088cd  osi_ContextSave                       
2000888d  osi_EnterCritical                     
20008897  osi_ExitCritical                      
200084af  osi_InterruptDeRegister               
20008489  osi_InterruptRegister                 
200085bd  osi_LockObjCreate                     
20008629  osi_LockObjDelete                     
20008639  osi_LockObjLock                       
20008661  osi_LockObjUnlock                     
20008771  osi_MsgQCreate                        
200087b5  osi_MsgQDelete                        
20008813  osi_MsgQRead                          
200087d5  osi_MsgQWrite                         
200088a9  osi_Sleep                             
2000868b  osi_Spawn                             
2000859b  osi_SyncObjClear                      
200084c1  osi_SyncObjCreate                     
200084f1  osi_SyncObjDelete                     
2000850b  osi_SyncObjSignal                     
20008533  osi_SyncObjSignalFromISR              
20008573  osi_SyncObjWait                       
200085e3  osi_TaskCreate                        
2000861b  osi_TaskDelete                        
200088b9  osi_TaskDisable                       
200088c3  osi_TaskEnable                        
200088a1  osi_start                             
2001f6e0  p2pKickStarter                        
2001f768  pPingCallBackFunc                     
2000689f  pcQueueGetName                        
20004d43  pcTaskGetName                         
2001f63c  pushFile                              
2001f6e4  pushLock                              
2001f378  pushMsg                               
2001f6e8  pushSync                              
2000ed0d  pvPortMalloc                          
200057a7  pvTaskIncrementMutexHeldCount         
2001f6f4  pxCurrentTCB                          
2000b8cd  pxPortInitialiseStack                 
2000c275  realloc                               
2000c6cd  scalbn                                
2000c6cd  scalbnl                               
2000ec5d  simplelink_timerA2_start              
2000c869  sl_DevGet                             
2000cb75  sl_FsClose                            
2000c359  sl_NetAppMDNSRegisterUnregisterService
2000e119  sl_NetAppMDNSUnRegisterService        
2000d0a5  sl_NetAppSet                          
2000e411  sl_NetAppStart                        
2000e469  sl_NetAppStop                         
2000c5f5  sl_NetCfgGet                          
2000d13d  sl_NetCfgSet                          
2000f0db  sl_Provisioning_HttpServerEventHdl    
2000f0e9  sl_Provisioning_NetAppEventHdl        
2000f0f5  sl_Provisioning_WlanEventHdl          
2000bcf1  sl_Start                              
2000bde1  sl_Stop                               
200099e1  sl_WlanConnect                        
2000ed45  sl_WlanDisconnect                     
2000d4b9  sl_WlanPolicySet                      
2000e245  sl_WlanProfileDel                     
2000daa1  sl_WlanRxFilterSet                    
2000d1d5  sl_WlanSet                            
2000e2a5  sl_WlanSetMode                        
2000dda5  spi_Close                             
2000b061  spi_Open                              
2000c519  spi_Read                              
2000d779  spi_Write                             
20008d09  storageControllerTask                 
2000f597  strchr                                
2000f5e9  strcpy                                
2000f5fd  strlen                                
2000e7ed  uDMAChannelAssign                     
2000e17d  uDMAChannelAttributeDisable           
2000e1e1  uDMAChannelAttributeEnable            
2000ec99  uDMAChannelControlSet                 
2000f3c5  uDMAChannelEnable                     
2000bed1  uDMAChannelTransferSet                
200065e5  ucQueueGetQueueType                   
2000fca4  ulMaxSyscallInterruptPriority         
2000cac9  ulPortGetIPSR                         
200057c5  ulTaskNotifyTake                      
2000b641  uxListRemove                          
200065c5  uxQueueGetQueueNumber                 
20006567  uxQueueMessagesWaiting                
2000659d  uxQueueMessagesWaitingFromISR         
2000657d  uxQueueSpacesAvailable                
20004d3d  uxTaskGetNumberOfTasks                
20004d69  uxTaskGetSystemState                  
20005219  uxTaskGetTaskNumber                   
20004809  uxTaskPriorityGet                     
20004839  uxTaskPriorityGetFromISR              
20005785  uxTaskResetEventItemValue             
2000f547  vApplicationIdleHook                  
2000f549  vApplicationMallocFailedHook          
2000f54b  vApplicationStackOverflowHook         
2000f53d  vAssertCalled                         
2000b55f  vListInitialise                       
2000b58f  vListInitialiseItem                   
2000b5db  vListInsert                           
2000b59f  vListInsertEnd                        
2000b951  vPortEndScheduler                     
2000b953  vPortEnterCritical                    
2000b973  vPortExitCritical                     
2000ed2d  vPortFree                             
2000cb2d  vPortSVCHandler                       
2000b9af  vPortSetupTimerInterrupt              
2000cb51  vPortStartFirstTask                   
2000685d  vQueueAddToRegistry                   
200065af  vQueueDelete                          
200065d3  vQueueSetQueueNumber                  
200068df  vQueueUnregisterQueue                 
20004739  vTaskDelay                            
200046a9  vTaskDelayUntil                       
200045fb  vTaskDelete                           
20004bff  vTaskEndScheduler                     
200052f9  vTaskGetInfo                          
20005161  vTaskInternalSetTimeOutState          
20005207  vTaskMissedYield                      
20005ae1  vTaskNotifyGiveFromISR                
20005005  vTaskPlaceOnEventList                 
20005021  vTaskPlaceOnUnorderedEventList        
200056ad  vTaskPriorityDisinheritAfterTimeout   
20004885  vTaskPrioritySet                      
200050d9  vTaskRemoveFromUnorderedEventList     
20004aad  vTaskResume                           
20005239  vTaskSetTaskNumber                    
2000513b  vTaskSetTimeOutState                  
20004bb5  vTaskStartScheduler                   
2000499d  vTaskSuspend                          
20004c21  vTaskSuspendAll                       
20004f89  vTaskSwitchContext                    
2000eb65  vsnprintf                             
2000f611  wcslen                                
2001f770  xHigherPriorityTaskWoken              
2000cae1  xPortPendSVHandler                    
2000b929  xPortStartScheduler                   
2000b989  xPortSysTickHandler                   
20006937  xQueueAddToSet                        
20005e13  xQueueCreateCountingSemaphore         
20005de7  xQueueCreateMutex                     
20006923  xQueueCreateSet                       
20005d27  xQueueGenericCreate                   
20005c89  xQueueGenericReset                    
20005e33  xQueueGenericSend                     
20005f85  xQueueGenericSendFromISR              
2000603b  xQueueGiveFromISR                     
200067f9  xQueueIsQueueEmptyFromISR             
2000683b  xQueueIsQueueFullFromISR              
2000635b  xQueuePeek                            
20006515  xQueuePeekFromISR                     
200060e9  xQueueReceive                         
2000647d  xQueueReceiveFromISR                  
2001f5a4  xQueueRegistry                        
2000696b  xQueueRemoveFromSet                   
200069ad  xQueueSelectFromSet                   
200069c5  xQueueSelectFromSetFromISR            
20006201  xQueueSemaphoreTake                   
2001f774  xSimpleLinkSpawnQueue                 
2001f778  xSimpleLinkSpawnTaskHndl              
20005189  xTaskCheckForTimeOut                  
20004401  xTaskCreate                           
200058e7  xTaskGenericNotify                    
200059d1  xTaskGenericNotifyFromISR             
200054cb  xTaskGetCurrentTaskHandle             
20004e3b  xTaskGetIdleTaskHandle                
200054db  xTaskGetSchedulerState                
20004d15  xTaskGetTickCount                     
20004d29  xTaskGetTickCountFromISR              
20004e61  xTaskIncrementTick                    
20005b8f  xTaskNotifyStateClear                 
20005845  xTaskNotifyWait                       
20005609  xTaskPriorityDisinherit               
20005529  xTaskPriorityInherit                  
2000505d  xTaskRemoveFromEventList              
20004c31  xTaskResumeAll                        
20004b27  xTaskResumeFromISR                    


GLOBAL SYMBOLS: SORTED BY Symbol Address 

address   name                                  
-------   ----                                  
00000800  __STACK_SIZE                          
00008000  __SYSMEM_SIZE                         
20004000  g_pfnVectors                          
20004401  xTaskCreate                           
200045fb  vTaskDelete                           
200046a9  vTaskDelayUntil                       
20004739  vTaskDelay                            
20004775  eTaskGetState                         
20004809  uxTaskPriorityGet                     
20004839  uxTaskPriorityGetFromISR              
20004885  vTaskPrioritySet                      
2000499d  vTaskSuspend                          
20004aad  vTaskResume                           
20004b27  xTaskResumeFromISR                    
20004bb5  vTaskStartScheduler                   
20004bff  vTaskEndScheduler                     
20004c21  vTaskSuspendAll                       
20004c31  xTaskResumeAll                        
20004d15  xTaskGetTickCount                     
20004d29  xTaskGetTickCountFromISR              
20004d3d  uxTaskGetNumberOfTasks                
20004d43  pcTaskGetName                         
20004d69  uxTaskGetSystemState                  
20004e3b  xTaskGetIdleTaskHandle                
20004e61  xTaskIncrementTick                    
20004f89  vTaskSwitchContext                    
20005005  vTaskPlaceOnEventList                 
20005021  vTaskPlaceOnUnorderedEventList        
2000505d  xTaskRemoveFromEventList              
200050d9  vTaskRemoveFromUnorderedEventList     
2000513b  vTaskSetTimeOutState                  
20005161  vTaskInternalSetTimeOutState          
20005189  xTaskCheckForTimeOut                  
20005207  vTaskMissedYield                      
20005219  uxTaskGetTaskNumber                   
20005239  vTaskSetTaskNumber                    
200052f9  vTaskGetInfo                          
200054cb  xTaskGetCurrentTaskHandle             
200054db  xTaskGetSchedulerState                
20005529  xTaskPriorityInherit                  
20005609  xTaskPriorityDisinherit               
200056ad  vTaskPriorityDisinheritAfterTimeout   
20005785  uxTaskResetEventItemValue             
200057a7  pvTaskIncrementMutexHeldCount         
200057c5  ulTaskNotifyTake                      
20005845  xTaskNotifyWait                       
200058e7  xTaskGenericNotify                    
200059d1  xTaskGenericNotifyFromISR             
20005ae1  vTaskNotifyGiveFromISR                
20005b8f  xTaskNotifyStateClear                 
20005c89  xQueueGenericReset                    
20005d27  xQueueGenericCreate                   
20005de7  xQueueCreateMutex                     
20005e13  xQueueCreateCountingSemaphore         
20005e33  xQueueGenericSend                     
20005f85  xQueueGenericSendFromISR              
2000603b  xQueueGiveFromISR                     
200060e9  xQueueReceive                         
20006201  xQueueSemaphoreTake                   
2000635b  xQueuePeek                            
2000647d  xQueueReceiveFromISR                  
20006515  xQueuePeekFromISR                     
20006567  uxQueueMessagesWaiting                
2000657d  uxQueueSpacesAvailable                
2000659d  uxQueueMessagesWaitingFromISR         
200065af  vQueueDelete                          
200065c5  uxQueueGetQueueNumber                 
200065d3  vQueueSetQueueNumber                  
200065e5  ucQueueGetQueueType                   
200067f9  xQueueIsQueueEmptyFromISR             
2000683b  xQueueIsQueueFullFromISR              
2000685d  vQueueAddToRegistry                   
2000689f  pcQueueGetName                        
200068df  vQueueUnregisterQueue                 
20006923  xQueueCreateSet                       
20006937  xQueueAddToSet                        
2000696b  xQueueRemoveFromSet                   
200069ad  xQueueSelectFromSet                   
200069c5  xQueueSelectFromSetFromISR            
20006a51  __TI_printfi                          
20007a31  DisplayBanner                         
20007a57  BoardInit                             
20007a6f  InitializeAppVariables                
20007aed  ConfigureSimpleLinkToDefaultState     
20007deb  ReadDeviceConfiguration               
20007e4d  DisplayIP                             
20007f61  P2PManagerTask                        
20007fe3  WlanConnect                           
20008095  StartDeviceInP2P                      
200082c9  P2PConfiguration                      
20008489  osi_InterruptRegister                 
200084af  osi_InterruptDeRegister               
200084c1  osi_SyncObjCreate                     
200084f1  osi_SyncObjDelete                     
2000850b  osi_SyncObjSignal                     
20008533  osi_SyncObjSignalFromISR              
20008573  osi_SyncObjWait                       
2000859b  osi_SyncObjClear                      
200085bd  osi_LockObjCreate                     
200085e3  osi_TaskCreate                        
2000861b  osi_TaskDelete                        
20008629  osi_LockObjDelete                     
20008639  osi_LockObjLock                       
20008661  osi_LockObjUnlock                     
2000868b  osi_Spawn                             
20008703  VStartSimpleLinkSpawnTask             
20008745  VDeleteSimpleLinkSpawnTask            
20008771  osi_MsgQCreate                        
200087b5  osi_MsgQDelete                        
200087d5  osi_MsgQWrite                         
20008813  osi_MsgQRead                          
2000884d  mem_Malloc                            
20008859  mem_Free                              
20008865  mem_set                               
20008879  mem_copy                              
2000888d  osi_EnterCritical                     
20008897  osi_ExitCritical                      
200088a1  osi_start                             
200088a9  osi_Sleep                             
200088b9  osi_TaskDisable                       
200088c3  osi_TaskEnable                        
200088cd  osi_ContextSave                       
200088cf  osi_ContextRestore                    
200088ed  SimpleLinkWlanEventHandler            
20008ad5  SimpleLinkNetAppEventHandler          
20008b49  SimpleLinkGeneralEventHandler         
20008b63  SimpleLinkSockEventHandler            
20008d09  storageControllerTask                 
20008ea9  appCreateFile                         
20008ecf  appOpenFile                           
20008ef1  appWriteToFile                        
20008f59  appReadFromeFile                      
20008ffb  appCloseFile                          
200090f1  GPIO_IF_LedConfigure                  
2000912f  GPIO_IF_LedOn                         
200091e3  GPIO_IF_LedOff                        
20009297  GPIO_IF_LedStatus                     
20009301  GPIO_IF_LedToggle                     
2000932f  GPIO_IF_GetPortNPin                   
20009375  GPIO_IF_ConfigureNIntEnable           
200093b7  GPIO_IF_Set                           
200093f1  GPIO_IF_Get                           
20009445  HTTPServerTask                        
200094a5  SimpleLinkHttpServerCallback          
20009755  InitTerm                              
20009773  Message                               
20009795  ClearTerm                             
2000979f  Error                                 
200097d7  GetCmd                                
2000988d  TrimSpace                             
20009925  Report                                
200099e1  sl_WlanConnect                        
20009ec9  main                                  
2000a369  _SlDrvReleasePoolObj                  
2000a705  __aeabi_dsub                          
2000a70f  __aeabi_dadd                          
2000a8bb  _nop                                  
2000aa59  _SlDrvDriverCBInit                    
2000abe9  _SlDrvWaitForPoolObj                  
2000ad79  PRCMCC3200MCUInit                     
2000b061  spi_Open                              
2000b429  __aeabi_ddiv                          
2000b55f  vListInitialise                       
2000b58f  vListInitialiseItem                   
2000b59f  vListInsertEnd                        
2000b5db  vListInsert                           
2000b641  uxListRemove                          
2000b689  _SlDrvDriverCBDeinit                  
2000b8cd  pxPortInitialiseStack                 
2000b929  xPortStartScheduler                   
2000b951  vPortEndScheduler                     
2000b953  vPortEnterCritical                    
2000b973  vPortExitCritical                     
2000b989  xPortSysTickHandler                   
2000b9af  vPortSetupTimerInterrupt              
2000b9e9  aligned_alloc                         
2000b9e9  memalign                              
2000baf1  _SlDrvNetAppEventHandler              
2000bbf5  __aeabi_dmul                          
2000bcf1  sl_Start                              
2000bde1  sl_Stop                               
2000bed1  uDMAChannelTransferSet                
2000c0a9  _SlDrvMsgReadSpawnCtx                 
2000c191  free                                  
2000c275  realloc                               
2000c359  sl_NetAppMDNSRegisterUnregisterService
2000c519  spi_Read                              
2000c5f5  sl_NetCfgGet                          
2000c6cd  ldexp                                 
2000c6cd  ldexpl                                
2000c6cd  scalbn                                
2000c6cd  scalbnl                               
2000c79d  _sl_HandleAsync_DnsGetHostByService   
2000c869  sl_DevGet                             
2000c9f9  _SlDrvCmdOp                           
2000cac9  ulPortGetIPSR                         
2000cae1  xPortPendSVHandler                    
2000cb2d  vPortSVCHandler                       
2000cb51  vPortStartFirstTask                   
2000cb73  __aeabi_idiv0                         
2000cb73  __aeabi_ldiv0                         
2000cb75  sl_FsClose                            
2000ccdd  IntDisable                            
2000cd85  IntEnable                             
2000ce2d  SPIConfigSetExpClk                    
2000cecd  _SlDriverHandleError                  
2000cf6d  __aeabi_memcpy                        
2000cf6d  __aeabi_memcpy4                       
2000cf6d  __aeabi_memcpy8                       
2000cf6d  memcpy                                
2000d009  _SlDrvDeviceEventHandler              
2000d0a5  sl_NetAppSet                          
2000d13d  sl_NetCfgSet                          
2000d1d5  sl_WlanSet                            
2000d26d  __aeabi_uldivmod                      
2000d305  PRCMPeripheralClockGet                
2000d399  _sl_HandleAsync_DnsGetHostByName      
2000d429  _sl_HandleAsync_PingResponse          
2000d4b9  sl_WlanPolicySet                      
2000d661  _SlDrvIsTimeoutExpired                
2000d6ed  _sl_HandleAsync_InitComplete          
2000d779  spi_Write                             
2000d805  PinConfigSet                          
2000d88d  __aeabi_cdcmpeq                       
2000d88d  __aeabi_cdcmple                       
2000d913  __aeabi_cdrcmple                      
2000d999  NwpPowerOnPreamble                    
2000da1d  PinMuxConfig                          
2000daa1  sl_WlanRxFilterSet                    
2000db25  GPIOIntTypeSet                        
2000dba9  _sl_HandleAsync_Connect               
2000dd29  __aeabi_memclr                        
2000dd29  __aeabi_memclr4                       
2000dd29  __aeabi_memclr8                       
2000dd2b  __aeabi_memset                        
2000dd2b  __aeabi_memset4                       
2000dd2b  __aeabi_memset8                       
2000dd31  memset                                
2000dda5  spi_Close                             
2000de1d  UARTConfigSetExpClk                   
2000df75  _SlDrvCmdSend                         
2000dfe1  _sl_NetAppSendTokenValue              
2000e04d  __TI_decompress_lzss                  
2000e0b5  _sl_HandleAsync_Accept                
2000e119  sl_NetAppMDNSUnRegisterService        
2000e17d  uDMAChannelAttributeDisable           
2000e1e1  uDMAChannelAttributeEnable            
2000e245  sl_WlanProfileDel                     
2000e2a5  sl_WlanSetMode                        
2000e305  frexp                                 
2000e305  frexpl                                
2000e361  IntPendClear                          
2000e3b9  PRCMPeripheralReset                   
2000e411  sl_NetAppStart                        
2000e469  sl_NetAppStop                         
2000e519  IntPrioritySet                        
2000e56d  __TI_ltoa                             
2000e5c1  _sl_HandleAsync_Select                
2000e669  _SlDrvRxIrqHandler                    
2000e6b9  _sl_HandleAsync_Stop                  
2000e709  SPIIntEnable                          
2000e755  _SlDrvProtectAsyncRespSetting         
2000e7a1  atoi                                  
2000e7ed  uDMAChannelAssign                     
2000e839  SPIIntClear                           
2000e881  _SlDrvBasicCmd                        
2000e8c9  __aeabi_d2iz                          
2000e955  TimerConfigure                        
2000e999  _SlDrvHandleHttpServerEvents          
2000e9dd  __TI_auto_init_nobinit_nopinit        
2000ea65  PinModeSet                            
2000eaa5  _SlDrvHandleNetAppEvents              
2000eae5  _SlDrvHandleWlanEvents                
2000eb25  _SlDrvSyncObjWaitTimeout              
2000eb65  vsnprintf                             
2000ec21  PRCMPeripheralClkEnable               
2000ec5d  simplelink_timerA2_start              
2000ec99  uDMAChannelControlSet                 
2000ecd5  NwpPowerOff                           
2000ed0d  pvPortMalloc                          
2000ed2d  vPortFree                             
2000ed45  sl_WlanDisconnect                     
2000ed7d  GPIODirModeSet                        
2000edb5  NwpPowerOn                            
2000ede9  PRCMPeripheralStatusGet               
2000ee1d  SPIFIFOLevelSet                       
2000ee51  PinTypeGPIO                           
2000ee81  UARTDisable                           
2000ef11  __aeabi_i2d                           
2000ef41  DmaSpiSwIntHandler                    
2000ef6d  PRCMSysResetCauseGet                  
2000ef99  TimerLoadSet                          
2000efc3  TimerPrescaleSet                      
2000efed  PRCMPeripheralClkDisable              
2000f03d  _SlDrvProtectionObjLockWaitForever    
2000f08d  memmove                               
2000f0b5  NwpRegisterInterruptHandler           
2000f0db  sl_Provisioning_HttpServerEventHdl    
2000f0e9  sl_Provisioning_NetAppEventHdl        
2000f0f5  sl_Provisioning_WlanEventHdl          
2000f101  IntUnregister                         
2000f125  UARTEnable                            
2000f149  _SlDrvGlobalObjUnLock                 
2000f16d  _SlDrvProtectionObjUnLock             
2000f191  _SlDrvSyncObjWaitForever              
2000f1b5  _c_int00_noargs                       
2000f1d9  memcmp                                
2000f1fd  SPIReset                              
2000f21f  SPIWordCountSet                       
2000f241  GPIOPinWrite                          
2000f261  IntRegister                           
2000f281  NwpPrePowerOffTimout0                 
2000f2a1  TimerGetCurrentTimestamp              
2000f2c1  TimerEnable                           
2000f2df  UARTCharPut                           
2000f2fd  _SlDrvSyncObjSignal                   
2000f339  TimerValueGet                         
2000f355  UARTCharGetNonBlocking                
2000f371  _SlDrvStartMeasureTimeout             
2000f3a9  memccpy                               
2000f3c5  uDMAChannelEnable                     
2000f3e1  GPIOIntEnable                         
2000f3fb  PinTypeUART                           
2000f415  SPIDmaDisable                         
2000f42f  SPIDmaEnable                          
2000f449  SPIFIFODisable                        
2000f463  SPIFIFOEnable                         
2000f47d  GPIOPinRead                           
2000f495  SPICSDisable                          
2000f4ad  SPICSEnable                           
2000f4c5  SPIDisable                            
2000f4dd  SPIEnable                             
2000f4f5  UARTCharsAvail                        
2000f53d  vAssertCalled                         
2000f547  vApplicationIdleHook                  
2000f549  vApplicationMallocFailedHook          
2000f54b  vApplicationStackOverflowHook         
2000f555  PRCMHIBRegRead                        
2000f56b  PRCMHIBRegWrite                       
2000f581  _SlDrvMemZero                         
2000f597  strchr                                
2000f5ad  CPUcpsie                              
2000f5c1  GPIOIntClear                          
2000f5d5  IntVTableBaseSet                      
2000f5e9  strcpy                                
2000f5fd  strlen                                
2000f611  wcslen                                
2000f623  _SlDrvDispatchHttpServerEvents        
2000f633  _SlDrvResetCmdExt                     
2000f641  __TI_decompress_none                  
2000f64f  ResetISR                              
2000f65d  NwpMaskInterrupt                      
2000f669  NwpUnMaskInterrupt                    
2000f675  copysign                              
2000f675  copysignl                             
2000f681  __TI_zero_init                        
2000f68d  IntMasterEnable                       
2000f699  __aeabi_errno_addr                    
2000f6a1  malloc                                
2000f6a9  UtilsDelay                            
2000f6af  _system_pre_init                      
2000f6b3  C$$EXIT                               
2000f6b3  abort                                 
2000f6b8  _ctypes_                              
2000fa38  OpcodeTranslateTable                  
2000fa74  _SlActionLookupTable                  
2000fc6e  _SlNetAppSendTokenValueCmdCtrl        
2000fca4  ulMaxSyscallInterruptPriority         
2000fcb0  __TI_static_base__                    
2000fcec  __TI_Handler_Table_Base               
2000fcf8  __TI_Handler_Table_Limit              
2000fd00  __TI_CINIT_Base                       
2000fd10  __TI_CINIT_Limit                      
20017000  __start___llvm_prf_cnts               
20017000  __stop___llvm_prf_cnts                
20017000  _sys_memory                           
2001f378  pushMsg                               
2001f554  g_ucDinDout                           
2001f5a4  xQueueRegistry                        
2001f5f4  g_p2p_dev                             
2001f618  g_ucConnectionSSID                    
2001f63c  pushFile                              
2001f6c8  g_ucConnectionBSSID                   
2001f6d4  DMAMsgQ                               
2001f6d8  g_cDummy                              
2001f6dc  httpKickStarter                       
2001f6e0  p2pKickStarter                        
2001f6e4  pushLock                              
2001f6e8  pushSync                              
2001f6ec  RxIrqCnt                              
2001f6ed  g_bDeviceRestartIsRequired            
2001f6ee  g_ucLED1Pin                           
2001f6ef  g_ucLED2Pin                           
2001f6f0  g_ucLED3Pin                           
2001f6f4  pxCurrentTCB                          
2001f728  g_ulStatus                            
2001f72c  g_ulPingPacketsRecv                   
2001f730  g_ulGatewayIP                         
2001f734  g_iSimplelinkRole                     
2001f738  g_ulDeviceIp                          
2001f73c  g_usMCNetworkUstate                   
2001f740  g_uiSimplelinkRole                    
2001f744  g_uiDeviceModeConfig                  
2001f748  g_ucConnectTimeout                    
2001f760  g_SlDeviceStatus                      
2001f764  g_pCB                                 
2001f768  pPingCallBackFunc                     
2001f770  xHigherPriorityTaskWoken              
2001f774  xSimpleLinkSpawnQueue                 
2001f778  xSimpleLinkSpawnTaskHndl              
2001f77c  g_uiLED1Port                          
2001f780  g_uiLED2Port                          
2001f784  g_uiLED3Port                          
2001f788  g_SpiFd                               
2001f78c  g_pHostIntHdl                         
2001f790  g_ucDMAEnabled                        
2001f794  _lock                                 
2001f798  _unlock                               
2001f7a8  errno                                 
2002f800  __stack                               
20030000  __STACK_END                           
ffffffff  __TI_pprof_out_hndl                   
ffffffff  __TI_prof_data_size                   
ffffffff  __TI_prof_data_start                  
ffffffff  __binit__                             
ffffffff  __c_args__                            
ffffffff  binit                                 
UNDEFED   __mpu_init                            
UNDEFED   _system_post_cinit                    

[429 symbols]
