<?xml version="1.0" encoding="ISO-8859-1" ?>
<link_info>
   <banner>TI ARM Linker PC v20.2.0.LTS</banner>
   <copyright>Copyright (c) 1996-2018 Texas Instruments Incorporated</copyright>
   <link_time>0x5f1109a9</link_time>
   <link_errors>0x0</link_errors>
   <output_file>AirMouse_with_cc2541.out</output_file>
   <entry_point>
      <name>_c_int00_noargs</name>
      <address>0x2000f1b5</address>
   </entry_point>
   <input_file_list>
      <input_file id="fl-2">
         <path>.\</path>
         <kind>object</kind>
         <file>app_freertos_handler.obj</file>
         <name>app_freertos_handler.obj</name>
      </input_file>
      <input_file id="fl-3">
         <path>.\</path>
         <kind>object</kind>
         <file>app_http_server.obj</file>
         <name>app_http_server.obj</name>
      </input_file>
      <input_file id="fl-4">
         <path>.\</path>
         <kind>object</kind>
         <file>app_p2p.obj</file>
         <name>app_p2p.obj</name>
      </input_file>
      <input_file id="fl-5">
         <path>.\</path>
         <kind>object</kind>
         <file>app_simpleLink_handlers.obj</file>
         <name>app_simpleLink_handlers.obj</name>
      </input_file>
      <input_file id="fl-6">
         <path>.\</path>
         <kind>object</kind>
         <file>app_simplelink_config.obj</file>
         <name>app_simplelink_config.obj</name>
      </input_file>
      <input_file id="fl-7">
         <path>.\</path>
         <kind>object</kind>
         <file>app_storage.obj</file>
         <name>app_storage.obj</name>
      </input_file>
      <input_file id="fl-8">
         <path>.\</path>
         <kind>object</kind>
         <file>gpio_if.obj</file>
         <name>gpio_if.obj</name>
      </input_file>
      <input_file id="fl-9">
         <path>.\</path>
         <kind>object</kind>
         <file>main.obj</file>
         <name>main.obj</name>
      </input_file>
      <input_file id="fl-a">
         <path>.\</path>
         <kind>object</kind>
         <file>network_common.obj</file>
         <name>network_common.obj</name>
      </input_file>
      <input_file id="fl-b">
         <path>.\</path>
         <kind>object</kind>
         <file>pinmux.obj</file>
         <name>pinmux.obj</name>
      </input_file>
      <input_file id="fl-c">
         <path>.\</path>
         <kind>object</kind>
         <file>smart_config.obj</file>
         <name>smart_config.obj</name>
      </input_file>
      <input_file id="fl-d">
         <path>.\</path>
         <kind>object</kind>
         <file>startup_ccs.obj</file>
         <name>startup_ccs.obj</name>
      </input_file>
      <input_file id="fl-e">
         <path>.\</path>
         <kind>object</kind>
         <file>uart_if.obj</file>
         <name>uart_if.obj</name>
      </input_file>
      <input_file id="fl-16">
         <kind>object</kind>
         <file>&lt;internal&gt;</file>
         <name>&lt;internal&gt;</name>
      </input_file>
      <input_file id="fl-17">
         <path>C:\ti\CC3200SDK_1.5.0\cc3200-sdk\simplelink\ccs\OS_debug\</path>
         <kind>archive</kind>
         <file>simplelink.a</file>
         <name>device.obj</name>
      </input_file>
      <input_file id="fl-18">
         <path>C:\ti\CC3200SDK_1.5.0\cc3200-sdk\simplelink\ccs\OS_debug\</path>
         <kind>archive</kind>
         <file>simplelink.a</file>
         <name>driver.obj</name>
      </input_file>
      <input_file id="fl-19">
         <path>C:\ti\CC3200SDK_1.5.0\cc3200-sdk\simplelink\ccs\OS_debug\</path>
         <kind>archive</kind>
         <file>simplelink.a</file>
         <name>fs.obj</name>
      </input_file>
      <input_file id="fl-1a">
         <path>C:\ti\CC3200SDK_1.5.0\cc3200-sdk\simplelink\ccs\OS_debug\</path>
         <kind>archive</kind>
         <file>simplelink.a</file>
         <name>netapp.obj</name>
      </input_file>
      <input_file id="fl-1b">
         <path>C:\ti\CC3200SDK_1.5.0\cc3200-sdk\simplelink\ccs\OS_debug\</path>
         <kind>archive</kind>
         <file>simplelink.a</file>
         <name>netcfg.obj</name>
      </input_file>
      <input_file id="fl-1c">
         <path>C:\ti\CC3200SDK_1.5.0\cc3200-sdk\simplelink\ccs\OS_debug\</path>
         <kind>archive</kind>
         <file>simplelink.a</file>
         <name>socket.obj</name>
      </input_file>
      <input_file id="fl-1d">
         <path>C:\ti\CC3200SDK_1.5.0\cc3200-sdk\simplelink\ccs\OS_debug\</path>
         <kind>archive</kind>
         <file>simplelink.a</file>
         <name>wlan.obj</name>
      </input_file>
      <input_file id="fl-1e">
         <path>C:\ti\CC3200SDK_1.5.0\cc3200-sdk\simplelink\ccs\OS_debug\</path>
         <kind>archive</kind>
         <file>simplelink.a</file>
         <name>cc_pal.obj</name>
      </input_file>
      <input_file id="fl-1f">
         <path>C:\ti\CC3200SDK_1.5.0\cc3200-sdk\driverlib\ccs\Release\</path>
         <kind>archive</kind>
         <file>driverlib.a</file>
         <name>gpio.obj</name>
      </input_file>
      <input_file id="fl-20">
         <path>C:\ti\CC3200SDK_1.5.0\cc3200-sdk\driverlib\ccs\Release\</path>
         <kind>archive</kind>
         <file>driverlib.a</file>
         <name>interrupt.obj</name>
      </input_file>
      <input_file id="fl-21">
         <path>C:\ti\CC3200SDK_1.5.0\cc3200-sdk\driverlib\ccs\Release\</path>
         <kind>archive</kind>
         <file>driverlib.a</file>
         <name>pin.obj</name>
      </input_file>
      <input_file id="fl-22">
         <path>C:\ti\CC3200SDK_1.5.0\cc3200-sdk\driverlib\ccs\Release\</path>
         <kind>archive</kind>
         <file>driverlib.a</file>
         <name>prcm.obj</name>
      </input_file>
      <input_file id="fl-23">
         <path>C:\ti\CC3200SDK_1.5.0\cc3200-sdk\driverlib\ccs\Release\</path>
         <kind>archive</kind>
         <file>driverlib.a</file>
         <name>spi.obj</name>
      </input_file>
      <input_file id="fl-24">
         <path>C:\ti\CC3200SDK_1.5.0\cc3200-sdk\driverlib\ccs\Release\</path>
         <kind>archive</kind>
         <file>driverlib.a</file>
         <name>timer.obj</name>
      </input_file>
      <input_file id="fl-25">
         <path>C:\ti\CC3200SDK_1.5.0\cc3200-sdk\driverlib\ccs\Release\</path>
         <kind>archive</kind>
         <file>driverlib.a</file>
         <name>uart.obj</name>
      </input_file>
      <input_file id="fl-26">
         <path>C:\ti\CC3200SDK_1.5.0\cc3200-sdk\driverlib\ccs\Release\</path>
         <kind>archive</kind>
         <file>driverlib.a</file>
         <name>udma.obj</name>
      </input_file>
      <input_file id="fl-27">
         <path>C:\ti\CC3200SDK_1.5.0\cc3200-sdk\driverlib\ccs\Release\</path>
         <kind>archive</kind>
         <file>driverlib.a</file>
         <name>utils.obj</name>
      </input_file>
      <input_file id="fl-28">
         <path>C:\ti\CC3200SDK_1.5.0\cc3200-sdk\driverlib\ccs\Release\</path>
         <kind>archive</kind>
         <file>driverlib.a</file>
         <name>cpu.obj</name>
      </input_file>
      <input_file id="fl-29">
         <path>C:\ti\CC3200SDK_1.5.0\cc3200-sdk\driverlib\ccs\Release\</path>
         <kind>archive</kind>
         <file>driverlib.a</file>
         <name>flash.obj</name>
      </input_file>
      <input_file id="fl-2a">
         <path>C:\ti\CC3200SDK_1.5.0\cc3200-sdk\oslib\ccs\free_rtos\</path>
         <kind>archive</kind>
         <file>free_rtos.a</file>
         <name>osi_freertos.obj</name>
      </input_file>
      <input_file id="fl-2b">
         <path>C:\ti\CC3200SDK_1.5.0\cc3200-sdk\oslib\ccs\free_rtos\</path>
         <kind>archive</kind>
         <file>free_rtos.a</file>
         <name>port.obj</name>
      </input_file>
      <input_file id="fl-2c">
         <path>C:\ti\CC3200SDK_1.5.0\cc3200-sdk\oslib\ccs\free_rtos\</path>
         <kind>archive</kind>
         <file>free_rtos.a</file>
         <name>portasm.obj</name>
      </input_file>
      <input_file id="fl-2d">
         <path>C:\ti\CC3200SDK_1.5.0\cc3200-sdk\oslib\ccs\free_rtos\</path>
         <kind>archive</kind>
         <file>free_rtos.a</file>
         <name>queue.obj</name>
      </input_file>
      <input_file id="fl-2e">
         <path>C:\ti\CC3200SDK_1.5.0\cc3200-sdk\oslib\ccs\free_rtos\</path>
         <kind>archive</kind>
         <file>free_rtos.a</file>
         <name>tasks.obj</name>
      </input_file>
      <input_file id="fl-2f">
         <path>C:\ti\CC3200SDK_1.5.0\cc3200-sdk\oslib\ccs\free_rtos\</path>
         <kind>archive</kind>
         <file>free_rtos.a</file>
         <name>heap_3.obj</name>
      </input_file>
      <input_file id="fl-30">
         <path>C:\ti\CC3200SDK_1.5.0\cc3200-sdk\oslib\ccs\free_rtos\</path>
         <kind>archive</kind>
         <file>free_rtos.a</file>
         <name>list.obj</name>
      </input_file>
      <input_file id="fl-e6">
         <path>C:\ti\ccs930\ccs\tools\compiler\ti-cgt-arm_20.2.0.LTS\lib\</path>
         <kind>archive</kind>
         <file>rtsv7M4_T_le_eabi.lib</file>
         <name>vsnprintf.c.obj</name>
      </input_file>
      <input_file id="fl-e7">
         <path>C:\ti\ccs930\ccs\tools\compiler\ti-cgt-arm_20.2.0.LTS\lib\</path>
         <kind>archive</kind>
         <file>rtsv7M4_T_le_eabi.lib</file>
         <name>memcpy_t2.asm.obj</name>
      </input_file>
      <input_file id="fl-e8">
         <path>C:\ti\ccs930\ccs\tools\compiler\ti-cgt-arm_20.2.0.LTS\lib\</path>
         <kind>archive</kind>
         <file>rtsv7M4_T_le_eabi.lib</file>
         <name>memset_t2.asm.obj</name>
      </input_file>
      <input_file id="fl-e9">
         <path>C:\ti\ccs930\ccs\tools\compiler\ti-cgt-arm_20.2.0.LTS\lib\</path>
         <kind>archive</kind>
         <file>rtsv7M4_T_le_eabi.lib</file>
         <name>ull_div_t2.asm.obj</name>
      </input_file>
      <input_file id="fl-ea">
         <path>C:\ti\ccs930\ccs\tools\compiler\ti-cgt-arm_20.2.0.LTS\lib\</path>
         <kind>archive</kind>
         <file>rtsv7M4_T_le_eabi.lib</file>
         <name>copy_zero_init.c.obj</name>
      </input_file>
      <input_file id="fl-eb">
         <path>C:\ti\ccs930\ccs\tools\compiler\ti-cgt-arm_20.2.0.LTS\lib\</path>
         <kind>archive</kind>
         <file>rtsv7M4_T_le_eabi.lib</file>
         <name>copy_decompress_none.c.obj</name>
      </input_file>
      <input_file id="fl-ec">
         <path>C:\ti\ccs930\ccs\tools\compiler\ti-cgt-arm_20.2.0.LTS\lib\</path>
         <kind>archive</kind>
         <file>rtsv7M4_T_le_eabi.lib</file>
         <name>copy_decompress_lzss.c.obj</name>
      </input_file>
      <input_file id="fl-ed">
         <path>C:\ti\ccs930\ccs\tools\compiler\ti-cgt-arm_20.2.0.LTS\lib\</path>
         <kind>archive</kind>
         <file>rtsv7M4_T_le_eabi.lib</file>
         <name>memcmp.c.obj</name>
      </input_file>
      <input_file id="fl-ee">
         <path>C:\ti\ccs930\ccs\tools\compiler\ti-cgt-arm_20.2.0.LTS\lib\</path>
         <kind>archive</kind>
         <file>rtsv7M4_T_le_eabi.lib</file>
         <name>memmov.c.obj</name>
      </input_file>
      <input_file id="fl-ef">
         <path>C:\ti\ccs930\ccs\tools\compiler\ti-cgt-arm_20.2.0.LTS\lib\</path>
         <kind>archive</kind>
         <file>rtsv7M4_T_le_eabi.lib</file>
         <name>memory.c.obj</name>
      </input_file>
      <input_file id="fl-f0">
         <path>C:\ti\ccs930\ccs\tools\compiler\ti-cgt-arm_20.2.0.LTS\lib\</path>
         <kind>archive</kind>
         <file>rtsv7M4_T_le_eabi.lib</file>
         <name>strcpy.c.obj</name>
      </input_file>
      <input_file id="fl-f1">
         <path>C:\ti\ccs930\ccs\tools\compiler\ti-cgt-arm_20.2.0.LTS\lib\</path>
         <kind>archive</kind>
         <file>rtsv7M4_T_le_eabi.lib</file>
         <name>strlen.c.obj</name>
      </input_file>
      <input_file id="fl-f2">
         <path>C:\ti\ccs930\ccs\tools\compiler\ti-cgt-arm_20.2.0.LTS\lib\</path>
         <kind>archive</kind>
         <file>rtsv7M4_T_le_eabi.lib</file>
         <name>boot_cortex_m.c.obj</name>
      </input_file>
      <input_file id="fl-f3">
         <path>C:\ti\ccs930\ccs\tools\compiler\ti-cgt-arm_20.2.0.LTS\lib\</path>
         <kind>archive</kind>
         <file>rtsv7M4_T_le_eabi.lib</file>
         <name>_printfi.c.obj</name>
      </input_file>
      <input_file id="fl-f4">
         <path>C:\ti\ccs930\ccs\tools\compiler\ti-cgt-arm_20.2.0.LTS\lib\</path>
         <kind>archive</kind>
         <file>rtsv7M4_T_le_eabi.lib</file>
         <name>div0.asm.obj</name>
      </input_file>
      <input_file id="fl-f5">
         <path>C:\ti\ccs930\ccs\tools\compiler\ti-cgt-arm_20.2.0.LTS\lib\</path>
         <kind>archive</kind>
         <file>rtsv7M4_T_le_eabi.lib</file>
         <name>fd_add_t2.asm.obj</name>
      </input_file>
      <input_file id="fl-f6">
         <path>C:\ti\ccs930\ccs\tools\compiler\ti-cgt-arm_20.2.0.LTS\lib\</path>
         <kind>archive</kind>
         <file>rtsv7M4_T_le_eabi.lib</file>
         <name>fd_cmp_t2.asm.obj</name>
      </input_file>
      <input_file id="fl-f7">
         <path>C:\ti\ccs930\ccs\tools\compiler\ti-cgt-arm_20.2.0.LTS\lib\</path>
         <kind>archive</kind>
         <file>rtsv7M4_T_le_eabi.lib</file>
         <name>fd_div_t2.asm.obj</name>
      </input_file>
      <input_file id="fl-f8">
         <path>C:\ti\ccs930\ccs\tools\compiler\ti-cgt-arm_20.2.0.LTS\lib\</path>
         <kind>archive</kind>
         <file>rtsv7M4_T_le_eabi.lib</file>
         <name>fd_mul_t2.asm.obj</name>
      </input_file>
      <input_file id="fl-f9">
         <path>C:\ti\ccs930\ccs\tools\compiler\ti-cgt-arm_20.2.0.LTS\lib\</path>
         <kind>archive</kind>
         <file>rtsv7M4_T_le_eabi.lib</file>
         <name>fd_toi_t2.asm.obj</name>
      </input_file>
      <input_file id="fl-fa">
         <path>C:\ti\ccs930\ccs\tools\compiler\ti-cgt-arm_20.2.0.LTS\lib\</path>
         <kind>archive</kind>
         <file>rtsv7M4_T_le_eabi.lib</file>
         <name>i_tofd_t2.asm.obj</name>
      </input_file>
      <input_file id="fl-fb">
         <path>C:\ti\ccs930\ccs\tools\compiler\ti-cgt-arm_20.2.0.LTS\lib\</path>
         <kind>archive</kind>
         <file>rtsv7M4_T_le_eabi.lib</file>
         <name>autoinit.c.obj</name>
      </input_file>
      <input_file id="fl-fc">
         <path>C:\ti\ccs930\ccs\tools\compiler\ti-cgt-arm_20.2.0.LTS\lib\</path>
         <kind>archive</kind>
         <file>rtsv7M4_T_le_eabi.lib</file>
         <name>pre_init.c.obj</name>
      </input_file>
      <input_file id="fl-fd">
         <path>C:\ti\ccs930\ccs\tools\compiler\ti-cgt-arm_20.2.0.LTS\lib\</path>
         <kind>archive</kind>
         <file>rtsv7M4_T_le_eabi.lib</file>
         <name>cpy_tbl.c.obj</name>
      </input_file>
      <input_file id="fl-fe">
         <path>C:\ti\ccs930\ccs\tools\compiler\ti-cgt-arm_20.2.0.LTS\lib\</path>
         <kind>archive</kind>
         <file>rtsv7M4_T_le_eabi.lib</file>
         <name>exit.c.obj</name>
      </input_file>
      <input_file id="fl-ff">
         <path>C:\ti\ccs930\ccs\tools\compiler\ti-cgt-arm_20.2.0.LTS\lib\</path>
         <kind>archive</kind>
         <file>rtsv7M4_T_le_eabi.lib</file>
         <name>_lock.c.obj</name>
      </input_file>
      <input_file id="fl-100">
         <path>C:\ti\ccs930\ccs\tools\compiler\ti-cgt-arm_20.2.0.LTS\lib\</path>
         <kind>archive</kind>
         <file>rtsv7M4_T_le_eabi.lib</file>
         <name>_ltoa.c.obj</name>
      </input_file>
      <input_file id="fl-101">
         <path>C:\ti\ccs930\ccs\tools\compiler\ti-cgt-arm_20.2.0.LTS\lib\</path>
         <kind>archive</kind>
         <file>rtsv7M4_T_le_eabi.lib</file>
         <name>args_main.c.obj</name>
      </input_file>
      <input_file id="fl-102">
         <path>C:\ti\ccs930\ccs\tools\compiler\ti-cgt-arm_20.2.0.LTS\lib\</path>
         <kind>archive</kind>
         <file>rtsv7M4_T_le_eabi.lib</file>
         <name>atoi.c.obj</name>
      </input_file>
      <input_file id="fl-103">
         <path>C:\ti\ccs930\ccs\tools\compiler\ti-cgt-arm_20.2.0.LTS\lib\</path>
         <kind>archive</kind>
         <file>rtsv7M4_T_le_eabi.lib</file>
         <name>ctype.c.obj</name>
      </input_file>
      <input_file id="fl-104">
         <path>C:\ti\ccs930\ccs\tools\compiler\ti-cgt-arm_20.2.0.LTS\lib\</path>
         <kind>archive</kind>
         <file>rtsv7M4_T_le_eabi.lib</file>
         <name>memccpy.c.obj</name>
      </input_file>
      <input_file id="fl-105">
         <path>C:\ti\ccs930\ccs\tools\compiler\ti-cgt-arm_20.2.0.LTS\lib\</path>
         <kind>archive</kind>
         <file>rtsv7M4_T_le_eabi.lib</file>
         <name>strchr.c.obj</name>
      </input_file>
      <input_file id="fl-106">
         <path>C:\ti\ccs930\ccs\tools\compiler\ti-cgt-arm_20.2.0.LTS\lib\</path>
         <kind>archive</kind>
         <file>rtsv7M4_T_le_eabi.lib</file>
         <name>errno.c.obj</name>
      </input_file>
      <input_file id="fl-107">
         <path>C:\ti\ccs930\ccs\tools\compiler\ti-cgt-arm_20.2.0.LTS\lib\</path>
         <kind>archive</kind>
         <file>rtsv7M4_T_le_eabi.lib</file>
         <name>s_frexp.c.obj</name>
      </input_file>
      <input_file id="fl-108">
         <path>C:\ti\ccs930\ccs\tools\compiler\ti-cgt-arm_20.2.0.LTS\lib\</path>
         <kind>archive</kind>
         <file>rtsv7M4_T_le_eabi.lib</file>
         <name>s_scalbn.c.obj</name>
      </input_file>
      <input_file id="fl-109">
         <path>C:\ti\ccs930\ccs\tools\compiler\ti-cgt-arm_20.2.0.LTS\lib\</path>
         <kind>archive</kind>
         <file>rtsv7M4_T_le_eabi.lib</file>
         <name>s_copysign.c.obj</name>
      </input_file>
      <input_file id="fl-10a">
         <path>C:\ti\ccs930\ccs\tools\compiler\ti-cgt-arm_20.2.0.LTS\lib\</path>
         <kind>archive</kind>
         <file>rtsv7M4_T_le_eabi.lib</file>
         <name>wcslen.c.obj</name>
      </input_file>
   </input_file_list>
   <object_component_list>
      <object_component id="oc-12">
         <name>.intvecs</name>
         <load_address>0x20004000</load_address>
         <run_address>0x20004000</run_address>
         <size>0x400</size>
         <input_file_ref idref="fl-d"/>
      </object_component>
      <object_component id="oc-85">
         <name>.text</name>
         <load_address>0x20004400</load_address>
         <run_address>0x20004400</run_address>
         <size>0x1888</size>
         <input_file_ref idref="fl-2e"/>
      </object_component>
      <object_component id="oc-352">
         <name>.text</name>
         <load_address>0x20005c88</load_address>
         <run_address>0x20005c88</run_address>
         <size>0xdc8</size>
         <input_file_ref idref="fl-2d"/>
      </object_component>
      <object_component id="oc-502">
         <name>.text:__TI_printfi</name>
         <load_address>0x20006a50</load_address>
         <run_address>0x20006a50</run_address>
         <size>0xa4e</size>
         <input_file_ref idref="fl-f3"/>
      </object_component>
      <object_component id="oc-540">
         <name>.text:IntDefaultHandler</name>
         <load_address>0x2000749e</load_address>
         <run_address>0x2000749e</run_address>
         <size>0x2</size>
         <input_file_ref idref="fl-20"/>
      </object_component>
      <object_component id="oc-782">
         <name>.text:_SlDrvMsgRead</name>
         <load_address>0x200074a0</load_address>
         <run_address>0x200074a0</run_address>
         <size>0x590</size>
         <input_file_ref idref="fl-18"/>
      </object_component>
      <object_component id="oc-13c">
         <name>.text</name>
         <load_address>0x20007a30</load_address>
         <run_address>0x20007a30</run_address>
         <size>0x530</size>
         <input_file_ref idref="fl-6"/>
      </object_component>
      <object_component id="oc-176">
         <name>.text</name>
         <load_address>0x20007f60</load_address>
         <run_address>0x20007f60</run_address>
         <size>0x528</size>
         <input_file_ref idref="fl-4"/>
      </object_component>
      <object_component id="oc-16c">
         <name>.text</name>
         <load_address>0x20008488</load_address>
         <run_address>0x20008488</run_address>
         <size>0x464</size>
         <input_file_ref idref="fl-2a"/>
      </object_component>
      <object_component id="oc-777">
         <name>.text</name>
         <load_address>0x200088ec</load_address>
         <run_address>0x200088ec</run_address>
         <size>0x41c</size>
         <input_file_ref idref="fl-5"/>
      </object_component>
      <object_component id="oc-18d">
         <name>.text</name>
         <load_address>0x20008d08</load_address>
         <run_address>0x20008d08</run_address>
         <size>0x3ac</size>
         <input_file_ref idref="fl-7"/>
      </object_component>
      <object_component id="oc-14e">
         <name>.text</name>
         <load_address>0x200090b4</load_address>
         <run_address>0x200090b4</run_address>
         <size>0x390</size>
         <input_file_ref idref="fl-8"/>
      </object_component>
      <object_component id="oc-17f">
         <name>.text</name>
         <load_address>0x20009444</load_address>
         <run_address>0x20009444</run_address>
         <size>0x310</size>
         <input_file_ref idref="fl-3"/>
      </object_component>
      <object_component id="oc-166">
         <name>.text</name>
         <load_address>0x20009754</load_address>
         <run_address>0x20009754</run_address>
         <size>0x28c</size>
         <input_file_ref idref="fl-e"/>
      </object_component>
      <object_component id="oc-368">
         <name>.text:sl_WlanConnect</name>
         <load_address>0x200099e0</load_address>
         <run_address>0x200099e0</run_address>
         <size>0x280</size>
         <input_file_ref idref="fl-1d"/>
      </object_component>
      <object_component id="oc-6dc">
         <name>.text:_pconv_a</name>
         <load_address>0x20009c60</load_address>
         <run_address>0x20009c60</run_address>
         <size>0x268</size>
         <input_file_ref idref="fl-f3"/>
      </object_component>
      <object_component id="oc-be">
         <name>.text</name>
         <load_address>0x20009ec8</load_address>
         <run_address>0x20009ec8</run_address>
         <size>0x258</size>
         <input_file_ref idref="fl-9"/>
      </object_component>
      <object_component id="oc-826">
         <name>.text:_SlDrvRxHdrRead</name>
         <load_address>0x2000a120</load_address>
         <run_address>0x2000a120</run_address>
         <size>0x248</size>
         <input_file_ref idref="fl-18"/>
      </object_component>
      <object_component id="oc-446">
         <name>.text:_SlDrvReleasePoolObj</name>
         <load_address>0x2000a368</load_address>
         <run_address>0x2000a368</run_address>
         <size>0x1d0</size>
         <input_file_ref idref="fl-18"/>
      </object_component>
      <object_component id="oc-6ca">
         <name>.text:_pconv_g</name>
         <load_address>0x2000a538</load_address>
         <run_address>0x2000a538</run_address>
         <size>0x1cc</size>
         <input_file_ref idref="fl-f3"/>
      </object_component>
      <object_component id="oc-7cb">
         <name>.text</name>
         <load_address>0x2000a704</load_address>
         <run_address>0x2000a704</run_address>
         <size>0x1b6</size>
         <input_file_ref idref="fl-f5"/>
      </object_component>
      <object_component id="oc-580">
         <name>.text:_nop</name>
         <load_address>0x2000a8ba</load_address>
         <run_address>0x2000a8ba</run_address>
         <size>0x2</size>
         <input_file_ref idref="fl-ff"/>
      </object_component>
      <object_component id="oc-67c">
         <name>.text:_SlDrvMsgWrite</name>
         <load_address>0x2000a8bc</load_address>
         <run_address>0x2000a8bc</run_address>
         <size>0x19c</size>
         <input_file_ref idref="fl-18"/>
      </object_component>
      <object_component id="oc-41c">
         <name>.text:_SlDrvDriverCBInit</name>
         <load_address>0x2000aa58</load_address>
         <run_address>0x2000aa58</run_address>
         <size>0x190</size>
         <input_file_ref idref="fl-18"/>
      </object_component>
      <object_component id="oc-60f">
         <name>.text:_SlDrvWaitForPoolObj</name>
         <load_address>0x2000abe8</load_address>
         <run_address>0x2000abe8</run_address>
         <size>0x190</size>
         <input_file_ref idref="fl-18"/>
      </object_component>
      <object_component id="oc-23a">
         <name>.text:PRCMCC3200MCUInit</name>
         <load_address>0x2000ad78</load_address>
         <run_address>0x2000ad78</run_address>
         <size>0x178</size>
         <input_file_ref idref="fl-22"/>
      </object_component>
      <object_component id="oc-838">
         <name>.text:_SlFindAndSetActiveObj</name>
         <load_address>0x2000aef0</load_address>
         <run_address>0x2000aef0</run_address>
         <size>0x170</size>
         <input_file_ref idref="fl-18"/>
      </object_component>
      <object_component id="oc-422">
         <name>.text:spi_Open</name>
         <load_address>0x2000b060</load_address>
         <run_address>0x2000b060</run_address>
         <size>0x150</size>
         <input_file_ref idref="fl-1e"/>
      </object_component>
      <object_component id="oc-682">
         <name>.text:_SlDrvMsgReadCmdCtx</name>
         <load_address>0x2000b1b0</load_address>
         <run_address>0x2000b1b0</run_address>
         <size>0x13c</size>
         <input_file_ref idref="fl-18"/>
      </object_component>
      <object_component id="oc-6d6">
         <name>.text:_pconv_e</name>
         <load_address>0x2000b2ec</load_address>
         <run_address>0x2000b2ec</run_address>
         <size>0x13c</size>
         <input_file_ref idref="fl-f3"/>
      </object_component>
      <object_component id="oc-7b1">
         <name>.text</name>
         <load_address>0x2000b428</load_address>
         <run_address>0x2000b428</run_address>
         <size>0x136</size>
         <input_file_ref idref="fl-f7"/>
      </object_component>
      <object_component id="oc-ec">
         <name>.text</name>
         <load_address>0x2000b55e</load_address>
         <run_address>0x2000b55e</run_address>
         <size>0x12a</size>
         <input_file_ref idref="fl-30"/>
      </object_component>
      <object_component id="oc-486">
         <name>.text:_SlDrvDriverCBDeinit</name>
         <load_address>0x2000b688</load_address>
         <run_address>0x2000b688</run_address>
         <size>0x124</size>
         <input_file_ref idref="fl-18"/>
      </object_component>
      <object_component id="oc-7dd">
         <name>.text:fcvt</name>
         <load_address>0x2000b7ac</load_address>
         <run_address>0x2000b7ac</run_address>
         <size>0x120</size>
         <input_file_ref idref="fl-f3"/>
      </object_component>
      <object_component id="oc-34">
         <name>.text</name>
         <load_address>0x2000b8cc</load_address>
         <run_address>0x2000b8cc</run_address>
         <size>0x11c</size>
         <input_file_ref idref="fl-2b"/>
      </object_component>
      <object_component id="oc-3d0">
         <name>.text:aligned_alloc</name>
         <load_address>0x2000b9e8</load_address>
         <run_address>0x2000b9e8</run_address>
         <size>0x108</size>
         <input_file_ref idref="fl-ef"/>
      </object_component>
      <object_component id="oc-8b3">
         <name>.text:_SlDrvNetAppEventHandler</name>
         <load_address>0x2000baf0</load_address>
         <run_address>0x2000baf0</run_address>
         <size>0x104</size>
         <input_file_ref idref="fl-1a"/>
      </object_component>
      <object_component id="oc-7ac">
         <name>.text</name>
         <load_address>0x2000bbf4</load_address>
         <run_address>0x2000bbf4</run_address>
         <size>0xfc</size>
         <input_file_ref idref="fl-f8"/>
      </object_component>
      <object_component id="oc-243">
         <name>.text:sl_Start</name>
         <load_address>0x2000bcf0</load_address>
         <run_address>0x2000bcf0</run_address>
         <size>0xf0</size>
         <input_file_ref idref="fl-17"/>
      </object_component>
      <object_component id="oc-24f">
         <name>.text:sl_Stop</name>
         <load_address>0x2000bde0</load_address>
         <run_address>0x2000bde0</run_address>
         <size>0xf0</size>
         <input_file_ref idref="fl-17"/>
      </object_component>
      <object_component id="oc-958">
         <name>.text:uDMAChannelTransferSet</name>
         <load_address>0x2000bed0</load_address>
         <run_address>0x2000bed0</run_address>
         <size>0xf0</size>
         <input_file_ref idref="fl-26"/>
      </object_component>
      <object_component id="oc-788">
         <name>.text:_SlAsyncEventGenericHandler</name>
         <load_address>0x2000bfc0</load_address>
         <run_address>0x2000bfc0</run_address>
         <size>0xe8</size>
         <input_file_ref idref="fl-18"/>
      </object_component>
      <object_component id="oc-667">
         <name>.text:_SlDrvMsgReadSpawnCtx</name>
         <load_address>0x2000c0a8</load_address>
         <run_address>0x2000c0a8</run_address>
         <size>0xe8</size>
         <input_file_ref idref="fl-18"/>
      </object_component>
      <object_component id="oc-1f3">
         <name>.text:free</name>
         <load_address>0x2000c190</load_address>
         <run_address>0x2000c190</run_address>
         <size>0xe4</size>
         <input_file_ref idref="fl-ef"/>
      </object_component>
      <object_component id="oc-325">
         <name>.text:realloc</name>
         <load_address>0x2000c274</load_address>
         <run_address>0x2000c274</run_address>
         <size>0xe4</size>
         <input_file_ref idref="fl-ef"/>
      </object_component>
      <object_component id="oc-4c1">
         <name>.text:sl_NetAppMDNSRegisterUnregisterService</name>
         <load_address>0x2000c358</load_address>
         <run_address>0x2000c358</run_address>
         <size>0xe4</size>
         <input_file_ref idref="fl-1a"/>
      </object_component>
      <object_component id="oc-82c">
         <name>.text:_SlDrvClassifyRxMsg</name>
         <load_address>0x2000c43c</load_address>
         <run_address>0x2000c43c</run_address>
         <size>0xdc</size>
         <input_file_ref idref="fl-18"/>
      </object_component>
      <object_component id="oc-832">
         <name>.text:spi_Read</name>
         <load_address>0x2000c518</load_address>
         <run_address>0x2000c518</run_address>
         <size>0xdc</size>
         <input_file_ref idref="fl-1e"/>
      </object_component>
      <object_component id="oc-28c">
         <name>.text:sl_NetCfgGet</name>
         <load_address>0x2000c5f4</load_address>
         <run_address>0x2000c5f4</run_address>
         <size>0xd8</size>
         <input_file_ref idref="fl-1b"/>
      </object_component>
      <object_component id="oc-7f1">
         <name>.text:scalbn</name>
         <load_address>0x2000c6cc</load_address>
         <run_address>0x2000c6cc</run_address>
         <size>0xd0</size>
         <input_file_ref idref="fl-108"/>
      </object_component>
      <object_component id="oc-916">
         <name>.text:_sl_HandleAsync_DnsGetHostByService</name>
         <load_address>0x2000c79c</load_address>
         <run_address>0x2000c79c</run_address>
         <size>0xcc</size>
         <input_file_ref idref="fl-1a"/>
      </object_component>
      <object_component id="oc-255">
         <name>.text:sl_DevGet</name>
         <load_address>0x2000c868</load_address>
         <run_address>0x2000c868</run_address>
         <size>0xcc</size>
         <input_file_ref idref="fl-17"/>
      </object_component>
      <object_component id="oc-63e">
         <name>.text:_SlRemoveFromList</name>
         <load_address>0x2000c934</load_address>
         <run_address>0x2000c934</run_address>
         <size>0xc4</size>
         <input_file_ref idref="fl-18"/>
      </object_component>
      <object_component id="oc-46a">
         <name>.text:_SlDrvCmdOp</name>
         <load_address>0x2000c9f8</load_address>
         <run_address>0x2000c9f8</run_address>
         <size>0xc0</size>
         <input_file_ref idref="fl-18"/>
      </object_component>
      <object_component id="oc-2f">
         <name>.text</name>
         <load_address>0x2000cab8</load_address>
         <run_address>0x2000cab8</run_address>
         <size>0xba</size>
         <input_file_ref idref="fl-2c"/>
      </object_component>
      <object_component id="oc-863">
         <name>.text</name>
         <load_address>0x2000cb72</load_address>
         <run_address>0x2000cb72</run_address>
         <size>0x2</size>
         <input_file_ref idref="fl-f4"/>
      </object_component>
      <object_component id="oc-3a2">
         <name>.text:sl_FsClose</name>
         <load_address>0x2000cb74</load_address>
         <run_address>0x2000cb74</run_address>
         <size>0xb4</size>
         <input_file_ref idref="fl-19"/>
      </object_component>
      <object_component id="oc-6bf">
         <name>.text:_ltostr</name>
         <load_address>0x2000cc28</load_address>
         <run_address>0x2000cc28</run_address>
         <size>0xb1</size>
         <input_file_ref idref="fl-f3"/>
      </object_component>
      <object_component id="oc-346">
         <name>.text:IntDisable</name>
         <load_address>0x2000ccdc</load_address>
         <run_address>0x2000ccdc</run_address>
         <size>0xa8</size>
         <input_file_ref idref="fl-20"/>
      </object_component>
      <object_component id="oc-234">
         <name>.text:IntEnable</name>
         <load_address>0x2000cd84</load_address>
         <run_address>0x2000cd84</run_address>
         <size>0xa8</size>
         <input_file_ref idref="fl-20"/>
      </object_component>
      <object_component id="oc-5cc">
         <name>.text:SPIConfigSetExpClk</name>
         <load_address>0x2000ce2c</load_address>
         <run_address>0x2000ce2c</run_address>
         <size>0xa0</size>
         <input_file_ref idref="fl-23"/>
      </object_component>
      <object_component id="oc-637">
         <name>.text:_SlDriverHandleError</name>
         <load_address>0x2000cecc</load_address>
         <run_address>0x2000cecc</run_address>
         <size>0xa0</size>
         <input_file_ref idref="fl-18"/>
      </object_component>
      <object_component id="oc-48">
         <name>.text</name>
         <load_address>0x2000cf6c</load_address>
         <run_address>0x2000cf6c</run_address>
         <size>0x9c</size>
         <input_file_ref idref="fl-e7"/>
      </object_component>
      <object_component id="oc-8fc">
         <name>.text:_SlDrvDeviceEventHandler</name>
         <load_address>0x2000d008</load_address>
         <run_address>0x2000d008</run_address>
         <size>0x9a</size>
         <input_file_ref idref="fl-17"/>
      </object_component>
      <object_component id="oc-374">
         <name>.text:sl_NetAppSet</name>
         <load_address>0x2000d0a4</load_address>
         <run_address>0x2000d0a4</run_address>
         <size>0x98</size>
         <input_file_ref idref="fl-1a"/>
      </object_component>
      <object_component id="oc-26d">
         <name>.text:sl_NetCfgSet</name>
         <load_address>0x2000d13c</load_address>
         <run_address>0x2000d13c</run_address>
         <size>0x98</size>
         <input_file_ref idref="fl-1b"/>
      </object_component>
      <object_component id="oc-273">
         <name>.text:sl_WlanSet</name>
         <load_address>0x2000d1d4</load_address>
         <run_address>0x2000d1d4</run_address>
         <size>0x98</size>
         <input_file_ref idref="fl-1d"/>
      </object_component>
      <object_component id="oc-7a5">
         <name>.text</name>
         <load_address>0x2000d26c</load_address>
         <run_address>0x2000d26c</run_address>
         <size>0x96</size>
         <input_file_ref idref="fl-e9"/>
      </object_component>
      <object_component id="oc-15a">
         <name>.text:PRCMPeripheralClockGet</name>
         <load_address>0x2000d304</load_address>
         <run_address>0x2000d304</run_address>
         <size>0x94</size>
         <input_file_ref idref="fl-22"/>
      </object_component>
      <object_component id="oc-910">
         <name>.text:_sl_HandleAsync_DnsGetHostByName</name>
         <load_address>0x2000d398</load_address>
         <run_address>0x2000d398</run_address>
         <size>0x90</size>
         <input_file_ref idref="fl-1a"/>
      </object_component>
      <object_component id="oc-8b9">
         <name>.text:_sl_HandleAsync_PingResponse</name>
         <load_address>0x2000d428</load_address>
         <run_address>0x2000d428</run_address>
         <size>0x90</size>
         <input_file_ref idref="fl-1a"/>
      </object_component>
      <object_component id="oc-25b">
         <name>.text:sl_WlanPolicySet</name>
         <load_address>0x2000d4b8</load_address>
         <run_address>0x2000d4b8</run_address>
         <size>0x90</size>
         <input_file_ref idref="fl-1d"/>
      </object_component>
      <object_component id="oc-8c0">
         <name>.text:SetupDMAReceive</name>
         <load_address>0x2000d548</load_address>
         <run_address>0x2000d548</run_address>
         <size>0x8c</size>
         <input_file_ref idref="fl-1e"/>
      </object_component>
      <object_component id="oc-843">
         <name>.text:SetupDMASend</name>
         <load_address>0x2000d5d4</load_address>
         <run_address>0x2000d5d4</run_address>
         <size>0x8c</size>
         <input_file_ref idref="fl-1e"/>
      </object_component>
      <object_component id="oc-8a3">
         <name>.text:_SlDrvIsTimeoutExpired</name>
         <load_address>0x2000d660</load_address>
         <run_address>0x2000d660</run_address>
         <size>0x8c</size>
         <input_file_ref idref="fl-18"/>
      </object_component>
      <object_component id="oc-972">
         <name>.text:_sl_HandleAsync_InitComplete</name>
         <load_address>0x2000d6ec</load_address>
         <run_address>0x2000d6ec</run_address>
         <size>0x8c</size>
         <input_file_ref idref="fl-17"/>
      </object_component>
      <object_component id="oc-791">
         <name>.text:spi_Write</name>
         <load_address>0x2000d778</load_address>
         <run_address>0x2000d778</run_address>
         <size>0x8c</size>
         <input_file_ref idref="fl-1e"/>
      </object_component>
      <object_component id="oc-148">
         <name>.text:PinConfigSet</name>
         <load_address>0x2000d804</load_address>
         <run_address>0x2000d804</run_address>
         <size>0x88</size>
         <input_file_ref idref="fl-21"/>
      </object_component>
      <object_component id="oc-6c5">
         <name>.text:__aeabi_cdcmple</name>
         <load_address>0x2000d88c</load_address>
         <run_address>0x2000d88c</run_address>
         <size>0x86</size>
         <input_file_ref idref="fl-f6"/>
      </object_component>
      <object_component id="oc-7b6">
         <name>.text:__aeabi_cdrcmple</name>
         <load_address>0x2000d912</load_address>
         <run_address>0x2000d912</run_address>
         <size>0x86</size>
         <input_file_ref idref="fl-f6"/>
      </object_component>
      <object_component id="oc-416">
         <name>.text:NwpPowerOnPreamble</name>
         <load_address>0x2000d998</load_address>
         <run_address>0x2000d998</run_address>
         <size>0x84</size>
         <input_file_ref idref="fl-1e"/>
      </object_component>
      <object_component id="oc-142">
         <name>.text</name>
         <load_address>0x2000da1c</load_address>
         <run_address>0x2000da1c</run_address>
         <size>0x84</size>
         <input_file_ref idref="fl-b"/>
      </object_component>
      <object_component id="oc-27f">
         <name>.text:sl_WlanRxFilterSet</name>
         <load_address>0x2000daa0</load_address>
         <run_address>0x2000daa0</run_address>
         <size>0x84</size>
         <input_file_ref idref="fl-1d"/>
      </object_component>
      <object_component id="oc-2c4">
         <name>.text:GPIOIntTypeSet</name>
         <load_address>0x2000db24</load_address>
         <run_address>0x2000db24</run_address>
         <size>0x82</size>
         <input_file_ref idref="fl-1f"/>
      </object_component>
      <object_component id="oc-938">
         <name>.text:_sl_HandleAsync_Connect</name>
         <load_address>0x2000dba8</load_address>
         <run_address>0x2000dba8</run_address>
         <size>0x80</size>
         <input_file_ref idref="fl-1c"/>
      </object_component>
      <object_component id="oc-8c6">
         <name>.text:spi_Read_CPU</name>
         <load_address>0x2000dc28</load_address>
         <run_address>0x2000dc28</run_address>
         <size>0x80</size>
         <input_file_ref idref="fl-1e"/>
      </object_component>
      <object_component id="oc-855">
         <name>.text:spi_Write_CPU</name>
         <load_address>0x2000dca8</load_address>
         <run_address>0x2000dca8</run_address>
         <size>0x80</size>
         <input_file_ref idref="fl-1e"/>
      </object_component>
      <object_component id="oc-b2">
         <name>.text</name>
         <load_address>0x2000dd28</load_address>
         <run_address>0x2000dd28</run_address>
         <size>0x7a</size>
         <input_file_ref idref="fl-e8"/>
      </object_component>
      <object_component id="oc-480">
         <name>.text:spi_Close</name>
         <load_address>0x2000dda4</load_address>
         <run_address>0x2000dda4</run_address>
         <size>0x78</size>
         <input_file_ref idref="fl-1e"/>
      </object_component>
      <object_component id="oc-160">
         <name>.text:UARTConfigSetExpClk</name>
         <load_address>0x2000de1c</load_address>
         <run_address>0x2000de1c</run_address>
         <size>0x76</size>
         <input_file_ref idref="fl-25"/>
      </object_component>
      <object_component id="oc-526">
         <name>.text:split</name>
         <load_address>0x2000de94</load_address>
         <run_address>0x2000de94</run_address>
         <size>0x70</size>
         <input_file_ref idref="fl-ef"/>
      </object_component>
      <object_component id="oc-7d6">
         <name>.text:_mcpy</name>
         <load_address>0x2000df04</load_address>
         <run_address>0x2000df04</run_address>
         <size>0x6e</size>
         <input_file_ref idref="fl-f3"/>
      </object_component>
      <object_component id="oc-98a">
         <name>.text:_SlDrvCmdSend</name>
         <load_address>0x2000df74</load_address>
         <run_address>0x2000df74</run_address>
         <size>0x6c</size>
         <input_file_ref idref="fl-18"/>
      </object_component>
      <object_component id="oc-922">
         <name>.text:_sl_NetAppSendTokenValue</name>
         <load_address>0x2000dfe0</load_address>
         <run_address>0x2000dfe0</run_address>
         <size>0x6c</size>
         <input_file_ref idref="fl-1a"/>
      </object_component>
      <object_component id="oc-15">
         <name>.text:decompress:lzss:__TI_decompress_lzss</name>
         <load_address>0x2000e04c</load_address>
         <run_address>0x2000e04c</run_address>
         <size>0x68</size>
         <input_file_ref idref="fl-ec"/>
      </object_component>
      <object_component id="oc-932">
         <name>.text:_sl_HandleAsync_Accept</name>
         <load_address>0x2000e0b4</load_address>
         <run_address>0x2000e0b4</run_address>
         <size>0x64</size>
         <input_file_ref idref="fl-1c"/>
      </object_component>
      <object_component id="oc-279">
         <name>.text:sl_NetAppMDNSUnRegisterService</name>
         <load_address>0x2000e118</load_address>
         <run_address>0x2000e118</run_address>
         <size>0x64</size>
         <input_file_ref idref="fl-1a"/>
      </object_component>
      <object_component id="oc-745">
         <name>.text:uDMAChannelAttributeDisable</name>
         <load_address>0x2000e17c</load_address>
         <run_address>0x2000e17c</run_address>
         <size>0x64</size>
         <input_file_ref idref="fl-26"/>
      </object_component>
      <object_component id="oc-952">
         <name>.text:uDMAChannelAttributeEnable</name>
         <load_address>0x2000e1e0</load_address>
         <run_address>0x2000e1e0</run_address>
         <size>0x64</size>
         <input_file_ref idref="fl-26"/>
      </object_component>
      <object_component id="oc-261">
         <name>.text:sl_WlanProfileDel</name>
         <load_address>0x2000e244</load_address>
         <run_address>0x2000e244</run_address>
         <size>0x60</size>
         <input_file_ref idref="fl-1d"/>
      </object_component>
      <object_component id="oc-249">
         <name>.text:sl_WlanSetMode</name>
         <load_address>0x2000e2a4</load_address>
         <run_address>0x2000e2a4</run_address>
         <size>0x60</size>
         <input_file_ref idref="fl-1d"/>
      </object_component>
      <object_component id="oc-7eb">
         <name>.text:frexp</name>
         <load_address>0x2000e304</load_address>
         <run_address>0x2000e304</run_address>
         <size>0x5c</size>
         <input_file_ref idref="fl-107"/>
      </object_component>
      <object_component id="oc-629">
         <name>.text:IntPendClear</name>
         <load_address>0x2000e360</load_address>
         <run_address>0x2000e360</run_address>
         <size>0x58</size>
         <input_file_ref idref="fl-20"/>
      </object_component>
      <object_component id="oc-154">
         <name>.text:PRCMPeripheralReset</name>
         <load_address>0x2000e3b8</load_address>
         <run_address>0x2000e3b8</run_address>
         <size>0x58</size>
         <input_file_ref idref="fl-22"/>
      </object_component>
      <object_component id="oc-389">
         <name>.text:sl_NetAppStart</name>
         <load_address>0x2000e410</load_address>
         <run_address>0x2000e410</run_address>
         <size>0x58</size>
         <input_file_ref idref="fl-1a"/>
      </object_component>
      <object_component id="oc-383">
         <name>.text:sl_NetAppStop</name>
         <load_address>0x2000e468</load_address>
         <run_address>0x2000e468</run_address>
         <size>0x58</size>
         <input_file_ref idref="fl-1a"/>
      </object_component>
      <object_component id="oc-6d0">
         <name>.text:_pconv_f</name>
         <load_address>0x2000e4c0</load_address>
         <run_address>0x2000e4c0</run_address>
         <size>0x56</size>
         <input_file_ref idref="fl-f3"/>
      </object_component>
      <object_component id="oc-340">
         <name>.text:IntPrioritySet</name>
         <load_address>0x2000e518</load_address>
         <run_address>0x2000e518</run_address>
         <size>0x54</size>
         <input_file_ref idref="fl-20"/>
      </object_component>
      <object_component id="oc-7c0">
         <name>.text:__TI_ltoa</name>
         <load_address>0x2000e56c</load_address>
         <run_address>0x2000e56c</run_address>
         <size>0x54</size>
         <input_file_ref idref="fl-100"/>
      </object_component>
      <object_component id="oc-93e">
         <name>.text:_sl_HandleAsync_Select</name>
         <load_address>0x2000e5c0</load_address>
         <run_address>0x2000e5c0</run_address>
         <size>0x54</size>
         <input_file_ref idref="fl-1c"/>
      </object_component>
      <object_component id="oc-7d0">
         <name>.text:_ecpy</name>
         <load_address>0x2000e614</load_address>
         <run_address>0x2000e614</run_address>
         <size>0x52</size>
         <input_file_ref idref="fl-f3"/>
      </object_component>
      <object_component id="oc-458">
         <name>.text:_SlDrvRxIrqHandler</name>
         <load_address>0x2000e668</load_address>
         <run_address>0x2000e668</run_address>
         <size>0x50</size>
         <input_file_ref idref="fl-18"/>
      </object_component>
      <object_component id="oc-944">
         <name>.text:_sl_HandleAsync_Stop</name>
         <load_address>0x2000e6b8</load_address>
         <run_address>0x2000e6b8</run_address>
         <size>0x50</size>
         <input_file_ref idref="fl-17"/>
      </object_component>
      <object_component id="oc-5f0">
         <name>.text:SPIIntEnable</name>
         <load_address>0x2000e708</load_address>
         <run_address>0x2000e708</run_address>
         <size>0x4c</size>
         <input_file_ref idref="fl-23"/>
      </object_component>
      <object_component id="oc-428">
         <name>.text:_SlDrvProtectAsyncRespSetting</name>
         <load_address>0x2000e754</load_address>
         <run_address>0x2000e754</run_address>
         <size>0x4c</size>
         <input_file_ref idref="fl-18"/>
      </object_component>
      <object_component id="oc-6b9">
         <name>.text:atoi</name>
         <load_address>0x2000e7a0</load_address>
         <run_address>0x2000e7a0</run_address>
         <size>0x4c</size>
         <input_file_ref idref="fl-102"/>
      </object_component>
      <object_component id="oc-73f">
         <name>.text:uDMAChannelAssign</name>
         <load_address>0x2000e7ec</load_address>
         <run_address>0x2000e7ec</run_address>
         <size>0x4c</size>
         <input_file_ref idref="fl-26"/>
      </object_component>
      <object_component id="oc-760">
         <name>.text:SPIIntClear</name>
         <load_address>0x2000e838</load_address>
         <run_address>0x2000e838</run_address>
         <size>0x48</size>
         <input_file_ref idref="fl-23"/>
      </object_component>
      <object_component id="oc-4ac">
         <name>.text:_SlDrvBasicCmd</name>
         <load_address>0x2000e880</load_address>
         <run_address>0x2000e880</run_address>
         <size>0x48</size>
         <input_file_ref idref="fl-18"/>
      </object_component>
      <object_component id="oc-7bb">
         <name>.text</name>
         <load_address>0x2000e8c8</load_address>
         <run_address>0x2000e8c8</run_address>
         <size>0x48</size>
         <input_file_ref idref="fl-f9"/>
      </object_component>
      <object_component id="oc-74f">
         <name>.text:SPIDmaMaskGet</name>
         <load_address>0x2000e910</load_address>
         <run_address>0x2000e910</run_address>
         <size>0x44</size>
         <input_file_ref idref="fl-23"/>
      </object_component>
      <object_component id="oc-99f">
         <name>.text:TimerConfigure</name>
         <load_address>0x2000e954</load_address>
         <run_address>0x2000e954</run_address>
         <size>0x44</size>
         <input_file_ref idref="fl-24"/>
      </object_component>
      <object_component id="oc-983">
         <name>.text:_SlDrvHandleHttpServerEvents</name>
         <load_address>0x2000e998</load_address>
         <run_address>0x2000e998</run_address>
         <size>0x44</size>
         <input_file_ref idref="fl-18"/>
      </object_component>
      <object_component id="oc-1a5">
         <name>.text:__TI_auto_init_nobinit_nopinit:__TI_auto_init_nobinit_nopinit</name>
         <load_address>0x2000e9dc</load_address>
         <run_address>0x2000e9dc</run_address>
         <size>0x44</size>
         <input_file_ref idref="fl-fb"/>
      </object_component>
      <object_component id="oc-8d3">
         <name>.text:cc_SetupTransfer</name>
         <load_address>0x2000ea20</load_address>
         <run_address>0x2000ea20</run_address>
         <size>0x44</size>
         <input_file_ref idref="fl-1e"/>
      </object_component>
      <object_component id="oc-4da">
         <name>.text:PinModeSet</name>
         <load_address>0x2000ea64</load_address>
         <run_address>0x2000ea64</run_address>
         <size>0x40</size>
         <input_file_ref idref="fl-21"/>
      </object_component>
      <object_component id="oc-908">
         <name>.text:_SlDrvHandleNetAppEvents</name>
         <load_address>0x2000eaa4</load_address>
         <run_address>0x2000eaa4</run_address>
         <size>0x40</size>
         <input_file_ref idref="fl-18"/>
      </object_component>
      <object_component id="oc-902">
         <name>.text:_SlDrvHandleWlanEvents</name>
         <load_address>0x2000eae4</load_address>
         <run_address>0x2000eae4</run_address>
         <size>0x40</size>
         <input_file_ref idref="fl-18"/>
      </object_component>
      <object_component id="oc-440">
         <name>.text:_SlDrvSyncObjWaitTimeout</name>
         <load_address>0x2000eb24</load_address>
         <run_address>0x2000eb24</run_address>
         <size>0x40</size>
         <input_file_ref idref="fl-18"/>
      </object_component>
      <object_component id="oc-307">
         <name>.text:vsnprintf</name>
         <load_address>0x2000eb64</load_address>
         <run_address>0x2000eb64</run_address>
         <size>0x40</size>
         <input_file_ref idref="fl-e6"/>
      </object_component>
      <object_component id="oc-7e3">
         <name>.text:_fcpy</name>
         <load_address>0x2000eba4</load_address>
         <run_address>0x2000eba4</run_address>
         <size>0x3e</size>
         <input_file_ref idref="fl-f3"/>
      </object_component>
      <object_component id="oc-929">
         <name>.text:CopyPingResultsToReport</name>
         <load_address>0x2000ebe2</load_address>
         <run_address>0x2000ebe2</run_address>
         <size>0x3c</size>
         <input_file_ref idref="fl-1a"/>
      </object_component>
      <object_component id="oc-2a7">
         <name>.text:PRCMPeripheralClkEnable</name>
         <load_address>0x2000ec20</load_address>
         <run_address>0x2000ec20</run_address>
         <size>0x3c</size>
         <input_file_ref idref="fl-22"/>
      </object_component>
      <object_component id="oc-965">
         <name>.text:simplelink_timerA2_start</name>
         <load_address>0x2000ec5c</load_address>
         <run_address>0x2000ec5c</run_address>
         <size>0x3c</size>
         <input_file_ref idref="fl-1e"/>
      </object_component>
      <object_component id="oc-94c">
         <name>.text:uDMAChannelControlSet</name>
         <load_address>0x2000ec98</load_address>
         <run_address>0x2000ec98</run_address>
         <size>0x3c</size>
         <input_file_ref idref="fl-26"/>
      </object_component>
      <object_component id="oc-42e">
         <name>.text:NwpPowerOff</name>
         <load_address>0x2000ecd4</load_address>
         <run_address>0x2000ecd4</run_address>
         <size>0x38</size>
         <input_file_ref idref="fl-1e"/>
      </object_component>
      <object_component id="oc-e6">
         <name>.text</name>
         <load_address>0x2000ed0c</load_address>
         <run_address>0x2000ed0c</run_address>
         <size>0x38</size>
         <input_file_ref idref="fl-2f"/>
      </object_component>
      <object_component id="oc-267">
         <name>.text:sl_WlanDisconnect</name>
         <load_address>0x2000ed44</load_address>
         <run_address>0x2000ed44</run_address>
         <size>0x38</size>
         <input_file_ref idref="fl-1d"/>
      </object_component>
      <object_component id="oc-2b9">
         <name>.text:GPIODirModeSet</name>
         <load_address>0x2000ed7c</load_address>
         <run_address>0x2000ed7c</run_address>
         <size>0x36</size>
         <input_file_ref idref="fl-1f"/>
      </object_component>
      <object_component id="oc-43a">
         <name>.text:NwpPowerOn</name>
         <load_address>0x2000edb4</load_address>
         <run_address>0x2000edb4</run_address>
         <size>0x34</size>
         <input_file_ref idref="fl-1e"/>
      </object_component>
      <object_component id="oc-5d2">
         <name>.text:PRCMPeripheralStatusGet</name>
         <load_address>0x2000ede8</load_address>
         <run_address>0x2000ede8</run_address>
         <size>0x34</size>
         <input_file_ref idref="fl-22"/>
      </object_component>
      <object_component id="oc-5ea">
         <name>.text:SPIFIFOLevelSet</name>
         <load_address>0x2000ee1c</load_address>
         <run_address>0x2000ee1c</run_address>
         <size>0x34</size>
         <input_file_ref idref="fl-23"/>
      </object_component>
      <object_component id="oc-2b3">
         <name>.text:PinTypeGPIO</name>
         <load_address>0x2000ee50</load_address>
         <run_address>0x2000ee50</run_address>
         <size>0x30</size>
         <input_file_ref idref="fl-21"/>
      </object_component>
      <object_component id="oc-2f4">
         <name>.text:UARTDisable</name>
         <load_address>0x2000ee80</load_address>
         <run_address>0x2000ee80</run_address>
         <size>0x30</size>
         <input_file_ref idref="fl-25"/>
      </object_component>
      <object_component id="oc-508">
         <name>.text:_outs</name>
         <load_address>0x2000eeb0</load_address>
         <run_address>0x2000eeb0</run_address>
         <size>0x30</size>
         <input_file_ref idref="fl-e6"/>
      </object_component>
      <object_component id="oc-56c">
         <name>.text:_sl_Strlen</name>
         <load_address>0x2000eee0</load_address>
         <run_address>0x2000eee0</run_address>
         <size>0x30</size>
         <input_file_ref idref="fl-19"/>
      </object_component>
      <object_component id="oc-7c6">
         <name>.text</name>
         <load_address>0x2000ef10</load_address>
         <run_address>0x2000ef10</run_address>
         <size>0x2e</size>
         <input_file_ref idref="fl-fa"/>
      </object_component>
      <object_component id="oc-602">
         <name>.text:DmaSpiSwIntHandler</name>
         <load_address>0x2000ef40</load_address>
         <run_address>0x2000ef40</run_address>
         <size>0x2c</size>
         <input_file_ref idref="fl-1e"/>
      </object_component>
      <object_component id="oc-3fb">
         <name>.text:PRCMSysResetCauseGet</name>
         <load_address>0x2000ef6c</load_address>
         <run_address>0x2000ef6c</run_address>
         <size>0x2c</size>
         <input_file_ref idref="fl-22"/>
      </object_component>
      <object_component id="oc-9ab">
         <name>.text:TimerLoadSet</name>
         <load_address>0x2000ef98</load_address>
         <run_address>0x2000ef98</run_address>
         <size>0x2a</size>
         <input_file_ref idref="fl-24"/>
      </object_component>
      <object_component id="oc-9a5">
         <name>.text:TimerPrescaleSet</name>
         <load_address>0x2000efc2</load_address>
         <run_address>0x2000efc2</run_address>
         <size>0x2a</size>
         <input_file_ref idref="fl-24"/>
      </object_component>
      <object_component id="oc-40d">
         <name>.text:PRCMPeripheralClkDisable</name>
         <load_address>0x2000efec</load_address>
         <run_address>0x2000efec</run_address>
         <size>0x28</size>
         <input_file_ref idref="fl-22"/>
      </object_component>
      <object_component id="oc-670">
         <name>.text:_SlDrvObjGlobalLockWaitForever</name>
         <load_address>0x2000f014</load_address>
         <run_address>0x2000f014</run_address>
         <size>0x28</size>
         <input_file_ref idref="fl-18"/>
      </object_component>
      <object_component id="oc-615">
         <name>.text:_SlDrvProtectionObjLockWaitForever</name>
         <load_address>0x2000f03c</load_address>
         <run_address>0x2000f03c</run_address>
         <size>0x28</size>
         <input_file_ref idref="fl-18"/>
      </object_component>
      <object_component id="oc-3dd">
         <name>.text:free_list_insert</name>
         <load_address>0x2000f064</load_address>
         <run_address>0x2000f064</run_address>
         <size>0x28</size>
         <input_file_ref idref="fl-ef"/>
      </object_component>
      <object_component id="oc-31f">
         <name>.text:memmove</name>
         <load_address>0x2000f08c</load_address>
         <run_address>0x2000f08c</run_address>
         <size>0x28</size>
         <input_file_ref idref="fl-ee"/>
      </object_component>
      <object_component id="oc-434">
         <name>.text:NwpRegisterInterruptHandler</name>
         <load_address>0x2000f0b4</load_address>
         <run_address>0x2000f0b4</run_address>
         <size>0x26</size>
         <input_file_ref idref="fl-1e"/>
      </object_component>
      <object_component id="oc-9ba">
         <name>.text</name>
         <load_address>0x2000f0da</load_address>
         <run_address>0x2000f0da</run_address>
         <size>0x26</size>
         <input_file_ref idref="fl-a"/>
      </object_component>
      <object_component id="oc-34c">
         <name>.text:IntUnregister</name>
         <load_address>0x2000f100</load_address>
         <run_address>0x2000f100</run_address>
         <size>0x24</size>
         <input_file_ref idref="fl-20"/>
      </object_component>
      <object_component id="oc-2fa">
         <name>.text:UARTEnable</name>
         <load_address>0x2000f124</load_address>
         <run_address>0x2000f124</run_address>
         <size>0x24</size>
         <input_file_ref idref="fl-25"/>
      </object_component>
      <object_component id="oc-676">
         <name>.text:_SlDrvGlobalObjUnLock</name>
         <load_address>0x2000f148</load_address>
         <run_address>0x2000f148</run_address>
         <size>0x24</size>
         <input_file_ref idref="fl-18"/>
      </object_component>
      <object_component id="oc-61b">
         <name>.text:_SlDrvProtectionObjUnLock</name>
         <load_address>0x2000f16c</load_address>
         <run_address>0x2000f16c</run_address>
         <size>0x24</size>
         <input_file_ref idref="fl-18"/>
      </object_component>
      <object_component id="oc-768">
         <name>.text:_SlDrvSyncObjWaitForever</name>
         <load_address>0x2000f190</load_address>
         <run_address>0x2000f190</run_address>
         <size>0x24</size>
         <input_file_ref idref="fl-18"/>
      </object_component>
      <object_component id="oc-66">
         <name>.text:_c_int00_noargs:_c_int00_noargs</name>
         <load_address>0x2000f1b4</load_address>
         <run_address>0x2000f1b4</run_address>
         <size>0x24</size>
         <input_file_ref idref="fl-f2"/>
      </object_component>
      <object_component id="oc-38f">
         <name>.text:memcmp</name>
         <load_address>0x2000f1d8</load_address>
         <run_address>0x2000f1d8</run_address>
         <size>0x24</size>
         <input_file_ref idref="fl-ed"/>
      </object_component>
      <object_component id="oc-5c6">
         <name>.text:SPIReset</name>
         <load_address>0x2000f1fc</load_address>
         <run_address>0x2000f1fc</run_address>
         <size>0x22</size>
         <input_file_ref idref="fl-23"/>
      </object_component>
      <object_component id="oc-84f">
         <name>.text:SPIWordCountSet</name>
         <load_address>0x2000f21e</load_address>
         <run_address>0x2000f21e</run_address>
         <size>0x22</size>
         <input_file_ref idref="fl-23"/>
      </object_component>
      <object_component id="oc-2d6">
         <name>.text:GPIOPinWrite</name>
         <load_address>0x2000f240</load_address>
         <run_address>0x2000f240</run_address>
         <size>0x20</size>
         <input_file_ref idref="fl-1f"/>
      </object_component>
      <object_component id="oc-33a">
         <name>.text:IntRegister</name>
         <load_address>0x2000f260</load_address>
         <run_address>0x2000f260</run_address>
         <size>0x20</size>
         <input_file_ref idref="fl-20"/>
      </object_component>
      <object_component id="oc-47a">
         <name>.text:NwpPrePowerOffTimout0</name>
         <load_address>0x2000f280</load_address>
         <run_address>0x2000f280</run_address>
         <size>0x20</size>
         <input_file_ref idref="fl-1e"/>
      </object_component>
      <object_component id="oc-8f0">
         <name>.text:TimerGetCurrentTimestamp</name>
         <load_address>0x2000f2a0</load_address>
         <run_address>0x2000f2a0</run_address>
         <size>0x20</size>
         <input_file_ref idref="fl-1e"/>
      </object_component>
      <object_component id="oc-9b1">
         <name>.text:TimerEnable</name>
         <load_address>0x2000f2c0</load_address>
         <run_address>0x2000f2c0</run_address>
         <size>0x1e</size>
         <input_file_ref idref="fl-24"/>
      </object_component>
      <object_component id="oc-301">
         <name>.text:UARTCharPut</name>
         <load_address>0x2000f2de</load_address>
         <run_address>0x2000f2de</run_address>
         <size>0x1e</size>
         <input_file_ref idref="fl-25"/>
      </object_component>
      <object_component id="oc-644">
         <name>.text:_SlDrvSyncObjSignal</name>
         <load_address>0x2000f2fc</load_address>
         <run_address>0x2000f2fc</run_address>
         <size>0x1e</size>
         <input_file_ref idref="fl-18"/>
      </object_component>
      <object_component id="oc-5d8">
         <name>.text:cc_UDMAChannelSelect</name>
         <load_address>0x2000f31a</load_address>
         <run_address>0x2000f31a</run_address>
         <size>0x1e</size>
         <input_file_ref idref="fl-1e"/>
      </object_component>
      <object_component id="oc-96b">
         <name>.text:TimerValueGet</name>
         <load_address>0x2000f338</load_address>
         <run_address>0x2000f338</run_address>
         <size>0x1c</size>
         <input_file_ref idref="fl-24"/>
      </object_component>
      <object_component id="oc-313">
         <name>.text:UARTCharGetNonBlocking</name>
         <load_address>0x2000f354</load_address>
         <run_address>0x2000f354</run_address>
         <size>0x1c</size>
         <input_file_ref idref="fl-25"/>
      </object_component>
      <object_component id="oc-89d">
         <name>.text:_SlDrvStartMeasureTimeout</name>
         <load_address>0x2000f370</load_address>
         <run_address>0x2000f370</run_address>
         <size>0x1c</size>
         <input_file_ref idref="fl-18"/>
      </object_component>
      <object_component id="oc-3d7">
         <name>.text:free_list_remove</name>
         <load_address>0x2000f38c</load_address>
         <run_address>0x2000f38c</run_address>
         <size>0x1c</size>
         <input_file_ref idref="fl-ef"/>
      </object_component>
      <object_component id="oc-6e2">
         <name>.text:memccpy</name>
         <load_address>0x2000f3a8</load_address>
         <run_address>0x2000f3a8</run_address>
         <size>0x1c</size>
         <input_file_ref idref="fl-104"/>
      </object_component>
      <object_component id="oc-95e">
         <name>.text:uDMAChannelEnable</name>
         <load_address>0x2000f3c4</load_address>
         <run_address>0x2000f3c4</run_address>
         <size>0x1c</size>
         <input_file_ref idref="fl-26"/>
      </object_component>
      <object_component id="oc-2d0">
         <name>.text:GPIOIntEnable</name>
         <load_address>0x2000f3e0</load_address>
         <run_address>0x2000f3e0</run_address>
         <size>0x1a</size>
         <input_file_ref idref="fl-1f"/>
      </object_component>
      <object_component id="oc-2ad">
         <name>.text:PinTypeUART</name>
         <load_address>0x2000f3fa</load_address>
         <run_address>0x2000f3fa</run_address>
         <size>0x1a</size>
         <input_file_ref idref="fl-21"/>
      </object_component>
      <object_component id="oc-694">
         <name>.text:SPIDmaDisable</name>
         <load_address>0x2000f414</load_address>
         <run_address>0x2000f414</run_address>
         <size>0x1a</size>
         <input_file_ref idref="fl-23"/>
      </object_component>
      <object_component id="oc-5e4">
         <name>.text:SPIDmaEnable</name>
         <load_address>0x2000f42e</load_address>
         <run_address>0x2000f42e</run_address>
         <size>0x1a</size>
         <input_file_ref idref="fl-23"/>
      </object_component>
      <object_component id="oc-68e">
         <name>.text:SPIFIFODisable</name>
         <load_address>0x2000f448</load_address>
         <run_address>0x2000f448</run_address>
         <size>0x1a</size>
         <input_file_ref idref="fl-23"/>
      </object_component>
      <object_component id="oc-5de">
         <name>.text:SPIFIFOEnable</name>
         <load_address>0x2000f462</load_address>
         <run_address>0x2000f462</run_address>
         <size>0x1a</size>
         <input_file_ref idref="fl-23"/>
      </object_component>
      <object_component id="oc-2dc">
         <name>.text:GPIOPinRead</name>
         <load_address>0x2000f47c</load_address>
         <run_address>0x2000f47c</run_address>
         <size>0x18</size>
         <input_file_ref idref="fl-1f"/>
      </object_component>
      <object_component id="oc-5ba">
         <name>.text:SPICSDisable</name>
         <load_address>0x2000f494</load_address>
         <run_address>0x2000f494</run_address>
         <size>0x18</size>
         <input_file_ref idref="fl-23"/>
      </object_component>
      <object_component id="oc-849">
         <name>.text:SPICSEnable</name>
         <load_address>0x2000f4ac</load_address>
         <run_address>0x2000f4ac</run_address>
         <size>0x18</size>
         <input_file_ref idref="fl-23"/>
      </object_component>
      <object_component id="oc-5c0">
         <name>.text:SPIDisable</name>
         <load_address>0x2000f4c4</load_address>
         <run_address>0x2000f4c4</run_address>
         <size>0x18</size>
         <input_file_ref idref="fl-23"/>
      </object_component>
      <object_component id="oc-5f6">
         <name>.text:SPIEnable</name>
         <load_address>0x2000f4dc</load_address>
         <run_address>0x2000f4dc</run_address>
         <size>0x18</size>
         <input_file_ref idref="fl-23"/>
      </object_component>
      <object_component id="oc-30d">
         <name>.text:UARTCharsAvail</name>
         <load_address>0x2000f4f4</load_address>
         <run_address>0x2000f4f4</run_address>
         <size>0x18</size>
         <input_file_ref idref="fl-25"/>
      </object_component>
      <object_component id="oc-50e">
         <name>.text:_outc</name>
         <load_address>0x2000f50c</load_address>
         <run_address>0x2000f50c</run_address>
         <size>0x18</size>
         <input_file_ref idref="fl-e6"/>
      </object_component>
      <object_component id="oc-44c">
         <name>.text:_sl_GetStartResponseConvert</name>
         <load_address>0x2000f524</load_address>
         <run_address>0x2000f524</run_address>
         <size>0x18</size>
         <input_file_ref idref="fl-17"/>
      </object_component>
      <object_component id="oc-101">
         <name>.text</name>
         <load_address>0x2000f53c</load_address>
         <run_address>0x2000f53c</run_address>
         <size>0x18</size>
         <input_file_ref idref="fl-2"/>
      </object_component>
      <object_component id="oc-401">
         <name>.text:PRCMHIBRegRead</name>
         <load_address>0x2000f554</load_address>
         <run_address>0x2000f554</run_address>
         <size>0x16</size>
         <input_file_ref idref="fl-22"/>
      </object_component>
      <object_component id="oc-407">
         <name>.text:PRCMHIBRegWrite</name>
         <load_address>0x2000f56a</load_address>
         <run_address>0x2000f56a</run_address>
         <size>0x16</size>
         <input_file_ref idref="fl-22"/>
      </object_component>
      <object_component id="oc-54b">
         <name>.text:_SlDrvMemZero</name>
         <load_address>0x2000f580</load_address>
         <run_address>0x2000f580</run_address>
         <size>0x16</size>
         <input_file_ref idref="fl-18"/>
      </object_component>
      <object_component id="oc-7f7">
         <name>.text:strchr</name>
         <load_address>0x2000f596</load_address>
         <run_address>0x2000f596</run_address>
         <size>0x16</size>
         <input_file_ref idref="fl-105"/>
      </object_component>
      <object_component id="oc-3eb">
         <name>.text:CPUcpsie</name>
         <load_address>0x2000f5ac</load_address>
         <run_address>0x2000f5ac</run_address>
         <size>0x14</size>
         <input_file_ref idref="fl-28"/>
      </object_component>
      <object_component id="oc-2ca">
         <name>.text:GPIOIntClear</name>
         <load_address>0x2000f5c0</load_address>
         <run_address>0x2000f5c0</run_address>
         <size>0x14</size>
         <input_file_ref idref="fl-1f"/>
      </object_component>
      <object_component id="oc-228">
         <name>.text:IntVTableBaseSet</name>
         <load_address>0x2000f5d4</load_address>
         <run_address>0x2000f5d4</run_address>
         <size>0x14</size>
         <input_file_ref idref="fl-20"/>
      </object_component>
      <object_component id="oc-39b">
         <name>.text:strcpy</name>
         <load_address>0x2000f5e8</load_address>
         <run_address>0x2000f5e8</run_address>
         <size>0x14</size>
         <input_file_ref idref="fl-f0"/>
      </object_component>
      <object_component id="oc-319">
         <name>.text:strlen</name>
         <load_address>0x2000f5fc</load_address>
         <run_address>0x2000f5fc</run_address>
         <size>0x14</size>
         <input_file_ref idref="fl-f1"/>
      </object_component>
      <object_component id="oc-6e8">
         <name>.text:wcslen</name>
         <load_address>0x2000f610</load_address>
         <run_address>0x2000f610</run_address>
         <size>0x12</size>
         <input_file_ref idref="fl-10a"/>
      </object_component>
      <object_component id="oc-91c">
         <name>.text:_SlDrvDispatchHttpServerEvents</name>
         <load_address>0x2000f622</load_address>
         <run_address>0x2000f622</run_address>
         <size>0x10</size>
         <input_file_ref idref="fl-18"/>
      </object_component>
      <object_component id="oc-495">
         <name>.text:_SlDrvResetCmdExt</name>
         <load_address>0x2000f632</load_address>
         <run_address>0x2000f632</run_address>
         <size>0xe</size>
         <input_file_ref idref="fl-18"/>
      </object_component>
      <object_component id="oc-1b">
         <name>.text:decompress:none:__TI_decompress_none</name>
         <load_address>0x2000f640</load_address>
         <run_address>0x2000f640</run_address>
         <size>0xe</size>
         <input_file_ref idref="fl-eb"/>
      </object_component>
      <object_component id="oc-29">
         <name>.text</name>
         <load_address>0x2000f64e</load_address>
         <run_address>0x2000f64e</run_address>
         <size>0xe</size>
         <input_file_ref idref="fl-d"/>
      </object_component>
      <object_component id="oc-622">
         <name>.text:NwpMaskInterrupt</name>
         <load_address>0x2000f65c</load_address>
         <run_address>0x2000f65c</run_address>
         <size>0xc</size>
         <input_file_ref idref="fl-1e"/>
      </object_component>
      <object_component id="oc-630">
         <name>.text:NwpUnMaskInterrupt</name>
         <load_address>0x2000f668</load_address>
         <run_address>0x2000f668</run_address>
         <size>0xc</size>
         <input_file_ref idref="fl-1e"/>
      </object_component>
      <object_component id="oc-87c">
         <name>.text:copysign</name>
         <load_address>0x2000f674</load_address>
         <run_address>0x2000f674</run_address>
         <size>0xc</size>
         <input_file_ref idref="fl-109"/>
      </object_component>
      <object_component id="oc-5a">
         <name>.text:decompress:ZI:__TI_zero_init</name>
         <load_address>0x2000f680</load_address>
         <run_address>0x2000f680</run_address>
         <size>0xc</size>
         <input_file_ref idref="fl-ea"/>
      </object_component>
      <object_component id="oc-22e">
         <name>.text:IntMasterEnable</name>
         <load_address>0x2000f68c</load_address>
         <run_address>0x2000f68c</run_address>
         <size>0xa</size>
         <input_file_ref idref="fl-20"/>
      </object_component>
      <object_component id="oc-6ee">
         <name>.text:__aeabi_errno_addr</name>
         <load_address>0x2000f698</load_address>
         <run_address>0x2000f698</run_address>
         <size>0x8</size>
         <input_file_ref idref="fl-106"/>
      </object_component>
      <object_component id="oc-1ed">
         <name>.text:malloc</name>
         <load_address>0x2000f6a0</load_address>
         <run_address>0x2000f6a0</run_address>
         <size>0x8</size>
         <input_file_ref idref="fl-ef"/>
      </object_component>
      <object_component id="oc-5b0">
         <name>.text:UtilsDelay</name>
         <load_address>0x2000f6a8</load_address>
         <run_address>0x2000f6a8</run_address>
         <size>0x6</size>
         <input_file_ref idref="fl-27"/>
      </object_component>
      <object_component id="oc-b8">
         <name>.text:_system_pre_init</name>
         <load_address>0x2000f6ae</load_address>
         <run_address>0x2000f6ae</run_address>
         <size>0x4</size>
         <input_file_ref idref="fl-fc"/>
      </object_component>
      <object_component id="oc-199">
         <name>.text:abort:abort</name>
         <load_address>0x2000f6b2</load_address>
         <run_address>0x2000f6b2</run_address>
         <size>0x4</size>
         <input_file_ref idref="fl-fe"/>
      </object_component>
      <object_component id="oc-7a0">
         <name>.const:.string:_ctypes_</name>
         <load_address>0x2000f6b8</load_address>
         <run_address>0x2000f6b8</run_address>
         <size>0x101</size>
         <input_file_ref idref="fl-103"/>
      </object_component>
      <object_component id="oc-2c0">
         <name>.const:g_ulPinToPadMap</name>
         <load_address>0x2000f7bc</load_address>
         <run_address>0x2000f7bc</run_address>
         <size>0x100</size>
         <input_file_ref idref="fl-21"/>
      </object_component>
      <object_component id="oc-538">
         <name>.const:g_pulRegs</name>
         <load_address>0x2000f8bc</load_address>
         <run_address>0x2000f8bc</run_address>
         <size>0xd4</size>
         <input_file_ref idref="fl-20"/>
      </object_component>
      <object_component id="oc-2ee">
         <name>.const:PRCM_PeriphRegsList</name>
         <load_address>0x2000f990</load_address>
         <run_address>0x2000f990</run_address>
         <size>0xa8</size>
         <input_file_ref idref="fl-22"/>
      </object_component>
      <object_component id="oc-83f">
         <name>.const:OpcodeTranslateTable</name>
         <load_address>0x2000fa38</load_address>
         <run_address>0x2000fa38</run_address>
         <size>0x3c</size>
         <input_file_ref idref="fl-18"/>
      </object_component>
      <object_component id="oc-8cd">
         <name>.const:_SlActionLookupTable</name>
         <load_address>0x2000fa74</load_address>
         <run_address>0x2000fa74</run_address>
         <size>0x38</size>
         <input_file_ref idref="fl-18"/>
      </object_component>
      <object_component id="oc-285">
         <name>.const:$P$T1$2</name>
         <load_address>0x2000faac</load_address>
         <run_address>0x2000faac</run_address>
         <size>0x2c</size>
         <input_file_ref idref="fl-6"/>
      </object_component>
      <object_component id="oc-28b">
         <name>.const:.string:$P$T0$1</name>
         <load_address>0x2000fad8</load_address>
         <run_address>0x2000fad8</run_address>
         <size>0x22</size>
         <input_file_ref idref="fl-6"/>
      </object_component>
      <object_component id="oc-8b0">
         <name>.const:RxMsgClassLUT</name>
         <load_address>0x2000fafc</load_address>
         <run_address>0x2000fafc</run_address>
         <size>0x20</size>
         <input_file_ref idref="fl-18"/>
      </object_component>
      <object_component id="oc-53c">
         <name>.const:g_pulDisRegs</name>
         <load_address>0x2000fb1c</load_address>
         <run_address>0x2000fb1c</run_address>
         <size>0x18</size>
         <input_file_ref idref="fl-20"/>
      </object_component>
      <object_component id="oc-3f7">
         <name>.const:g_pulEnRegs</name>
[...]
         <value>0x2000696b</value>
         <object_component_ref idref="oc-352"/>
      </symbol>
      <symbol id="sm-fa4">
         <name>ucQueueGetQueueType</name>
         <value>0x200065e5</value>
         <object_component_ref idref="oc-352"/>
      </symbol>
      <symbol id="sm-1189">
         <name>vTaskDelay</name>
         <value>0x20004739</value>
         <object_component_ref idref="oc-85"/>
      </symbol>
      <symbol id="sm-118a">
         <name>vTaskSuspendAll</name>
         <value>0x20004c21</value>
         <object_component_ref idref="oc-85"/>
      </symbol>
      <symbol id="sm-118b">
         <name>vTaskPlaceOnEventList</name>
         <value>0x20005005</value>
         <object_component_ref idref="oc-85"/>
      </symbol>
      <symbol id="sm-118c">
         <name>vTaskSetTaskNumber</name>
         <value>0x20005239</value>
         <object_component_ref idref="oc-85"/>
      </symbol>
      <symbol id="sm-118d">
         <name>uxTaskPriorityGetFromISR</name>
         <value>0x20004839</value>
         <object_component_ref idref="oc-85"/>
      </symbol>
      <symbol id="sm-118e">
         <name>ulTaskNotifyTake</name>
         <value>0x200057c5</value>
         <object_component_ref idref="oc-85"/>
      </symbol>
      <symbol id="sm-118f">
         <name>pcTaskGetName</name>
         <value>0x20004d43</value>
         <object_component_ref idref="oc-85"/>
      </symbol>
      <symbol id="sm-1190">
         <name>xTaskCheckForTimeOut</name>
         <value>0x20005189</value>
         <object_component_ref idref="oc-85"/>
      </symbol>
      <symbol id="sm-1191">
         <name>vTaskRemoveFromUnorderedEventList</name>
         <value>0x200050d9</value>
         <object_component_ref idref="oc-85"/>
      </symbol>
      <symbol id="sm-1192">
         <name>vTaskPrioritySet</name>
         <value>0x20004885</value>
         <object_component_ref idref="oc-85"/>
      </symbol>
      <symbol id="sm-1193">
         <name>xTaskPriorityDisinherit</name>
         <value>0x20005609</value>
         <object_component_ref idref="oc-85"/>
      </symbol>
      <symbol id="sm-1194">
         <name>vTaskStartScheduler</name>
         <value>0x20004bb5</value>
         <object_component_ref idref="oc-85"/>
      </symbol>
      <symbol id="sm-1195">
         <name>vTaskInternalSetTimeOutState</name>
         <value>0x20005161</value>
         <object_component_ref idref="oc-85"/>
      </symbol>
      <symbol id="sm-1196">
         <name>xTaskNotifyStateClear</name>
         <value>0x20005b8f</value>
         <object_component_ref idref="oc-85"/>
      </symbol>
      <symbol id="sm-1197">
         <name>pvTaskIncrementMutexHeldCount</name>
         <value>0x200057a7</value>
         <object_component_ref idref="oc-85"/>
      </symbol>
      <symbol id="sm-1198">
         <name>xTaskGenericNotify</name>
         <value>0x200058e7</value>
         <object_component_ref idref="oc-85"/>
      </symbol>
      <symbol id="sm-1199">
         <name>vTaskPriorityDisinheritAfterTimeout</name>
         <value>0x200056ad</value>
         <object_component_ref idref="oc-85"/>
      </symbol>
      <symbol id="sm-119a">
         <name>xTaskCreate</name>
         <value>0x20004401</value>
         <object_component_ref idref="oc-85"/>
      </symbol>
      <symbol id="sm-119b">
         <name>vTaskDelayUntil</name>
         <value>0x200046a9</value>
         <object_component_ref idref="oc-85"/>
      </symbol>
      <symbol id="sm-119c">
         <name>uxTaskGetTaskNumber</name>
         <value>0x20005219</value>
         <object_component_ref idref="oc-85"/>
      </symbol>
      <symbol id="sm-119d">
         <name>vTaskEndScheduler</name>
         <value>0x20004bff</value>
         <object_component_ref idref="oc-85"/>
      </symbol>
      <symbol id="sm-119e">
         <name>xTaskNotifyWait</name>
         <value>0x20005845</value>
         <object_component_ref idref="oc-85"/>
      </symbol>
      <symbol id="sm-119f">
         <name>vTaskMissedYield</name>
         <value>0x20005207</value>
         <object_component_ref idref="oc-85"/>
      </symbol>
      <symbol id="sm-11a0">
         <name>uxTaskGetNumberOfTasks</name>
         <value>0x20004d3d</value>
         <object_component_ref idref="oc-85"/>
      </symbol>
      <symbol id="sm-11a1">
         <name>xTaskGenericNotifyFromISR</name>
         <value>0x200059d1</value>
         <object_component_ref idref="oc-85"/>
      </symbol>
      <symbol id="sm-11a2">
         <name>vTaskGetInfo</name>
         <value>0x200052f9</value>
         <object_component_ref idref="oc-85"/>
      </symbol>
      <symbol id="sm-11a3">
         <name>uxTaskPriorityGet</name>
         <value>0x20004809</value>
         <object_component_ref idref="oc-85"/>
      </symbol>
      <symbol id="sm-11a4">
         <name>xTaskResumeAll</name>
         <value>0x20004c31</value>
         <object_component_ref idref="oc-85"/>
      </symbol>
      <symbol id="sm-11a5">
         <name>xTaskGetTickCount</name>
         <value>0x20004d15</value>
         <object_component_ref idref="oc-85"/>
      </symbol>
      <symbol id="sm-11a6">
         <name>uxTaskGetSystemState</name>
         <value>0x20004d69</value>
         <object_component_ref idref="oc-85"/>
      </symbol>
      <symbol id="sm-11a7">
         <name>vTaskDelete</name>
         <value>0x200045fb</value>
         <object_component_ref idref="oc-85"/>
      </symbol>
      <symbol id="sm-11a8">
         <name>pxCurrentTCB</name>
         <value>0x2001f6f4</value>
         <object_component_ref idref="oc-7f"/>
      </symbol>
      <symbol id="sm-11a9">
         <name>vTaskNotifyGiveFromISR</name>
         <value>0x20005ae1</value>
         <object_component_ref idref="oc-85"/>
      </symbol>
      <symbol id="sm-11aa">
         <name>eTaskGetState</name>
         <value>0x20004775</value>
         <object_component_ref idref="oc-85"/>
      </symbol>
      <symbol id="sm-11ab">
         <name>vTaskSuspend</name>
         <value>0x2000499d</value>
         <object_component_ref idref="oc-85"/>
      </symbol>
      <symbol id="sm-11ac">
         <name>xTaskGetIdleTaskHandle</name>
         <value>0x20004e3b</value>
         <object_component_ref idref="oc-85"/>
      </symbol>
      <symbol id="sm-11ad">
         <name>xTaskGetTickCountFromISR</name>
         <value>0x20004d29</value>
         <object_component_ref idref="oc-85"/>
      </symbol>
      <symbol id="sm-11ae">
         <name>vTaskResume</name>
         <value>0x20004aad</value>
         <object_component_ref idref="oc-85"/>
      </symbol>
      <symbol id="sm-11af">
         <name>vTaskSetTimeOutState</name>
         <value>0x2000513b</value>
         <object_component_ref idref="oc-85"/>
      </symbol>
      <symbol id="sm-11b0">
         <name>xTaskIncrementTick</name>
         <value>0x20004e61</value>
         <object_component_ref idref="oc-85"/>
      </symbol>
      <symbol id="sm-11b1">
         <name>vTaskSwitchContext</name>
         <value>0x20004f89</value>
         <object_component_ref idref="oc-85"/>
      </symbol>
      <symbol id="sm-11b2">
         <name>uxTaskResetEventItemValue</name>
         <value>0x20005785</value>
         <object_component_ref idref="oc-85"/>
      </symbol>
      <symbol id="sm-11b3">
         <name>xTaskGetSchedulerState</name>
         <value>0x200054db</value>
         <object_component_ref idref="oc-85"/>
      </symbol>
      <symbol id="sm-11b4">
         <name>xTaskResumeFromISR</name>
         <value>0x20004b27</value>
         <object_component_ref idref="oc-85"/>
      </symbol>
      <symbol id="sm-11b5">
         <name>xTaskGetCurrentTaskHandle</name>
         <value>0x200054cb</value>
         <object_component_ref idref="oc-85"/>
      </symbol>
      <symbol id="sm-11b6">
         <name>vTaskPlaceOnUnorderedEventList</name>
         <value>0x20005021</value>
         <object_component_ref idref="oc-85"/>
      </symbol>
      <symbol id="sm-11b7">
         <name>xTaskRemoveFromEventList</name>
         <value>0x2000505d</value>
         <object_component_ref idref="oc-85"/>
      </symbol>
      <symbol id="sm-11b8">
         <name>xTaskPriorityInherit</name>
         <value>0x20005529</value>
         <object_component_ref idref="oc-85"/>
      </symbol>
      <symbol id="sm-11c8">
         <name>pvPortMalloc</name>
         <value>0x2000ed0d</value>
         <object_component_ref idref="oc-e6"/>
      </symbol>
      <symbol id="sm-11c9">
         <name>vPortFree</name>
         <value>0x2000ed2d</value>
         <object_component_ref idref="oc-e6"/>
      </symbol>
      <symbol id="sm-11df">
         <name>uxListRemove</name>
         <value>0x2000b641</value>
         <object_component_ref idref="oc-ec"/>
      </symbol>
      <symbol id="sm-11e0">
         <name>vListInsert</name>
         <value>0x2000b5db</value>
         <object_component_ref idref="oc-ec"/>
      </symbol>
      <symbol id="sm-11e1">
         <name>vListInitialiseItem</name>
         <value>0x2000b58f</value>
         <object_component_ref idref="oc-ec"/>
      </symbol>
      <symbol id="sm-11e2">
         <name>vListInsertEnd</name>
         <value>0x2000b59f</value>
         <object_component_ref idref="oc-ec"/>
      </symbol>
      <symbol id="sm-11e3">
         <name>vListInitialise</name>
         <value>0x2000b55f</value>
         <object_component_ref idref="oc-ec"/>
      </symbol>
      <symbol id="sm-1212">
         <name>vsnprintf</name>
         <value>0x2000eb65</value>
         <object_component_ref idref="oc-307"/>
      </symbol>
      <symbol id="sm-122d">
         <name>memcpy</name>
         <value>0x2000cf6d</value>
         <object_component_ref idref="oc-48"/>
      </symbol>
      <symbol id="sm-122e">
         <name>__aeabi_memcpy</name>
         <value>0x2000cf6d</value>
         <object_component_ref idref="oc-48"/>
      </symbol>
      <symbol id="sm-122f">
         <name>__aeabi_memcpy8</name>
         <value>0x2000cf6d</value>
         <object_component_ref idref="oc-48"/>
      </symbol>
      <symbol id="sm-1230">
         <name>__aeabi_memcpy4</name>
         <value>0x2000cf6d</value>
         <object_component_ref idref="oc-48"/>
      </symbol>
      <symbol id="sm-123f">
         <name>__aeabi_memset</name>
         <value>0x2000dd2b</value>
         <object_component_ref idref="oc-b2"/>
      </symbol>
      <symbol id="sm-1240">
         <name>memset</name>
         <value>0x2000dd31</value>
         <object_component_ref idref="oc-b2"/>
      </symbol>
      <symbol id="sm-1241">
         <name>__aeabi_memset8</name>
         <value>0x2000dd2b</value>
         <object_component_ref idref="oc-b2"/>
      </symbol>
      <symbol id="sm-1242">
         <name>__aeabi_memset4</name>
         <value>0x2000dd2b</value>
         <object_component_ref idref="oc-b2"/>
      </symbol>
      <symbol id="sm-1243">
         <name>__aeabi_memclr8</name>
         <value>0x2000dd29</value>
         <object_component_ref idref="oc-b2"/>
      </symbol>
      <symbol id="sm-1244">
         <name>__aeabi_memclr4</name>
         <value>0x2000dd29</value>
         <object_component_ref idref="oc-b2"/>
      </symbol>
      <symbol id="sm-1245">
         <name>__aeabi_memclr</name>
         <value>0x2000dd29</value>
         <object_component_ref idref="oc-b2"/>
      </symbol>
      <symbol id="sm-1252">
         <name>__aeabi_uldivmod</name>
         <value>0x2000d26d</value>
         <object_component_ref idref="oc-7a5"/>
      </symbol>
      <symbol id="sm-1264">
         <name>__TI_zero_init</name>
         <value>0x2000f681</value>
         <object_component_ref idref="oc-5a"/>
      </symbol>
      <symbol id="sm-127b">
         <name>__TI_decompress_none</name>
         <value>0x2000f641</value>
         <object_component_ref idref="oc-1b"/>
      </symbol>
      <symbol id="sm-129e">
         <name>__TI_decompress_lzss</name>
         <value>0x2000e04d</value>
         <object_component_ref idref="oc-15"/>
      </symbol>
      <symbol id="sm-12ae">
         <name>memcmp</name>
         <value>0x2000f1d9</value>
         <object_component_ref idref="oc-38f"/>
      </symbol>
      <symbol id="sm-12bf">
         <name>memmove</name>
         <value>0x2000f08d</value>
         <object_component_ref idref="oc-31f"/>
      </symbol>
      <symbol id="sm-135d">
         <name>_sys_memory</name>
         <value>0x20017000</value>
         <object_component_ref idref="oc-23"/>
      </symbol>
      <symbol id="sm-135e">
         <name>free</name>
         <value>0x2000c191</value>
         <object_component_ref idref="oc-1f3"/>
      </symbol>
      <symbol id="sm-135f">
         <name>realloc</name>
         <value>0x2000c275</value>
         <object_component_ref idref="oc-325"/>
      </symbol>
      <symbol id="sm-1360">
         <name>memalign</name>
         <value>0x2000b9e9</value>
         <object_component_ref idref="oc-3d0"/>
      </symbol>
      <symbol id="sm-1361">
         <name>malloc</name>
         <value>0x2000f6a1</value>
         <object_component_ref idref="oc-1ed"/>
      </symbol>
      <symbol id="sm-1362">
         <name>aligned_alloc</name>
         <value>0x2000b9e9</value>
         <object_component_ref idref="oc-3d0"/>
      </symbol>
      <symbol id="sm-1370">
         <name>strcpy</name>
         <value>0x2000f5e9</value>
         <object_component_ref idref="oc-39b"/>
      </symbol>
      <symbol id="sm-137e">
         <name>strlen</name>
         <value>0x2000f5fd</value>
         <object_component_ref idref="oc-319"/>
      </symbol>
      <symbol id="sm-1390">
         <name>__stack</name>
         <value>0x2002f800</value>
         <object_component_ref idref="oc-26"/>
      </symbol>
      <symbol id="sm-1391">
         <name>_c_int00_noargs</name>
         <value>0x2000f1b5</value>
         <object_component_ref idref="oc-66"/>
      </symbol>
      <symbol id="sm-14f6">
         <name>__TI_printfi</name>
         <value>0x20006a51</value>
         <object_component_ref idref="oc-502"/>
      </symbol>
      <symbol id="sm-1500">
         <name>__aeabi_idiv0</name>
         <value>0x2000cb73</value>
         <object_component_ref idref="oc-863"/>
      </symbol>
      <symbol id="sm-1501">
         <name>__aeabi_ldiv0</name>
         <value>0x2000cb73</value>
         <object_component_ref idref="oc-863"/>
      </symbol>
      <symbol id="sm-1518">
         <name>__aeabi_dsub</name>
         <value>0x2000a705</value>
         <object_component_ref idref="oc-7cb"/>
      </symbol>
      <symbol id="sm-1519">
         <name>__aeabi_dadd</name>
         <value>0x2000a70f</value>
         <object_component_ref idref="oc-7cb"/>
      </symbol>
      <symbol id="sm-153b">
         <name>__aeabi_cdcmpeq</name>
         <value>0x2000d88d</value>
         <object_component_ref idref="oc-6c5"/>
      </symbol>
      <symbol id="sm-153c">
         <name>__aeabi_cdcmple</name>
         <value>0x2000d88d</value>
         <object_component_ref idref="oc-6c5"/>
      </symbol>
      <symbol id="sm-153d">
         <name>__aeabi_cdrcmple</name>
         <value>0x2000d913</value>
         <object_component_ref idref="oc-7b6"/>
      </symbol>
      <symbol id="sm-1551">
         <name>__aeabi_ddiv</name>
         <value>0x2000b429</value>
         <object_component_ref idref="oc-7b1"/>
      </symbol>
      <symbol id="sm-155c">
         <name>__aeabi_dmul</name>
         <value>0x2000bbf5</value>
         <object_component_ref idref="oc-7ac"/>
      </symbol>
      <symbol id="sm-1566">
         <name>__aeabi_d2iz</name>
         <value>0x2000e8c9</value>
         <object_component_ref idref="oc-7bb"/>
      </symbol>
      <symbol id="sm-1570">
         <name>__aeabi_i2d</name>
         <value>0x2000ef11</value>
         <object_component_ref idref="oc-7c6"/>
      </symbol>
      <symbol id="sm-1598">
         <name>__TI_auto_init_nobinit_nopinit</name>
         <value>0x2000e9dd</value>
         <object_component_ref idref="oc-1a5"/>
      </symbol>
      <symbol id="sm-15a2">
         <name>_system_pre_init</name>
         <value>0x2000f6af</value>
         <object_component_ref idref="oc-b8"/>
      </symbol>
      <symbol id="sm-15ae">
         <name>C$$EXIT</name>
         <value>0x2000f6b3</value>
         <object_component_ref idref="oc-199"/>
      </symbol>
      <symbol id="sm-15af">
         <name>abort</name>
         <value>0x2000f6b3</value>
         <object_component_ref idref="oc-199"/>
      </symbol>
      <symbol id="sm-15c4">
         <name>_nop</name>
         <value>0x2000a8bb</value>
         <object_component_ref idref="oc-580"/>
      </symbol>
      <symbol id="sm-15c5">
         <name>_lock</name>
         <value>0x2001f794</value>
         <object_component_ref idref="oc-3b2"/>
      </symbol>
      <symbol id="sm-15c6">
         <name>_unlock</name>
         <value>0x2001f798</value>
         <object_component_ref idref="oc-3b2"/>
      </symbol>
      <symbol id="sm-15d5">
         <name>__TI_ltoa</name>
         <value>0x2000e56d</value>
         <object_component_ref idref="oc-7c0"/>
      </symbol>
      <symbol id="sm-15ec">
         <name>atoi</name>
         <value>0x2000e7a1</value>
         <object_component_ref idref="oc-6b9"/>
      </symbol>
      <symbol id="sm-15f7">
         <name>_ctypes_</name>
         <value>0x2000f6b8</value>
         <object_component_ref idref="oc-7a0"/>
      </symbol>
      <symbol id="sm-1607">
         <name>memccpy</name>
         <value>0x2000f3a9</value>
         <object_component_ref idref="oc-6e2"/>
      </symbol>
      <symbol id="sm-1617">
         <name>strchr</name>
         <value>0x2000f597</value>
         <object_component_ref idref="oc-7f7"/>
      </symbol>
      <symbol id="sm-162d">
         <name>__aeabi_errno_addr</name>
         <value>0x2000f699</value>
         <object_component_ref idref="oc-6ee"/>
      </symbol>
      <symbol id="sm-162e">
         <name>errno</name>
         <value>0x2001f7a8</value>
         <object_component_ref idref="oc-807"/>
      </symbol>
      <symbol id="sm-164e">
         <name>frexpl</name>
         <value>0x2000e305</value>
         <object_component_ref idref="oc-7eb"/>
      </symbol>
      <symbol id="sm-164f">
         <name>frexp</name>
         <value>0x2000e305</value>
         <object_component_ref idref="oc-7eb"/>
      </symbol>
      <symbol id="sm-166d">
         <name>scalbn</name>
         <value>0x2000c6cd</value>
         <object_component_ref idref="oc-7f1"/>
      </symbol>
      <symbol id="sm-166e">
         <name>scalbnl</name>
         <value>0x2000c6cd</value>
         <object_component_ref idref="oc-7f1"/>
      </symbol>
      <symbol id="sm-166f">
         <name>ldexpl</name>
         <value>0x2000c6cd</value>
         <object_component_ref idref="oc-7f1"/>
      </symbol>
      <symbol id="sm-1670">
         <name>ldexp</name>
         <value>0x2000c6cd</value>
         <object_component_ref idref="oc-7f1"/>
      </symbol>
      <symbol id="sm-167a">
         <name>copysign</name>
         <value>0x2000f675</value>
         <object_component_ref idref="oc-87c"/>
      </symbol>
      <symbol id="sm-167b">
         <name>copysignl</name>
         <value>0x2000f675</value>
         <object_component_ref idref="oc-87c"/>
      </symbol>
      <symbol id="sm-1694">
         <name>wcslen</name>
         <value>0x2000f611</value>
         <object_component_ref idref="oc-6e8"/>
      </symbol>
      <symbol id="sm-1695">
         <name>__TI_static_base__</name>
         <value>0x2000fcb0</value>
      </symbol>
      <symbol id="sm-1698">
         <name>__mpu_init</name>
         <value>0x0</value>
      </symbol>
      <symbol id="sm-1699">
         <name>_system_post_cinit</name>
         <value>0x0</value>
      </symbol>
   </symbol_table>
   <title>Link successful</title>
</link_info>
