******************************************************************************
                  TI ARM Linker PC v20.2.0                     
******************************************************************************
>> Linked Mon Aug 24 12:03:58 2020

OUTPUT FILE NAME:   <AirMouse_with_cc2541.out>
ENTRY POINT SYMBOL: "_c_int00_noargs"  address: 0001375d


MEMORY CONFIGURATION

         name            origin    length      used     unused   attr    fill
----------------------  --------  ---------  --------  --------  ----  --------
  SRAM_CODE             20004000   00012fff  00000c00  000123ff  RW X
  SRAM_DATA             20017000   00019000  0000987f  0000f781  RW X


SEGMENT ALLOCATION MAP

run origin  load origin   length   init length attrs members
----------  ----------- ---------- ----------- ----- -------
00000000    00000000    00013df2   00013df2    r-x
  00000000    00000000    00013df2   00013df2    r-x .text
20004000    20004000    00000c00   00000c00    r--
  20004000    20004000    00000400   00000400    r-- .intvecs
  20004400    20004400    000007a0   000007a0    r-- .const
  20004ba0    20004ba0    00000060   00000060    r-- .cinit
20017000    20017000    00009080   00000000    rw-
  20017000    20017000    00008000   00000000    rw- .sysmem
  2001f000    2001f000    00000f93   00000000    rw- .bss
  2001ff94    2001ff94    000000ec   00000000    rw- .data
2002f800    2002f800    00000800   00000000    rw-
  2002f800    2002f800    00000800   00000000    rw- .stack


SECTION ALLOCATION MAP

 output                                  attributes/
section   page    origin      length       input sections
--------  ----  ----------  ----------   ----------------
.intvecs   0    20004000    00000400     
                  20004000    00000400     startup_ccs.obj (.intvecs)

.init_array 
*          0    20004000    00000000     UNINITIALIZED

.text      0    00000000    00013df2     FAILED TO ALLOCATE
.const     0    20004400    000007a0     
                  20004400    00000101     rtsv7M4_T_le_eabi.lib : ctype.c.obj (.const:.string:_ctypes_)
                  20004501    00000003     --HOLE-- [fill = 0]
                  20004504    00000100     driverlib.a : pin.obj (.const:g_ulPinToPadMap)
                  20004604    000000d4                 : interrupt.obj (.const:g_pulRegs)
                  200046d8    000000c8     rtsv7M4_T_le_eabi.lib : strtod.c.obj (.const:$O1$$)
                  200047a0    000000a8     driverlib.a : prcm.obj (.const:PRCM_PeriphRegsList)
                  20004848    0000003c     simplelink.a : driver.obj (.const:OpcodeTranslateTable)
                  20004884    00000038                  : driver.obj (.const:_SlActionLookupTable)
                  200048bc    0000002c     app_simplelink_config.obj (.const:$P$T1$2)
                  200048e8    00000024     cJSON.obj (.const:$P$T1$4)
                  2000490c    00000024     cJSON.obj (.const:$P$T2$5)
                  20004930    00000022     app_simplelink_config.obj (.const:.string:$P$T0$1)
                  20004952    00000002     --HOLE-- [fill = 0]
                  20004954    00000020     simplelink.a : driver.obj (.const:RxMsgClassLUT)
                  20004974    0000001c     cJSON.obj (.const:$P$T0$2)
                  20004990    00000018     driverlib.a : interrupt.obj (.const:g_pulDisRegs)
                  200049a8    00000018                 : interrupt.obj (.const:g_pulEnRegs)
                  200049c0    00000018                 : interrupt.obj (.const:g_pulUnpendRegs)
                  200049d8    00000018                 : spi.obj (.const:g_ulSPIDmaMaskMap)
                  200049f0    00000016     app_storage.obj (.const:.string:$P$T2$3)
                  20004a06    00000002     --HOLE-- [fill = 0]
                  20004a08    00000014     simplelink.a : driver.obj (.const:$P$T0$1)
                  20004a1c    00000014     app_simplelink_config.obj (.const:$P$T2$3)
                  20004a30    00000014     app_storage.obj (.const:.string:$P$T1$2)
                  20004a44    00000011     app_storage.obj (.const:.string:$P$T0$1)
                  20004a55    00000011     app_p2p.obj (.const:.string:$P$T2$3)
                  20004a66    00000011     app_p2p.obj (.const:.string:$P$T3$4)
                  20004a77    00000011     app_storage.obj (.const:.string:$P$T6$7)
                  20004a88    00000010     rtsv7M4_T_le_eabi.lib : _scanfi.c.obj (.const:$O1$$)
                  20004a98    00000010     app_simplelink_config.obj (.const:$P$T4$5)
                  20004aa8    00000010     simplelink.a : socket.obj (.const:.string:_SlPayloadByProtocolLUT)
                  20004ab8    0000000f     app_http_server.obj (.const:.string:$P$T0$1)
                  20004ac7    0000000f     app_storage.obj (.const:.string:$P$T5$6)
                  20004ad6    0000000e     app_storage.obj (.const:.string:$P$T3$4)
                  20004ae4    0000000c     app_p2p.obj (.const:$P$T1$2)
                  20004af0    0000000c     app_p2p.obj (.const:.string:$P$T0$1)
                  20004afc    0000000c     app_storage.obj (.const:.string:$P$T4$5)
                  20004b08    0000000a     app_simplelink_config.obj (.const:.string:$P$T3$4)
                  20004b12    00000008     simplelink.a : device.obj (.const:StartResponseLUT)
                  20004b1a    00000002     --HOLE-- [fill = 0]
                  20004b1c    00000008                  : driver.obj (.const:g_H2NCnysPattern)
                  20004b24    00000008                  : driver.obj (.const:g_H2NSyncPattern)
                  20004b2c    00000005     main.obj (.const:.string:$P$T0$1)
                  20004b31    00000001     --HOLE-- [fill = 0]
                  20004b32    00000004     simplelink.a : socket.obj (.const:$P$T0$1)
                  20004b36    00000004                  : wlan.obj (.const:$P$T0$1)
                  20004b3a    00000004                  : socket.obj (.const:$P$T2$3)
                  20004b3e    00000004                  : socket.obj (.const:_SlAcceptCmdCtrl)
                  20004b42    00000004                  : device.obj (.const:_SlDeviceGetCmdCtrl)
                  20004b46    00000004                  : socket.obj (.const:_SlListenCmdCtrl)
                  20004b4a    00000004                  : netapp.obj (.const:_SlNetAppSendTokenValueCmdCtrl)
                  20004b4e    00000004                  : netapp.obj (.const:_SlNetAppSetCmdCtrl)
                  20004b52    00000004                  : netapp.obj (.const:_SlNetAppStartCtrl)
                  20004b56    00000004                  : netapp.obj (.const:_SlNetAppStopCtrl)
                  20004b5a    00000004                  : netcfg.obj (.const:_SlNetCfgGetCmdCtrl)
                  20004b5e    00000004                  : netcfg.obj (.const:_SlNetCfgSetCmdCtrl)
                  20004b62    00000004                  : wlan.obj (.const:_SlPolicySetCmdCtrl)
                  20004b66    00000004                  : wlan.obj (.const:_SlProfileDelCmdCtrl)
                  20004b6a    00000004                  : socket.obj (.const:_SlRecvCmdCtrl)
                  20004b6e    00000004                  : netapp.obj (.const:_SlRegisterServiceCtrl)
                  20004b72    00000004                  : wlan.obj (.const:_SlRxFilterSetCmdCtrl)
                  20004b76    00000004                  : socket.obj (.const:_SlSendCmdCtrl)
                  20004b7a    00000004                  : socket.obj (.const:_SlSetSockOptCmdCtrl)
                  20004b7e    00000004                  : socket.obj (.const:_SlSockCloseCmdCtrl)
                  20004b82    00000004                  : socket.obj (.const:_SlSockSocketCmdCtrl)
                  20004b86    00000004                  : device.obj (.const:_SlStopCmdCtrl)
                  20004b8a    00000004                  : wlan.obj (.const:_SlWlanCfgSetCmdCtrl)
                  20004b8e    00000004                  : wlan.obj (.const:_SlWlanSetModeCmdCtrl)
                  20004b92    00000002     --HOLE-- [fill = 0]
                  20004b94    00000004     free_rtos.a : port.obj (.const)
                  20004b98    00000004     simplelink.a : driver.obj (.const:httpServer_callbacks)
                  20004b9c    00000004                  : driver.obj (.const:netApp_callbacks)

.cinit     0    20004ba0    00000060     
                  20004ba0    00000036     (.cinit..data.load) [load image, compression = lzss]
                  20004bd6    00000002     --HOLE-- [fill = 0]
                  20004bd8    0000000c     (__TI_handler_table)
                  20004be4    00000004     --HOLE-- [fill = 0]
                  20004be8    00000008     (.cinit..bss.load) [load image, compression = zero_init]
                  20004bf0    00000010     (__TI_cinit_table)

.sysmem    0    20017000    00008000     UNINITIALIZED
                  20017000    00000010     rtsv7M4_T_le_eabi.lib : memory.c.obj (.sysmem)
                  20017010    00007ff0     --HOLE--

.bss       0    2001f000    00000f93     UNINITIALIZED
                  2001f000    00000514     (.common:fsStr)
                  2001f514    00000240     (.common:pushFile)
                  2001f754    00000230     app_storage.obj (.bss:fs)
                  2001f984    00000178     simplelink.a : driver.obj (.bss:g_StatMem)
                  2001fafc    00000114     (.common:pullMsg)
                  2001fc10    00000114     (.common:pushMsg)
                  2001fd24    000000c8     free_rtos.a : tasks.obj (.bss:pxReadyTasksLists)
                  2001fdec    00000050     (.common:g_ucDinDout)
                  2001fe3c    00000050     (.common:xQueueRegistry)
                  2001fe8c    00000024     (.common:g_p2p_dev)
                  2001feb0    00000024     (.common:g_ucConnectionSSID)
                  2001fed4    00000014                 : tasks.obj (.bss:xDelayedTaskList1)
                  2001fee8    00000014                 : tasks.obj (.bss:xDelayedTaskList2)
                  2001fefc    00000014                 : tasks.obj (.bss:xPendingReadyList)
                  2001ff10    00000014                 : tasks.obj (.bss:xSuspendedTaskList)
                  2001ff24    00000014                 : tasks.obj (.bss:xTasksWaitingTermination)
                  2001ff38    00000010     cJSON.obj (.bss:version$1)
                  2001ff48    00000008     free_rtos.a : tasks.obj (.bss)
                  2001ff50    00000008     (.common:g_ucConnectionBSSID)
                  2001ff58    00000004     fatfs.a : ff.obj (.bss:FatFs)
                  2001ff5c    00000004     ftp_server.obj (.bss)
                  2001ff60    00000004     uart_if.obj (.bss)
                  2001ff64    00000004     (.common:DMAMsgQ)
                  2001ff68    00000004     (.common:fsLock)
                  2001ff6c    00000004     (.common:fsSync)
                  2001ff70    00000004     (.common:g_cDummy)
                  2001ff74    00000004     (.common:httpKickStarter)
                  2001ff78    00000004     (.common:p2pKickStarter)
                  2001ff7c    00000004     (.common:pullLock)
                  2001ff80    00000004     (.common:pullSync)
                  2001ff84    00000004     (.common:pushLock)
                  2001ff88    00000004     (.common:pushSync)
                  2001ff8c    00000002     fatfs.a : ff.obj (.bss)
                  2001ff8e    00000001     (.common:RxIrqCnt)
                  2001ff8f    00000001     (.common:g_bDeviceRestartIsRequired)
                  2001ff90    00000001     (.common:g_ucLED1Pin)
                  2001ff91    00000001     (.common:g_ucLED2Pin)
                  2001ff92    00000001     (.common:g_ucLED3Pin)

.data      0    2001ff94    000000ec     UNINITIALIZED
                  2001ff94    00000034     free_rtos.a : tasks.obj (.data)
                  2001ffc8    00000021     main.obj (.data)
                  2001ffe9    00000003     --HOLE--
                  2001ffec    00000018     diskio.obj (.data:g_sDisk)
                  20020004    00000014     gpio_if.obj (.data:ulReg)
                  20020018    0000000d     simplelink.a : driver.obj (.data)
                  20020025    00000003     --HOLE--
                  20020028    0000000c     free_rtos.a : osi_freertos.obj (.data)
                  20020034    0000000c     cJSON.obj (.data:global_hooks)
                  20020040    0000000c     gpio_if.obj (.data)
                  2002004c    00000009     simplelink.a : cc_pal.obj (.data)
                  20020055    00000003     --HOLE--
                  20020058    00000008     rtsv7M4_T_le_eabi.lib : _lock.c.obj (.data:$O1$$)
                  20020060    00000008                           : memory.c.obj (.data:$O1$$)
                  20020068    00000008     cJSON.obj (.data:global_error)
                  20020070    00000004     free_rtos.a : port.obj (.data)
                  20020074    00000004     rtsv7M4_T_le_eabi.lib : errno.c.obj (.data)
                  20020078    00000004                           : strtok.c.obj (.data)
                  2002007c    00000004     simplelink.a : driver.obj (.data:wlan_callbacks)

.stack     0    2002f800    00000800     UNINITIALIZED
                  2002f800    00000004     rtsv7M4_T_le_eabi.lib : boot_cortex_m.c.obj (.stack)
                  2002f804    000007fc     --HOLE--

__llvm_prf_cnts 
*          0    20017000    00000000     UNINITIALIZED

MODULE SUMMARY

       Module                      code   ro data   rw data
       ------                      ----   -------   -------
    .\
       app_storage.obj             0      117       3012   
       startup_ccs.obj             0      1024      0      
       app_simplelink_config.obj   0      124       0      
       main.obj                    0      5         113    
       app_p2p.obj                 0      58        4      
       gpio_if.obj                 0      0         35     
       diskio.obj                  0      0         24     
       app_http_server.obj         0      15        4      
       uart_if.obj                 0      0         4      
    +--+---------------------------+------+---------+---------+
       Total:                      0      1343      3196   
                                                           
    .\cJSON\
       cJSON.obj                   0      100       36     
    +--+---------------------------+------+---------+---------+
       Total:                      0      100       36     
                                                           
    .\ftp\
       ftp_server.obj              0      0         4      
    +--+---------------------------+------+---------+---------+
       Total:                      0      0         4      
                                                           
    C:/ti/CC3200SDK_1.5.0/cc3200-sdk/driverlib/ccs/Release/driverlib.a
       interrupt.obj               0      284       0      
       pin.obj                     0      256       0      
       prcm.obj                    0      168       0      
       spi.obj                     0      24        0      
    +--+---------------------------+------+---------+---------+
       Total:                      0      732       0      
                                                           
    C:/ti/CC3200SDK_1.5.0/cc3200-sdk/oslib/ccs/free_rtos/free_rtos.a
       tasks.obj                   0      0         360    
       queue.obj                   0      0         80     
       osi_freertos.obj            0      0         12     
       port.obj                    0      4         4      
    +--+---------------------------+------+---------+---------+
       Total:                      0      4         456    
                                                           
    C:/ti/CC3200SDK_1.5.0/cc3200-sdk/simplelink/ccs/OS_debug/simplelink.a
       driver.obj                  0      192       395    
       cc_pal.obj                  0      0         97     
       socket.obj                  0      52        0      
       wlan.obj                    0      24        0      
       netapp.obj                  0      20        0      
       device.obj                  0      16        0      
       netcfg.obj                  0      8         0      
    +--+---------------------------+------+---------+---------+
       Total:                      0      312       492    
                                                           
    C:/ti/CC3200SDK_1.5.0/cc3200-sdk/third_party/fatfs/ccs/Release/fatfs.a
       ff.obj                      0      0         6      
    +--+---------------------------+------+---------+---------+
       Total:                      0      0         6      
                                                           
    C:\ti\ccs930\ccs\tools\compiler\ti-cgt-arm_20.2.0.LTS\lib\rtsv7M4_T_le_eabi.lib
       ctype.c.obj                 0      257       0      
       strtod.c.obj                0      200       0      
       _scanfi.c.obj               0      16        0      
       _lock.c.obj                 0      0         8      
       memory.c.obj                0      0         8      
       errno.c.obj                 0      0         4      
       strtok.c.obj                0      0         4      
    +--+---------------------------+------+---------+---------+
       Total:                      0      473       24     
                                                           
       Heap:                       0      0         32768  
       Stack:                      0      0         2048   
       Linker Generated:           0      90        0      
    +--+---------------------------+------+---------+---------+
       Grand Total:                0      3054      39030  


LINKER GENERATED COPY TABLES

__TI_cinit_table @ 20004bf0 records: 2, size/record: 8, table size: 16
	.data: load addr=20004ba0, load size=00000036 bytes, run addr=2001ff94, run size=000000ec bytes, compression=lzss
	.bss: load addr=20004be8, load size=00000008 bytes, run addr=2001f000, run size=00000f93 bytes, compression=zero_init


LINKER GENERATED HANDLER TABLE

__TI_handler_table @ 20004bd8 records: 3, size/record: 4, table size: 12
	index: 0, handler: __TI_decompress_lzss
	index: 1, handler: __TI_decompress_none
	index: 2, handler: __TI_zero_init


GLOBAL SYMBOLS: SORTED ALPHABETICALLY BY Name 

address   name                                   
-------   ----                                   
00008783  BoardInit                              
00013def  C$$EXIT                                
00013cb5  CPUcpsie                               
0000ae81  ClearTerm                              
00008819  ConfigureSimpleLinkToDefaultState      
2001ff64  DMAMsgQ                                
0000875d  DisplayBanner                          
00008b79  DisplayIP                              
000133c9  DmaSpiSwIntHandler                     
0000ae8b  Error                                  
00013109  GPIODirModeSet                         
00013cc9  GPIOIntClear                           
00013a6d  GPIOIntEnable                          
0001160d  GPIOIntTypeSet                         
00013b23  GPIOPinRead                            
00013851  GPIOPinWrite                           
0000aadd  GPIO_IF_ConfigureNIntEnable            
0000ab59  GPIO_IF_Get                            
0000aa97  GPIO_IF_GetPortNPin                    
0000a859  GPIO_IF_LedConfigure                   
0000a94b  GPIO_IF_LedOff                         
0000a897  GPIO_IF_LedOn                          
0000a9ff  GPIO_IF_LedStatus                      
0000aa69  GPIO_IF_LedToggle                      
0000ab1f  GPIO_IF_Set                            
0000aec3  GetCmd                                 
0000f3f5  HTTPServerTask                         
0000ae41  InitTerm                               
0000879b  InitializeAppVariables                 
00010305  IntDisable                             
000103ad  IntEnable                              
00013db9  IntMasterEnable                        
0001223d  IntPendClear                           
0001244d  IntPrioritySet                         
00013871  IntRegister                            
00013685  IntUnregister                          
00013cdd  IntVTableBaseSet                       
0000ae5f  Message                                
00013d89  NwpMaskInterrupt                       
00012ff1  NwpPowerOff                            
00013175  NwpPowerOn                             
00011505  NwpPowerOnPreamble                     
00013891  NwpPrePowerOffTimout0                  
00013611  NwpRegisterInterruptHandler            
00013d95  NwpUnMaskInterrupt                     
20004848  OpcodeTranslateTable                   
00008ff5  P2PConfiguration                       
00008c8d  P2PManagerTask                         
0000d305  PRCMCC3200MCUInit                      
00013c5d  PRCMHIBRegRead                         
00013c73  PRCMHIBRegWrite                        
000134f9  PRCMPeripheralClkDisable               
00012e15  PRCMPeripheralClkEnable                
00010c4d  PRCMPeripheralClockGet                 
00012295  PRCMPeripheralReset                    
000131a9  PRCMPeripheralStatusGet                
000133f5  PRCMSysResetCauseGet                   
00011265  PinConfigSet                           
00012e51  PinDirModeSet                          
00012b5d  PinModeSet                             
000104fd  PinMuxConfig                           
00013277  PinTypeGPIO                            
00013a87  PinTypeSDHost                          
00013aa1  PinTypeUART                            
00008b17  ReadDeviceConfiguration                
0000b011  Report                                 
00013d79  ResetISR                               
2001ff8e  RxIrqCnt                               
00013637  SDHostBlockCountSet                    
00013521  SDHostBlockSizeSet                     
000137c9  SDHostCmdReset                         
00012d5d  SDHostCmdSend                          
000138b1  SDHostDataRead                         
00013911  SDHostDataWrite                        
0001188f  SDHostInit                             
000136a9  SDHostIntClear                         
00013421  SDHostIntStatus                        
000131dd  SDHostRespGet                          
00011ec9  SDHostSetExpClk                        
00013b3b  SPICSDisable                           
00013b53  SPICSEnable                            
000105a1  SPIConfigSetExpClk                     
00013b6b  SPIDisable                             
00013abb  SPIDmaDisable                          
00013ad5  SPIDmaEnable                           
00013b83  SPIEnable                              
00013aef  SPIFIFODisable                         
00013b09  SPIFIFOEnable                          
00013211  SPIFIFOLevelSet                        
000128ad  SPIIntClear                            
00012731  SPIIntEnable                           
000137eb  SPIReset                               
0001380d  SPIWordCountSet                        
0000a65d  SimpleLinkGeneralEventHandler          
0000f455  SimpleLinkHttpServerCallback           
0000a5e9  SimpleLinkNetAppEventHandler           
0000a677  SimpleLinkSockEventHandler             
0000a401  SimpleLinkWlanEventHandler             
00008dc1  StartDeviceInP2P                       
000129c9  TimerConfigure                         
0001392f  TimerEnable                            
000138d1  TimerGetCurrentTimestamp               
00013479  TimerLoadSet                           
000134a3  TimerPrescaleSet                       
000139c5  TimerValueGet                          
0000af79  TrimSpace                              
000139e1  UARTCharGetNonBlocking                 
0001394d  UARTCharPut                            
00013b9b  UARTCharsAvail                         
00011af1  UARTConfigSetExpClk                    
000132a9  UARTDisable                            
000136cd  UARTEnable                             
00013de5  UtilsDelay                             
00009e05  VDeleteSimpleLinkSpawnTask             
00009dc3  VStartSimpleLinkSpawnTask              
00008d0f  WlanConnect                            
20004884  _SlActionLookupTable                   
00010641  _SlDriverHandleError                   
000128f5  _SlDrvBasicCmd                         
0000fd45  _SlDrvCmdOp                            
00011cb5  _SlDrvCmdSend                          
0000be7d  _SlDrvDataReadOp                       
0000da01  _SlDrvDataWriteOp                      
000108bb  _SlDrvDeviceEventHandler               
00013d3d  _SlDrvDispatchHttpServerEvents         
0000e3c5  _SlDrvDriverCBDeinit                   
0000ce59  _SlDrvDriverCBInit                     
000136f1  _SlDrvGlobalObjUnLock                  
00012a0d  _SlDrvHandleHttpServerEvents           
00012b9d  _SlDrvHandleNetAppEvents               
00012bdd  _SlDrvHandleWlanEvents                 
00010fa9  _SlDrvIsTimeoutExpired                 
00013c89  _SlDrvMemZero                          
0000f30d  _SlDrvMsgReadSpawnCtx                  
0000eb65  _SlDrvNetAppEventHandler               
0001382f  _SlDrvObjLockWaitForever               
0001396b  _SlDrvObjUnLock                        
0001277d  _SlDrvProtectAsyncRespSetting          
00013571  _SlDrvProtectionObjLockWaitForever     
00013715  _SlDrvProtectionObjUnLock              
0000c239  _SlDrvReleasePoolObj                   
00013d5d  _SlDrvResetCmdExt                      
000125f1  _SlDrvRxIrqHandler                     
000139fd  _SlDrvStartMeasureTimeout              
00013989  _SlDrvSyncObjSignal                    
00013739  _SlDrvSyncObjWaitForever               
00012c1d  _SlDrvSyncObjWaitTimeout               
0000cfe9  _SlDrvWaitForPoolObj                   
20004b4a  _SlNetAppSendTokenValueCmdCtrl         
20030000  __STACK_END                            
00000800  __STACK_SIZE                           
00008000  __SYSMEM_SIZE                          
20004bf0  __TI_CINIT_Base                        
20004c00  __TI_CINIT_Limit                       
20004bd8  __TI_Handler_Table_Base                
20004be4  __TI_Handler_Table_Limit               
00012a51  __TI_auto_init_nobinit_nopinit         
00011e61  __TI_decompress_lzss                   
00013d6b  __TI_decompress_none                   
000124a1  __TI_ltoa                              
ffffffff  __TI_pprof_out_hndl                    
00006db5  __TI_printfi                           
ffffffff  __TI_prof_data_size                    
ffffffff  __TI_prof_data_start                   
000062fd  __TI_scanfi                            
00000000  __TI_static_base__                     
00013dad  __TI_zero_init                         
000112ed  __aeabi_cdcmpeq                        
000112ed  __aeabi_cdcmple                        
00011373  __aeabi_cdrcmple                       
00011c47  __aeabi_d2f                            
0001293d  __aeabi_d2iz                           
0000c963  __aeabi_dadd                           
0000deff  __aeabi_ddiv                           
0000ed65  __aeabi_dmul                           
0000c959  __aeabi_dsub                           
00013dcd  __aeabi_errno_addr                     
00013061  __aeabi_f2d                            
00013399  __aeabi_i2d                            
0000ba37  __aeabi_idiv0                          
0000ba37  __aeabi_ldiv0                          
00013c15  __aeabi_lmul                           
00011985  __aeabi_memclr                         
00011985  __aeabi_memclr4                        
00011985  __aeabi_memclr8                        
0001081f  __aeabi_memcpy                         
0001081f  __aeabi_memcpy4                        
0001081f  __aeabi_memcpy8                        
00011987  __aeabi_memset                         
00011987  __aeabi_memset4                        
00011987  __aeabi_memset8                        
00010bb5  __aeabi_uldivmod                       
ffffffff  __binit__                              
ffffffff  __c_args__                             
00012641  __isinf                                
000122ed  __isnan                                
UNDEFED   __mpu_init                             
2002f800  __stack                                
20017000  __start___llvm_prf_cnts                
20017000  __stop___llvm_prf_cnts                 
0001375d  _c_int00_noargs                        
20004400  _ctypes_                               
20020058  _lock                                  
0000ae3f  _nop                                   
00011f31  _sl_HandleAsync_Accept                 
00011691  _sl_HandleAsync_Connect                
00010ce1  _sl_HandleAsync_DnsGetHostByName       
0000fae9  _sl_HandleAsync_DnsGetHostByService    
00011035  _sl_HandleAsync_InitComplete           
00010d71  _sl_HandleAsync_PingResponse           
000124f5  _sl_HandleAsync_Select                 
00012691  _sl_HandleAsync_Stop                   
00011d21  _sl_NetAppSendTokenValue               
20017000  _sys_memory                            
UNDEFED   _system_post_cinit                     
00013deb  _system_pre_init                       
2002005c  _unlock                                
00013def  abort                                  
0000ea5d  aligned_alloc                          
00008111  appCloseFile                           
00007ff3  appCreateFile                          
00008039  appOpenFile                            
000080c5  appReadFromeFile                       
00008083  appWriteToFile                         
00012815  atoi                                   
ffffffff  binit                                  
00001f3d  cJSON_AddArrayToObject                 
00001e2d  cJSON_AddBoolToObject                  
00001dfb  cJSON_AddFalseToObject                 
00001d43  cJSON_AddItemReferenceToArray          
00001d63  cJSON_AddItemReferenceToObject         
00001c53  cJSON_AddItemToArray                   
00001d03  cJSON_AddItemToObject                  
00001d23  cJSON_AddItemToObjectCS                
00001d97  cJSON_AddNullToObject                  
00001e63  cJSON_AddNumberToObject                
00001f0b  cJSON_AddObjectToObject                
00001ed5  cJSON_AddRawToObject                   
00001e9f  cJSON_AddStringToObject                
00001dc9  cJSON_AddTrueToObject                  
00002a31  cJSON_Compare                          
000023d1  cJSON_CreateArray                      
00002375  cJSON_CreateArrayReference             
0000226d  cJSON_CreateBool                       
0000251d  cJSON_CreateDoubleArray                
00002255  cJSON_CreateFalse                      
00002489  cJSON_CreateFloatArray                 
00002405  cJSON_CreateIntArray                   
00002225  cJSON_CreateNull                       
0000228f  cJSON_CreateNumber                     
000023e9  cJSON_CreateObject                     
0000234f  cJSON_CreateObjectReference            
0000239b  cJSON_CreateRaw                        
000022f3  cJSON_CreateString                     
0000259f  cJSON_CreateStringArray                
00002329  cJSON_CreateStringReference            
0000223d  cJSON_CreateTrue                       
00000187  cJSON_Delete                           
00002005  cJSON_DeleteItemFromArray              
0000204d  cJSON_DeleteItemFromObject             
00002061  cJSON_DeleteItemFromObjectCaseSensitive
00001fe3  cJSON_DetachItemFromArray              
00002019  cJSON_DetachItemFromObject             
00002033  cJSON_DetachItemFromObjectCaseSensitive
00001f75  cJSON_DetachItemViaPointer             
0000261f  cJSON_Duplicate                        
00001aa7  cJSON_GetArrayItem                     
00001a37  cJSON_GetArraySize                     
00000001  cJSON_GetErrorPtr                      
00000023  cJSON_GetNumberValue                   
00001b35  cJSON_GetObjectItem                    
00001b47  cJSON_GetObjectItemCaseSensitive       
0000000d  cJSON_GetStringValue                   
00001b59  cJSON_HasObjectItem                    
000000fb  cJSON_InitHooks                        
00002075  cJSON_InsertItemInArray                
000029c5  cJSON_IsArray                          
00002937  cJSON_IsBool                           
000028ef  cJSON_IsFalse                          
000028cd  cJSON_IsInvalid                        
00002959  cJSON_IsNull                           
0000297d  cJSON_IsNumber                         
000029e9  cJSON_IsObject                         
00002a0d  cJSON_IsRaw                            
000029a1  cJSON_IsString                         
00002913  cJSON_IsTrue                           
00002839  cJSON_Minify                           
00000f97  cJSON_Parse                            
00000faf  cJSON_ParseWithLength                  
00000eaf  cJSON_ParseWithLengthOpts              
00000e81  cJSON_ParseWithOpts                    
00001099  cJSON_Print                            
000010c9  cJSON_PrintBuffered                    
00001141  cJSON_PrintPreallocated                
000010a9  cJSON_PrintUnformatted                 
00002175  cJSON_ReplaceItemInArray               
000021f9  cJSON_ReplaceItemInObject              
0000220f  cJSON_ReplaceItemInObjectCaseSensitive 
000020db  cJSON_ReplaceItemViaPointer            
00000399  cJSON_SetNumberHelper                  
000003f1  cJSON_SetValuestring                   
0000003d  cJSON_Version                          
00002c0b  cJSON_free                             
00002bfb  cJSON_malloc                           
00013309  clust2sect                             
00013da1  copysign                               
00013da1  copysignl                              
0000978b  disk_initialize                        
00009ad5  disk_ioctl                             
000098d9  disk_read                              
000098bb  disk_status                            
000099bd  disk_write                             
00002f99  eTaskGetState                          
20020074  errno                                  
00013339  f_close                                
000138f1  f_closedir                             
00011a01  f_mount                                
0000bc65  f_open                                 
00010455  f_opendir                              
0000b7fd  f_read                                 
000111d9  f_readdir                              
0000ec69  f_sync                                 
0000abad  f_write                                
0000f4dd  free                                   
000121e1  frexp                                  
000121e1  frexpl                                 
2001ff68  fsLock                                 
2001f000  fsStr                                  
2001ff6c  fsSync                                 
00004695  ftpConnTask                            
00004941  ftpGetCmd                              
0000510f  ftpProcessInvalid                      
00004a1d  ftpProcessList                         
000050d5  ftpProcessNoop                         
00005063  ftpProcessPass                         
00004def  ftpProcessPasv                         
00004c13  ftpProcessPort                         
000050a9  ftpProcessQuit                         
00004aa1  ftpProcessRetr                         
00004b19  ftpProcessStor                         
0000501d  ftpProcessUser                         
000044ad  ftpServerTask                          
000052fd  ftpSetupDataConnActive                 
00005455  ftpSetupDataConnPassive                
20020018  g_SlDeviceStatus                       
2002004c  g_SpiFd                                
2001ff8f  g_bDeviceRestartIsRequired             
2001ff70  g_cDummy                               
2001ffd4  g_iSimplelinkRole                      
2001fe8c  g_p2p_dev                              
2002001c  g_pCB                                  
20020050  g_pHostIntHdl                          
20004000  g_pfnVectors                           
2001ffe8  g_ucConnectTimeout                     
2001ff50  g_ucConnectionBSSID                    
2001feb0  g_ucConnectionSSID                     
20020054  g_ucDMAEnabled                         
2001fdec  g_ucDinDout                            
2001ff90  g_ucLED1Pin                            
2001ff91  g_ucLED2Pin                            
2001ff92  g_ucLED3Pin                            
2001ffe4  g_uiDeviceModeConfig                   
20020040  g_uiLED1Port                           
20020044  g_uiLED2Port                           
20020048  g_uiLED3Port                           
2001ffe0  g_uiSimplelinkRole                     
2001ffd8  g_ulDeviceIp                           
2001ffd0  g_ulGatewayIP                          
2001ffcc  g_ulPingPacketsRecv                    
2001ffc8  g_ulStatus                             
2001ffdc  g_usMCNetworkUstate                    
0000ddc5  get_fat                                
00009b19  get_fattime                            
2001ff74  httpKickStarter                        
0000fa19  ldexp                                  
0000fa19  ldexpl                                 
00007d05  listDirectoryInJson                    
0000cb11  main                                   
00013ddd  malloc                                 
00009f19  mem_Free                               
00009f0d  mem_Malloc                             
00009f39  mem_copy                               
00009f25  mem_set                                
0000ea5d  memalign                               
00013a35  memccpy                                
00013781  memcmp                                 
0001081f  memcpy                                 
000135e9  memmove                                
0001198d  memset                                 
00009f8f  osi_ContextRestore                     
00009f8d  osi_ContextSave                        
00009f4d  osi_EnterCritical                      
00009f57  osi_ExitCritical                       
00009b6f  osi_InterruptDeRegister                
00009b49  osi_InterruptRegister                  
00009c7d  osi_LockObjCreate                      
00009ce9  osi_LockObjDelete                      
00009cf9  osi_LockObjLock                        
00009d21  osi_LockObjUnlock                      
00009e31  osi_MsgQCreate                         
00009e75  osi_MsgQDelete                         
00009ed3  osi_MsgQRead                           
00009e95  osi_MsgQWrite                          
00009f69  osi_Sleep                              
00009d4b  osi_Spawn                              
00009c5b  osi_SyncObjClear                       
00009b81  osi_SyncObjCreate                      
00009bb1  osi_SyncObjDelete                      
00009bcb  osi_SyncObjSignal                      
00009bf3  osi_SyncObjSignalFromISR               
00009c33  osi_SyncObjWait                        
00009ca3  osi_TaskCreate                         
00009cdb  osi_TaskDelete                         
00009f79  osi_TaskDisable                        
00009f83  osi_TaskEnable                         
00009f61  osi_start                              
2001ff78  p2pKickStarter                         
20020020  pPingCallBackFunc                      
0000614b  pcQueueGetName                         
00003567  pcTaskGetName                          
00007969  processGetToken                        
00007b59  processPostToken                       
2001ff7c  pullLock                               
2001fafc  pullMsg                                
2001ff80  pullSync                               
2001f514  pushFile                               
2001ff84  pushLock                               
2001fc10  pushMsg                                
2001ff88  pushSync                               
0000c5d5  put_fat                                
00013029  pvPortMalloc                           
00003fcb  pvTaskIncrementMutexHeldCount          
2001ff94  pxCurrentTCB                           
0000e609  pxPortInitialiseStack                  
0000f5c1  realloc                                
0000fa19  scalbn                                 
0000fa19  scalbnl                                
00012ec9  simplelink_timerA2_start               
0000c79d  sl_Accept                              
00010041  sl_Bind                                
000120c1  sl_Close                               
0000d179  sl_Connect                             
0000fbb5  sl_DevGet                              
00012ad9  sl_Htonl                               
00012f05  sl_Htons                               
00011d8d  sl_Listen                              
0000f6a5  sl_NetAppMDNSRegisterUnregisterService 
00011f95  sl_NetAppMDNSUnRegisterService         
00010955  sl_NetAppSet                           
00012345  sl_NetAppStart                         
0001239d  sl_NetAppStop                          
0000f941  sl_NetCfgGet                           
000109ed  sl_NetCfgSet                           
0001365d  sl_Provisioning_HttpServerEventHdl     
0001366b  sl_Provisioning_NetAppEventHdl         
00013677  sl_Provisioning_WlanEventHdl           
000106e1  sl_Recv                                
0000e035  sl_Send                                
00010a85  sl_SetSockOpt                          
000110c1  sl_Socket                              
0000ef55  sl_Start                               
0000f045  sl_Stop                                
0000b0cd  sl_WlanConnect                         
00013099  sl_WlanDisconnect                      
00010e01  sl_WlanPolicySet                       
00012121  sl_WlanProfileDel                      
00011589  sl_WlanRxFilterSet                     
00010b1d  sl_WlanSet                             
00012181  sl_WlanSetMode                         
00011a79  spi_Close                              
0000d8b1  spi_Open                               
0000f865  spi_Read                               
0001114d  spi_Write                              
00012c9d  sprintf                                
000130d1  sscanf                                 
00007e39  storageControllerTask                  
00007805  storageFatFsInit                       
00013c9f  strchr                                 
00013c2d  strcmp                                 
00013cf1  strcpy                                 
000137a5  strcspn                                
00013d05  strlen                                 
0001344d  strncmp                                
0001313f  strncpy                                
00013c45  strrchr                                
000134cd  strspn                                 
00009fad  strtod                                 
00012cdd  strtok                                 
0000e169  strtol                                 
00009fad  strtold                                
0000c05d  strtoll                                
0000e94d  strtoul                                
0000d755  strtoull                               
00013d4d  tolower                                
00012861  uDMAChannelAssign                      
00011ff9  uDMAChannelAttributeDisable            
0001205d  uDMAChannelAttributeEnable             
00012f41  uDMAChannelControlSet                  
00013a51  uDMAChannelEnable                      
0000f135  uDMAChannelTransferSet                 
00005e91  ucQueueGetQueueType                    
20004b94  ulMaxSyscallInterruptPriority          
0000ff95  ulPortGetIPSR                          
00003fe9  ulTaskNotifyTake                       
0000e37b  uxListRemove                           
00005e71  uxQueueGetQueueNumber                  
00005e13  uxQueueMessagesWaiting                 
00005e49  uxQueueMessagesWaitingFromISR          
00005e29  uxQueueSpacesAvailable                 
00003561  uxTaskGetNumberOfTasks                 
0000358d  uxTaskGetSystemState                   
00003a3d  uxTaskGetTaskNumber                    
0000302d  uxTaskPriorityGet                      
0000305d  uxTaskPriorityGetFromISR               
00003fa9  uxTaskResetEventItemValue              
00013c07  vApplicationIdleHook                   
00013c09  vApplicationMallocFailedHook           
00013c0b  vApplicationStackOverflowHook          
00013bfd  vAssertCalled                          
0000e299  vListInitialise                        
0000e2c9  vListInitialiseItem                    
0000e315  vListInsert                            
0000e2d9  vListInsertEnd                         
0000e68d  vPortEndScheduler                      
0000e68f  vPortEnterCritical                     
0000e6af  vPortExitCritical                      
00013049  vPortFree                              
0000fff9  vPortSVCHandler                        
0000e6eb  vPortSetupTimerInterrupt               
0001001d  vPortStartFirstTask                    
00006109  vQueueAddToRegistry                    
00005e5b  vQueueDelete                           
00005e7f  vQueueSetQueueNumber                   
0000618b  vQueueUnregisterQueue                  
00002f5d  vTaskDelay                             
00002ecd  vTaskDelayUntil                        
00002e1f  vTaskDelete                            
00003423  vTaskEndScheduler                      
00003b1d  vTaskGetInfo                           
00003985  vTaskInternalSetTimeOutState           
00003a2b  vTaskMissedYield                       
00004305  vTaskNotifyGiveFromISR                 
00003829  vTaskPlaceOnEventList                  
00003845  vTaskPlaceOnUnorderedEventList         
00003ed1  vTaskPriorityDisinheritAfterTimeout    
000030a9  vTaskPrioritySet                       
000038fd  vTaskRemoveFromUnorderedEventList      
000032d1  vTaskResume                            
00003a5d  vTaskSetTaskNumber                     
0000395f  vTaskSetTimeOutState                   
000033d9  vTaskStartScheduler                    
000031c1  vTaskSuspend                           
00003445  vTaskSuspendAll                        
000037ad  vTaskSwitchContext                     
00012d1d  vsnprintf                              
00013d2b  wcslen                                 
20020028  xHigherPriorityTaskWoken               
0000ffad  xPortPendSVHandler                     
0000e665  xPortStartScheduler                    
0000e6c5  xPortSysTickHandler                    
000061e3  xQueueAddToSet                         
000056bf  xQueueCreateCountingSemaphore          
00005693  xQueueCreateMutex                      
000061cf  xQueueCreateSet                        
000055d3  xQueueGenericCreate                    
00005535  xQueueGenericReset                     
000056df  xQueueGenericSend                      
00005831  xQueueGenericSendFromISR               
000058e7  xQueueGiveFromISR                      
000060a5  xQueueIsQueueEmptyFromISR              
000060e7  xQueueIsQueueFullFromISR               
00005c07  xQueuePeek                             
00005dc1  xQueuePeekFromISR                      
00005995  xQueueReceive                          
00005d29  xQueueReceiveFromISR                   
2001fe3c  xQueueRegistry                         
00006217  xQueueRemoveFromSet                    
00006259  xQueueSelectFromSet                    
00006271  xQueueSelectFromSetFromISR             
00005aad  xQueueSemaphoreTake                    
2002002c  xSimpleLinkSpawnQueue                  
20020030  xSimpleLinkSpawnTaskHndl               
000039ad  xTaskCheckForTimeOut                   
00002c25  xTaskCreate                            
0000410b  xTaskGenericNotify                     
000041f5  xTaskGenericNotifyFromISR              
00003cef  xTaskGetCurrentTaskHandle              
0000365f  xTaskGetIdleTaskHandle                 
00003cff  xTaskGetSchedulerState                 
00003539  xTaskGetTickCount                      
0000354d  xTaskGetTickCountFromISR               
00003685  xTaskIncrementTick                     
000043b3  xTaskNotifyStateClear                  
00004069  xTaskNotifyWait                        
00003e2d  xTaskPriorityDisinherit                
00003d4d  xTaskPriorityInherit                   
00003881  xTaskRemoveFromEventList               
00003455  xTaskResumeAll                         
0000334b  xTaskResumeFromISR                     


GLOBAL SYMBOLS: SORTED BY Symbol Address 

address   name                                   
-------   ----                                   
00000000  __TI_static_base__                     
00000001  cJSON_GetErrorPtr                      
0000000d  cJSON_GetStringValue                   
00000023  cJSON_GetNumberValue                   
0000003d  cJSON_Version                          
000000fb  cJSON_InitHooks                        
00000187  cJSON_Delete                           
00000399  cJSON_SetNumberHelper                  
000003f1  cJSON_SetValuestring                   
00000800  __STACK_SIZE                           
00000e81  cJSON_ParseWithOpts                    
00000eaf  cJSON_ParseWithLengthOpts              
00000f97  cJSON_Parse                            
00000faf  cJSON_ParseWithLength                  
00001099  cJSON_Print                            
000010a9  cJSON_PrintUnformatted                 
000010c9  cJSON_PrintBuffered                    
00001141  cJSON_PrintPreallocated                
00001a37  cJSON_GetArraySize                     
00001aa7  cJSON_GetArrayItem                     
00001b35  cJSON_GetObjectItem                    
00001b47  cJSON_GetObjectItemCaseSensitive       
00001b59  cJSON_HasObjectItem                    
00001c53  cJSON_AddItemToArray                   
00001d03  cJSON_AddItemToObject                  
00001d23  cJSON_AddItemToObjectCS                
00001d43  cJSON_AddItemReferenceToArray          
00001d63  cJSON_AddItemReferenceToObject         
00001d97  cJSON_AddNullToObject                  
00001dc9  cJSON_AddTrueToObject                  
00001dfb  cJSON_AddFalseToObject                 
00001e2d  cJSON_AddBoolToObject                  
00001e63  cJSON_AddNumberToObject                
00001e9f  cJSON_AddStringToObject                
00001ed5  cJSON_AddRawToObject                   
00001f0b  cJSON_AddObjectToObject                
00001f3d  cJSON_AddArrayToObject                 
00001f75  cJSON_DetachItemViaPointer             
00001fe3  cJSON_DetachItemFromArray              
00002005  cJSON_DeleteItemFromArray              
00002019  cJSON_DetachItemFromObject             
00002033  cJSON_DetachItemFromObjectCaseSensitive
0000204d  cJSON_DeleteItemFromObject             
00002061  cJSON_DeleteItemFromObjectCaseSensitive
00002075  cJSON_InsertItemInArray                
000020db  cJSON_ReplaceItemViaPointer            
00002175  cJSON_ReplaceItemInArray               
000021f9  cJSON_ReplaceItemInObject              
0000220f  cJSON_ReplaceItemInObjectCaseSensitive 
00002225  cJSON_CreateNull                       
0000223d  cJSON_CreateTrue                       
00002255  cJSON_CreateFalse                      
0000226d  cJSON_CreateBool                       
0000228f  cJSON_CreateNumber                     
000022f3  cJSON_CreateString                     
00002329  cJSON_CreateStringReference            
0000234f  cJSON_CreateObjectReference            
00002375  cJSON_CreateArrayReference             
0000239b  cJSON_CreateRaw                        
000023d1  cJSON_CreateArray                      
000023e9  cJSON_CreateObject                     
00002405  cJSON_CreateIntArray                   
00002489  cJSON_CreateFloatArray                 
0000251d  cJSON_CreateDoubleArray                
0000259f  cJSON_CreateStringArray                
0000261f  cJSON_Duplicate                        
00002839  cJSON_Minify                           
000028cd  cJSON_IsInvalid                        
000028ef  cJSON_IsFalse                          
00002913  cJSON_IsTrue                           
00002937  cJSON_IsBool                           
00002959  cJSON_IsNull                           
0000297d  cJSON_IsNumber                         
000029a1  cJSON_IsString                         
000029c5  cJSON_IsArray                          
000029e9  cJSON_IsObject                         
00002a0d  cJSON_IsRaw                            
00002a31  cJSON_Compare                          
00002bfb  cJSON_malloc                           
00002c0b  cJSON_free                             
00002c25  xTaskCreate                            
00002e1f  vTaskDelete                            
00002ecd  vTaskDelayUntil                        
00002f5d  vTaskDelay                             
00002f99  eTaskGetState                          
0000302d  uxTaskPriorityGet                      
0000305d  uxTaskPriorityGetFromISR               
000030a9  vTaskPrioritySet                       
000031c1  vTaskSuspend                           
000032d1  vTaskResume                            
0000334b  xTaskResumeFromISR                     
000033d9  vTaskStartScheduler                    
00003423  vTaskEndScheduler                      
00003445  vTaskSuspendAll                        
00003455  xTaskResumeAll                         
00003539  xTaskGetTickCount                      
0000354d  xTaskGetTickCountFromISR               
00003561  uxTaskGetNumberOfTasks                 
00003567  pcTaskGetName                          
0000358d  uxTaskGetSystemState                   
0000365f  xTaskGetIdleTaskHandle                 
00003685  xTaskIncrementTick                     
000037ad  vTaskSwitchContext                     
00003829  vTaskPlaceOnEventList                  
00003845  vTaskPlaceOnUnorderedEventList         
00003881  xTaskRemoveFromEventList               
000038fd  vTaskRemoveFromUnorderedEventList      
0000395f  vTaskSetTimeOutState                   
00003985  vTaskInternalSetTimeOutState           
000039ad  xTaskCheckForTimeOut                   
00003a2b  vTaskMissedYield                       
00003a3d  uxTaskGetTaskNumber                    
00003a5d  vTaskSetTaskNumber                     
00003b1d  vTaskGetInfo                           
00003cef  xTaskGetCurrentTaskHandle              
00003cff  xTaskGetSchedulerState                 
00003d4d  xTaskPriorityInherit                   
00003e2d  xTaskPriorityDisinherit                
00003ed1  vTaskPriorityDisinheritAfterTimeout    
00003fa9  uxTaskResetEventItemValue              
00003fcb  pvTaskIncrementMutexHeldCount          
00003fe9  ulTaskNotifyTake                       
00004069  xTaskNotifyWait                        
0000410b  xTaskGenericNotify                     
000041f5  xTaskGenericNotifyFromISR              
00004305  vTaskNotifyGiveFromISR                 
000043b3  xTaskNotifyStateClear                  
000044ad  ftpServerTask                          
00004695  ftpConnTask                            
00004941  ftpGetCmd                              
00004a1d  ftpProcessList                         
00004aa1  ftpProcessRetr                         
00004b19  ftpProcessStor                         
00004c13  ftpProcessPort                         
00004def  ftpProcessPasv                         
0000501d  ftpProcessUser                         
00005063  ftpProcessPass                         
000050a9  ftpProcessQuit                         
000050d5  ftpProcessNoop                         
0000510f  ftpProcessInvalid                      
000052fd  ftpSetupDataConnActive                 
00005455  ftpSetupDataConnPassive                
00005535  xQueueGenericReset                     
000055d3  xQueueGenericCreate                    
00005693  xQueueCreateMutex                      
000056bf  xQueueCreateCountingSemaphore          
000056df  xQueueGenericSend                      
00005831  xQueueGenericSendFromISR               
000058e7  xQueueGiveFromISR                      
00005995  xQueueReceive                          
00005aad  xQueueSemaphoreTake                    
00005c07  xQueuePeek                             
00005d29  xQueueReceiveFromISR                   
00005dc1  xQueuePeekFromISR                      
00005e13  uxQueueMessagesWaiting                 
00005e29  uxQueueSpacesAvailable                 
00005e49  uxQueueMessagesWaitingFromISR          
00005e5b  vQueueDelete                           
00005e71  uxQueueGetQueueNumber                  
00005e7f  vQueueSetQueueNumber                   
00005e91  ucQueueGetQueueType                    
000060a5  xQueueIsQueueEmptyFromISR              
000060e7  xQueueIsQueueFullFromISR               
00006109  vQueueAddToRegistry                    
0000614b  pcQueueGetName                         
0000618b  vQueueUnregisterQueue                  
000061cf  xQueueCreateSet                        
000061e3  xQueueAddToSet                         
00006217  xQueueRemoveFromSet                    
00006259  xQueueSelectFromSet                    
00006271  xQueueSelectFromSetFromISR             
000062fd  __TI_scanfi                            
00006db5  __TI_printfi                           
00007805  storageFatFsInit                       
00007969  processGetToken                        
00007b59  processPostToken                       
00007d05  listDirectoryInJson                    
00007e39  storageControllerTask                  
00007ff3  appCreateFile                          
00008000  __SYSMEM_SIZE                          
00008039  appOpenFile                            
00008083  appWriteToFile                         
000080c5  appReadFromeFile                       
00008111  appCloseFile                           
0000875d  DisplayBanner                          
00008783  BoardInit                              
0000879b  InitializeAppVariables                 
00008819  ConfigureSimpleLinkToDefaultState      
00008b17  ReadDeviceConfiguration                
00008b79  DisplayIP                              
00008c8d  P2PManagerTask                         
00008d0f  WlanConnect                            
00008dc1  StartDeviceInP2P                       
00008ff5  P2PConfiguration                       
0000978b  disk_initialize                        
000098bb  disk_status                            
000098d9  disk_read                              
000099bd  disk_write                             
00009ad5  disk_ioctl                             
00009b19  get_fattime                            
00009b49  osi_InterruptRegister                  
00009b6f  osi_InterruptDeRegister                
00009b81  osi_SyncObjCreate                      
00009bb1  osi_SyncObjDelete                      
00009bcb  osi_SyncObjSignal                      
00009bf3  osi_SyncObjSignalFromISR               
00009c33  osi_SyncObjWait                        
00009c5b  osi_SyncObjClear                       
00009c7d  osi_LockObjCreate                      
00009ca3  osi_TaskCreate                         
00009cdb  osi_TaskDelete                         
00009ce9  osi_LockObjDelete                      
00009cf9  osi_LockObjLock                        
00009d21  osi_LockObjUnlock                      
00009d4b  osi_Spawn                              
00009dc3  VStartSimpleLinkSpawnTask              
00009e05  VDeleteSimpleLinkSpawnTask             
00009e31  osi_MsgQCreate                         
00009e75  osi_MsgQDelete                         
00009e95  osi_MsgQWrite                          
00009ed3  osi_MsgQRead                           
00009f0d  mem_Malloc                             
00009f19  mem_Free                               
00009f25  mem_set                                
00009f39  mem_copy                               
00009f4d  osi_EnterCritical                      
00009f57  osi_ExitCritical                       
00009f61  osi_start                              
00009f69  osi_Sleep                              
00009f79  osi_TaskDisable                        
00009f83  osi_TaskEnable                         
00009f8d  osi_ContextSave                        
00009f8f  osi_ContextRestore                     
00009fad  strtod                                 
00009fad  strtold                                
0000a401  SimpleLinkWlanEventHandler             
0000a5e9  SimpleLinkNetAppEventHandler           
0000a65d  SimpleLinkGeneralEventHandler          
0000a677  SimpleLinkSockEventHandler             
0000a859  GPIO_IF_LedConfigure                   
0000a897  GPIO_IF_LedOn                          
0000a94b  GPIO_IF_LedOff                         
0000a9ff  GPIO_IF_LedStatus                      
0000aa69  GPIO_IF_LedToggle                      
0000aa97  GPIO_IF_GetPortNPin                    
0000aadd  GPIO_IF_ConfigureNIntEnable            
0000ab1f  GPIO_IF_Set                            
0000ab59  GPIO_IF_Get                            
0000abad  f_write                                
0000ae3f  _nop                                   
0000ae41  InitTerm                               
0000ae5f  Message                                
0000ae81  ClearTerm                              
0000ae8b  Error                                  
0000aec3  GetCmd                                 
0000af79  TrimSpace                              
0000b011  Report                                 
0000b0cd  sl_WlanConnect                         
0000b7fd  f_read                                 
0000ba37  __aeabi_idiv0                          
0000ba37  __aeabi_ldiv0                          
0000bc65  f_open                                 
0000be7d  _SlDrvDataReadOp                       
0000c05d  strtoll                                
0000c239  _SlDrvReleasePoolObj                   
0000c5d5  put_fat                                
0000c79d  sl_Accept                              
0000c959  __aeabi_dsub                           
0000c963  __aeabi_dadd                           
0000cb11  main                                   
0000ce59  _SlDrvDriverCBInit                     
0000cfe9  _SlDrvWaitForPoolObj                   
0000d179  sl_Connect                             
0000d305  PRCMCC3200MCUInit                      
0000d755  strtoull                               
0000d8b1  spi_Open                               
0000da01  _SlDrvDataWriteOp                      
0000ddc5  get_fat                                
0000deff  __aeabi_ddiv                           
0000e035  sl_Send                                
0000e169  strtol                                 
0000e299  vListInitialise                        
0000e2c9  vListInitialiseItem                    
0000e2d9  vListInsertEnd                         
0000e315  vListInsert                            
0000e37b  uxListRemove                           
0000e3c5  _SlDrvDriverCBDeinit                   
0000e609  pxPortInitialiseStack                  
0000e665  xPortStartScheduler                    
0000e68d  vPortEndScheduler                      
0000e68f  vPortEnterCritical                     
0000e6af  vPortExitCritical                      
0000e6c5  xPortSysTickHandler                    
0000e6eb  vPortSetupTimerInterrupt               
0000e94d  strtoul                                
0000ea5d  aligned_alloc                          
0000ea5d  memalign                               
0000eb65  _SlDrvNetAppEventHandler               
0000ec69  f_sync                                 
0000ed65  __aeabi_dmul                           
0000ef55  sl_Start                               
0000f045  sl_Stop                                
0000f135  uDMAChannelTransferSet                 
0000f30d  _SlDrvMsgReadSpawnCtx                  
0000f3f5  HTTPServerTask                         
0000f455  SimpleLinkHttpServerCallback           
0000f4dd  free                                   
0000f5c1  realloc                                
0000f6a5  sl_NetAppMDNSRegisterUnregisterService 
0000f865  spi_Read                               
0000f941  sl_NetCfgGet                           
0000fa19  ldexp                                  
0000fa19  ldexpl                                 
0000fa19  scalbn                                 
0000fa19  scalbnl                                
0000fae9  _sl_HandleAsync_DnsGetHostByService    
0000fbb5  sl_DevGet                              
0000fd45  _SlDrvCmdOp                            
0000ff95  ulPortGetIPSR                          
0000ffad  xPortPendSVHandler                     
0000fff9  vPortSVCHandler                        
0001001d  vPortStartFirstTask                    
00010041  sl_Bind                                
00010305  IntDisable                             
000103ad  IntEnable                              
00010455  f_opendir                              
000104fd  PinMuxConfig                           
000105a1  SPIConfigSetExpClk                     
00010641  _SlDriverHandleError                   
000106e1  sl_Recv                                
0001081f  __aeabi_memcpy                         
0001081f  __aeabi_memcpy4                        
0001081f  __aeabi_memcpy8                        
0001081f  memcpy                                 
000108bb  _SlDrvDeviceEventHandler               
00010955  sl_NetAppSet                           
000109ed  sl_NetCfgSet                           
00010a85  sl_SetSockOpt                          
00010b1d  sl_WlanSet                             
00010bb5  __aeabi_uldivmod                       
00010c4d  PRCMPeripheralClockGet                 
00010ce1  _sl_HandleAsync_DnsGetHostByName       
00010d71  _sl_HandleAsync_PingResponse           
00010e01  sl_WlanPolicySet                       
00010fa9  _SlDrvIsTimeoutExpired                 
00011035  _sl_HandleAsync_InitComplete           
000110c1  sl_Socket                              
0001114d  spi_Write                              
000111d9  f_readdir                              
00011265  PinConfigSet                           
000112ed  __aeabi_cdcmpeq                        
000112ed  __aeabi_cdcmple                        
00011373  __aeabi_cdrcmple                       
00011505  NwpPowerOnPreamble                     
00011589  sl_WlanRxFilterSet                     
0001160d  GPIOIntTypeSet                         
00011691  _sl_HandleAsync_Connect                
0001188f  SDHostInit                             
00011985  __aeabi_memclr                         
00011985  __aeabi_memclr4                        
00011985  __aeabi_memclr8                        
00011987  __aeabi_memset                         
00011987  __aeabi_memset4                        
00011987  __aeabi_memset8                        
0001198d  memset                                 
00011a01  f_mount                                
00011a79  spi_Close                              
00011af1  UARTConfigSetExpClk                    
00011c47  __aeabi_d2f                            
00011cb5  _SlDrvCmdSend                          
00011d21  _sl_NetAppSendTokenValue               
00011d8d  sl_Listen                              
00011e61  __TI_decompress_lzss                   
00011ec9  SDHostSetExpClk                        
00011f31  _sl_HandleAsync_Accept                 
00011f95  sl_NetAppMDNSUnRegisterService         
00011ff9  uDMAChannelAttributeDisable            
0001205d  uDMAChannelAttributeEnable             
000120c1  sl_Close                               
00012121  sl_WlanProfileDel                      
00012181  sl_WlanSetMode                         
000121e1  frexp                                  
000121e1  frexpl                                 
0001223d  IntPendClear                           
00012295  PRCMPeripheralReset                    
000122ed  __isnan                                
00012345  sl_NetAppStart                         
0001239d  sl_NetAppStop                          
0001244d  IntPrioritySet                         
000124a1  __TI_ltoa                              
000124f5  _sl_HandleAsync_Select                 
000125f1  _SlDrvRxIrqHandler                     
00012641  __isinf                                
00012691  _sl_HandleAsync_Stop                   
00012731  SPIIntEnable                           
0001277d  _SlDrvProtectAsyncRespSetting          
00012815  atoi                                   
00012861  uDMAChannelAssign                      
000128ad  SPIIntClear                            
000128f5  _SlDrvBasicCmd                         
0001293d  __aeabi_d2iz                           
000129c9  TimerConfigure                         
00012a0d  _SlDrvHandleHttpServerEvents           
00012a51  __TI_auto_init_nobinit_nopinit         
00012ad9  sl_Htonl                               
00012b5d  PinModeSet                             
00012b9d  _SlDrvHandleNetAppEvents               
00012bdd  _SlDrvHandleWlanEvents                 
00012c1d  _SlDrvSyncObjWaitTimeout               
00012c9d  sprintf                                
00012cdd  strtok                                 
00012d1d  vsnprintf                              
00012d5d  SDHostCmdSend                          
00012e15  PRCMPeripheralClkEnable                
00012e51  PinDirModeSet                          
00012ec9  simplelink_timerA2_start               
00012f05  sl_Htons                               
00012f41  uDMAChannelControlSet                  
00012ff1  NwpPowerOff                            
00013029  pvPortMalloc                           
00013049  vPortFree                              
00013061  __aeabi_f2d                            
00013099  sl_WlanDisconnect                      
000130d1  sscanf                                 
00013109  GPIODirModeSet                         
0001313f  strncpy                                
00013175  NwpPowerOn                             
000131a9  PRCMPeripheralStatusGet                
000131dd  SDHostRespGet                          
00013211  SPIFIFOLevelSet                        
00013277  PinTypeGPIO                            
000132a9  UARTDisable                            
00013309  clust2sect                             
00013339  f_close                                
00013399  __aeabi_i2d                            
000133c9  DmaSpiSwIntHandler                     
000133f5  PRCMSysResetCauseGet                   
00013421  SDHostIntStatus                        
0001344d  strncmp                                
00013479  TimerLoadSet                           
000134a3  TimerPrescaleSet                       
000134cd  strspn                                 
000134f9  PRCMPeripheralClkDisable               
00013521  SDHostBlockSizeSet                     
00013571  _SlDrvProtectionObjLockWaitForever     
000135e9  memmove                                
00013611  NwpRegisterInterruptHandler            
00013637  SDHostBlockCountSet                    
0001365d  sl_Provisioning_HttpServerEventHdl     
0001366b  sl_Provisioning_NetAppEventHdl         
00013677  sl_Provisioning_WlanEventHdl           
00013685  IntUnregister                          
000136a9  SDHostIntClear                         
000136cd  UARTEnable                             
000136f1  _SlDrvGlobalObjUnLock                  
00013715  _SlDrvProtectionObjUnLock              
00013739  _SlDrvSyncObjWaitForever               
0001375d  _c_int00_noargs                        
00013781  memcmp                                 
000137a5  strcspn                                
000137c9  SDHostCmdReset                         
000137eb  SPIReset                               
0001380d  SPIWordCountSet                        
0001382f  _SlDrvObjLockWaitForever               
00013851  GPIOPinWrite                           
00013871  IntRegister                            
00013891  NwpPrePowerOffTimout0                  
000138b1  SDHostDataRead                         
000138d1  TimerGetCurrentTimestamp               
000138f1  f_closedir                             
00013911  SDHostDataWrite                        
0001392f  TimerEnable                            
0001394d  UARTCharPut                            
0001396b  _SlDrvObjUnLock                        
00013989  _SlDrvSyncObjSignal                    
000139c5  TimerValueGet                          
000139e1  UARTCharGetNonBlocking                 
000139fd  _SlDrvStartMeasureTimeout              
00013a35  memccpy                                
00013a51  uDMAChannelEnable                      
00013a6d  GPIOIntEnable                          
00013a87  PinTypeSDHost                          
00013aa1  PinTypeUART                            
00013abb  SPIDmaDisable                          
00013ad5  SPIDmaEnable                           
00013aef  SPIFIFODisable                         
00013b09  SPIFIFOEnable                          
00013b23  GPIOPinRead                            
00013b3b  SPICSDisable                           
00013b53  SPICSEnable                            
00013b6b  SPIDisable                             
00013b83  SPIEnable                              
00013b9b  UARTCharsAvail                         
00013bfd  vAssertCalled                          
00013c07  vApplicationIdleHook                   
00013c09  vApplicationMallocFailedHook           
00013c0b  vApplicationStackOverflowHook          
00013c15  __aeabi_lmul                           
00013c2d  strcmp                                 
00013c45  strrchr                                
00013c5d  PRCMHIBRegRead                         
00013c73  PRCMHIBRegWrite                        
00013c89  _SlDrvMemZero                          
00013c9f  strchr                                 
00013cb5  CPUcpsie                               
00013cc9  GPIOIntClear                           
00013cdd  IntVTableBaseSet                       
00013cf1  strcpy                                 
00013d05  strlen                                 
00013d2b  wcslen                                 
00013d3d  _SlDrvDispatchHttpServerEvents         
00013d4d  tolower                                
00013d5d  _SlDrvResetCmdExt                      
00013d6b  __TI_decompress_none                   
00013d79  ResetISR                               
00013d89  NwpMaskInterrupt                       
00013d95  NwpUnMaskInterrupt                     
00013da1  copysign                               
00013da1  copysignl                              
00013dad  __TI_zero_init                         
00013db9  IntMasterEnable                        
00013dcd  __aeabi_errno_addr                     
00013ddd  malloc                                 
00013de5  UtilsDelay                             
00013deb  _system_pre_init                       
00013def  C$$EXIT                                
00013def  abort                                  
20004000  g_pfnVectors                           
20004400  _ctypes_                               
20004848  OpcodeTranslateTable                   
20004884  _SlActionLookupTable                   
20004b4a  _SlNetAppSendTokenValueCmdCtrl         
20004b94  ulMaxSyscallInterruptPriority          
20004bd8  __TI_Handler_Table_Base                
20004be4  __TI_Handler_Table_Limit               
20004bf0  __TI_CINIT_Base                        
20004c00  __TI_CINIT_Limit                       
20017000  __start___llvm_prf_cnts                
20017000  __stop___llvm_prf_cnts                 
20017000  _sys_memory                            
2001f000  fsStr                                  
2001f514  pushFile                               
2001fafc  pullMsg                                
2001fc10  pushMsg                                
2001fdec  g_ucDinDout                            
2001fe3c  xQueueRegistry                         
2001fe8c  g_p2p_dev                              
2001feb0  g_ucConnectionSSID                     
2001ff50  g_ucConnectionBSSID                    
2001ff64  DMAMsgQ                                
2001ff68  fsLock                                 
2001ff6c  fsSync                                 
2001ff70  g_cDummy                               
2001ff74  httpKickStarter                        
2001ff78  p2pKickStarter                         
2001ff7c  pullLock                               
2001ff80  pullSync                               
2001ff84  pushLock                               
2001ff88  pushSync                               
2001ff8e  RxIrqCnt                               
2001ff8f  g_bDeviceRestartIsRequired             
2001ff90  g_ucLED1Pin                            
2001ff91  g_ucLED2Pin                            
2001ff92  g_ucLED3Pin                            
2001ff94  pxCurrentTCB                           
2001ffc8  g_ulStatus                             
2001ffcc  g_ulPingPacketsRecv                    
2001ffd0  g_ulGatewayIP                          
2001ffd4  g_iSimplelinkRole                      
2001ffd8  g_ulDeviceIp                           
2001ffdc  g_usMCNetworkUstate                    
2001ffe0  g_uiSimplelinkRole                     
2001ffe4  g_uiDeviceModeConfig                   
2001ffe8  g_ucConnectTimeout                     
20020018  g_SlDeviceStatus                       
2002001c  g_pCB                                  
20020020  pPingCallBackFunc                      
20020028  xHigherPriorityTaskWoken               
2002002c  xSimpleLinkSpawnQueue                  
20020030  xSimpleLinkSpawnTaskHndl               
20020040  g_uiLED1Port                           
20020044  g_uiLED2Port                           
20020048  g_uiLED3Port                           
2002004c  g_SpiFd                                
20020050  g_pHostIntHdl                          
20020054  g_ucDMAEnabled                         
20020058  _lock                                  
2002005c  _unlock                                
20020074  errno                                  
2002f800  __stack                                
20030000  __STACK_END                            
ffffffff  __TI_pprof_out_hndl                    
ffffffff  __TI_prof_data_size                    
ffffffff  __TI_prof_data_start                   
ffffffff  __binit__                              
ffffffff  __c_args__                             
ffffffff  binit                                  
UNDEFED   __mpu_init                             
UNDEFED   _system_post_cinit                     

[599 symbols]
