******************************************************************************
                  TI ARM Linker PC v20.2.0                     
******************************************************************************
>> Linked Mon Aug 24 12:12:37 2020

OUTPUT FILE NAME:   <AirMouse_with_cc2541.out>
ENTRY POINT SYMBOL: "_c_int00_noargs"  address: 20017b5d


MEMORY CONFIGURATION

         name            origin    length      used     unused   attr    fill
----------------------  --------  ---------  --------  --------  ----  --------
  SRAM_CODE             20004000   00015fff  00014a0a  000015f5  RW X
  SRAM_DATA             2001a000   00016000  0000987f  0000c781  RW X


SEGMENT ALLOCATION MAP

run origin  load origin   length   init length attrs members
----------  ----------- ---------- ----------- ----- -------
20004000    20004000    00014a10   00014a10    r-x
  20004000    20004000    00000400   00000400    r-- .intvecs
  20004400    20004400    00013df2   00013df2    r-x .text
  200181f8    200181f8    000007a0   000007a0    r-- .const
  20018998    20018998    00000078   00000078    r-- .cinit
2001a000    2001a000    00009080   00000000    rw-
  2001a000    2001a000    00008000   00000000    rw- .sysmem
  20022000    20022000    00000f93   00000000    rw- .bss
  20022f94    20022f94    000000ec   00000000    rw- .data
2002f800    2002f800    00000800   00000000    rw-
  2002f800    2002f800    00000800   00000000    rw- .stack


SECTION ALLOCATION MAP

 output                                  attributes/
section   page    origin      length       input sections
--------  ----  ----------  ----------   ----------------
.intvecs   0    20004000    00000400     
                  20004000    00000400     startup_ccs.obj (.intvecs)

.init_array 
*          0    20004000    00000000     UNINITIALIZED

.text      0    20004400    00013df2     
                  20004400    00002c24     cJSON.obj (.text)
                  20007024    00001888     free_rtos.a : tasks.obj (.text)
                  200088ac    00001088     ftp_server.obj (.text)
                  20009934    00000dc8     free_rtos.a : queue.obj (.text)
                  2000a6fc    00000ab8     rtsv7M4_T_le_eabi.lib : _scanfi.c.obj (.text:__TI_scanfi)
                  2000b1b4    00000a4e                           : _printfi.c.obj (.text:__TI_printfi)
                  2000bc02    00000002     driverlib.a : interrupt.obj (.text:IntDefaultHandler)
                  2000bc04    000009c8     app_storage.obj (.text)
                  2000c5cc    00000590     simplelink.a : driver.obj (.text:_SlDrvMsgRead)
                  2000cb5c    00000530     app_simplelink_config.obj (.text)
                  2000d08c    00000528     app_p2p.obj (.text)
                  2000d5b4    000004d8     fatfs.a : ff.obj (.text:find_volume)
                  2000da8c    000004bc     diskio.obj (.text)
                  2000df48    00000464     free_rtos.a : osi_freertos.obj (.text)
                  2000e3ac    00000454     rtsv7M4_T_le_eabi.lib : strtod.c.obj (.text:strtod)
                  2000e800    0000041c     app_simpleLink_handlers.obj (.text)
                  2000ec1c    00000390     gpio_if.obj (.text)
                  2000efac    00000292     fatfs.a : ff.obj (.text:f_write)
                  2000f23e    00000002     rtsv7M4_T_le_eabi.lib : _lock.c.obj (.text:_nop)
                  2000f240    0000028c     uart_if.obj (.text)
                  2000f4cc    00000280     simplelink.a : wlan.obj (.text:sl_WlanConnect)
                  2000f74c    00000268     rtsv7M4_T_le_eabi.lib : _printfi.c.obj (.text:_pconv_a)
                  2000f9b4    00000248     simplelink.a : driver.obj (.text:_SlDrvRxHdrRead)
                  2000fbfc    0000023a     fatfs.a : ff.obj (.text:f_read)
                  2000fe36    00000002     rtsv7M4_T_le_eabi.lib : div0.asm.obj (.text)
                  2000fe38    0000022b     fatfs.a : ff.obj (.text:create_name)
                  20010063    00000001     --HOLE-- [fill = 0]
                  20010064    00000218             : ff.obj (.text:f_open)
                  2001027c    000001e0     simplelink.a : driver.obj (.text:_SlDrvDataReadOp)
                  2001045c    000001dc     rtsv7M4_T_le_eabi.lib : strtoll.c.obj (.text:strtoll)
                  20010638    000001d0     simplelink.a : driver.obj (.text:_SlDrvReleasePoolObj)
                  20010808    000001cc     rtsv7M4_T_le_eabi.lib : _printfi.c.obj (.text:_pconv_g)
                  200109d4    000001c8     fatfs.a : ff.obj (.text:put_fat)
                  20010b9c    000001bc     simplelink.a : socket.obj (.text:sl_Accept)
                  20010d58    000001b6     rtsv7M4_T_le_eabi.lib : fd_add_t2.asm.obj (.text)
                  20010f0e    00000002     --HOLE-- [fill = 0]
                  20010f10    000001ac     main.obj (.text)
                  200110bc    0000019c     simplelink.a : driver.obj (.text:_SlDrvMsgWrite)
                  20011258    00000190                  : driver.obj (.text:_SlDrvDriverCBInit)
                  200113e8    00000190                  : driver.obj (.text:_SlDrvWaitForPoolObj)
                  20011578    0000018c                  : socket.obj (.text:sl_Connect)
                  20011704    00000178     driverlib.a : prcm.obj (.text:PRCMCC3200MCUInit)
                  2001187c    00000170     simplelink.a : driver.obj (.text:_SlFindAndSetActiveObj)
                  200119ec    00000168     fatfs.a : ff.obj (.text:dir_next)
                  20011b54    0000015c     rtsv7M4_T_le_eabi.lib : strtoull.c.obj (.text:strtoull)
                  20011cb0    00000150     simplelink.a : cc_pal.obj (.text:spi_Open)
                  20011e00    0000014c                  : driver.obj (.text:_SlDrvDataWriteOp)
                  20011f4c    0000013c                  : driver.obj (.text:_SlDrvMsgReadCmdCtx)
                  20012088    0000013c     rtsv7M4_T_le_eabi.lib : _printfi.c.obj (.text:_pconv_e)
                  200121c4    0000013a     fatfs.a : ff.obj (.text:get_fat)
                  200122fe    00000136     rtsv7M4_T_le_eabi.lib : fd_div_t2.asm.obj (.text)
                  20012434    00000134     simplelink.a : socket.obj (.text:sl_Send)
                  20012568    00000130     rtsv7M4_T_le_eabi.lib : strtol.c.obj (.text:strtol)
                  20012698    0000012a     free_rtos.a : list.obj (.text)
                  200127c2    00000002     --HOLE-- [fill = 0]
                  200127c4    00000124     simplelink.a : driver.obj (.text:_SlDrvDriverCBDeinit)
                  200128e8    00000120     rtsv7M4_T_le_eabi.lib : _printfi.c.obj (.text:fcvt)
                  20012a08    0000011c     free_rtos.a : port.obj (.text)
                  20012b24    00000114     fatfs.a : ff.obj (.text:create_chain)
                  20012c38    00000114             : ff.obj (.text:sync_fs)
                  20012d4c    00000110     rtsv7M4_T_le_eabi.lib : strtoul.c.obj (.text:strtoul)
                  20012e5c    00000108                           : memory.c.obj (.text:aligned_alloc)
                  20012f64    00000104     simplelink.a : netapp.obj (.text:_SlDrvNetAppEventHandler)
                  20013068    000000fc     fatfs.a : ff.obj (.text:f_sync)
                  20013164    000000fc     rtsv7M4_T_le_eabi.lib : fd_mul_t2.asm.obj (.text)
                  20013260    000000f2     fatfs.a : ff.obj (.text:dir_sdi)
                  20013352    00000002     --HOLE-- [fill = 0]
                  20013354    000000f0     simplelink.a : device.obj (.text:sl_Start)
                  20013444    000000f0                  : device.obj (.text:sl_Stop)
                  20013534    000000f0     driverlib.a : udma.obj (.text:uDMAChannelTransferSet)
                  20013624    000000e8     simplelink.a : driver.obj (.text:_SlAsyncEventGenericHandler)
                  2001370c    000000e8                  : driver.obj (.text:_SlDrvMsgReadSpawnCtx)
                  200137f4    000000e8     app_http_server.obj (.text)
                  200138dc    000000e4     rtsv7M4_T_le_eabi.lib : memory.c.obj (.text:free)
                  200139c0    000000e4                           : memory.c.obj (.text:realloc)
                  20013aa4    000000e4     simplelink.a : netapp.obj (.text:sl_NetAppMDNSRegisterUnregisterService)
                  20013b88    000000dc                  : driver.obj (.text:_SlDrvClassifyRxMsg)
                  20013c64    000000dc                  : cc_pal.obj (.text:spi_Read)
                  20013d40    000000d8                  : netcfg.obj (.text:sl_NetCfgGet)
                  20013e18    000000d0     rtsv7M4_T_le_eabi.lib : s_scalbn.c.obj (.text:scalbn)
                  20013ee8    000000cc     simplelink.a : netapp.obj (.text:_sl_HandleAsync_DnsGetHostByService)
                  20013fb4    000000cc                  : device.obj (.text:sl_DevGet)
                  20014080    000000c4                  : driver.obj (.text:_SlRemoveFromList)
                  20014144    000000c0                  : driver.obj (.text:_SlDrvCmdOp)
                  20014204    000000c0     fatfs.a : ff.obj (.text:follow_path)
                  200142c4    000000c0             : ff.obj (.text:get_fileinfo)
                  20014384    000000ba     free_rtos.a : portasm.obj (.text)
                  2001443e    00000002     --HOLE-- [fill = 0]
                  20014440    000000b8     simplelink.a : socket.obj (.text:sl_Bind)
                  200144f8    000000b1     rtsv7M4_T_le_eabi.lib : _printfi.c.obj (.text:_ltostr)
                  200145a9    00000001     --HOLE-- [fill = 0]
                  200145aa    000000ae     fatfs.a : ff.obj (.text:dir_read)
                  20014658    000000ac             : ff.obj (.text:check_fs)
                  20014704    000000a8     driverlib.a : interrupt.obj (.text:IntDisable)
                  200147ac    000000a8                 : interrupt.obj (.text:IntEnable)
                  20014854    000000a8     fatfs.a : ff.obj (.text:f_opendir)
                  200148fc    000000a4     pinmux.obj (.text)
                  200149a0    000000a0     driverlib.a : spi.obj (.text:SPIConfigSetExpClk)
                  20014a40    000000a0     simplelink.a : driver.obj (.text:_SlDriverHandleError)
                  20014ae0    000000a0                  : socket.obj (.text:sl_Recv)
                  20014b80    0000009e     fatfs.a : ff.obj (.text:remove_chain)
                  20014c1e    0000009c     rtsv7M4_T_le_eabi.lib : memcpy_t2.asm.obj (.text)
                  20014cba    0000009a     simplelink.a : device.obj (.text:_SlDrvDeviceEventHandler)
                  20014d54    00000098                  : netapp.obj (.text:sl_NetAppSet)
                  20014dec    00000098                  : netcfg.obj (.text:sl_NetCfgSet)
                  20014e84    00000098                  : socket.obj (.text:sl_SetSockOpt)
                  20014f1c    00000098                  : wlan.obj (.text:sl_WlanSet)
                  20014fb4    00000096     rtsv7M4_T_le_eabi.lib : ull_div_t2.asm.obj (.text)
                  2001504a    00000002     --HOLE-- [fill = 0]
                  2001504c    00000094     driverlib.a : prcm.obj (.text:PRCMPeripheralClockGet)
                  200150e0    00000090     simplelink.a : netapp.obj (.text:_sl_HandleAsync_DnsGetHostByName)
                  20015170    00000090                  : netapp.obj (.text:_sl_HandleAsync_PingResponse)
                  20015200    00000090                  : wlan.obj (.text:sl_WlanPolicySet)
                  20015290    0000008c                  : cc_pal.obj (.text:SetupDMAReceive)
                  2001531c    0000008c                  : cc_pal.obj (.text:SetupDMASend)
                  200153a8    0000008c                  : driver.obj (.text:_SlDrvIsTimeoutExpired)
                  20015434    0000008c                  : device.obj (.text:_sl_HandleAsync_InitComplete)
                  200154c0    0000008c                  : socket.obj (.text:sl_Socket)
                  2001554c    0000008c                  : cc_pal.obj (.text:spi_Write)
                  200155d8    0000008a     fatfs.a : ff.obj (.text:f_readdir)
                  20015662    00000002     --HOLE-- [fill = 0]
                  20015664    00000088     driverlib.a : pin.obj (.text:PinConfigSet)
                  200156ec    00000086     rtsv7M4_T_le_eabi.lib : fd_cmp_t2.asm.obj (.text:__aeabi_cdcmple)
                  20015772    00000086                           : fd_cmp_t2.asm.obj (.text:__aeabi_cdrcmple)
                  200157f8    00000086     fatfs.a : ff.obj (.text:dir_alloc)
                  2001587e    00000086             : ff.obj (.text:sync_window)
                  20015904    00000084     simplelink.a : cc_pal.obj (.text:NwpPowerOnPreamble)
                  20015988    00000084                  : wlan.obj (.text:sl_WlanRxFilterSet)
                  20015a0c    00000082     driverlib.a : gpio.obj (.text:GPIOIntTypeSet)
                  20015a8e    00000002     --HOLE-- [fill = 0]
                  20015a90    00000080     simplelink.a : socket.obj (.text:_sl_HandleAsync_Connect)
                  20015b10    00000080                  : cc_pal.obj (.text:spi_Read_CPU)
                  20015b90    00000080                  : cc_pal.obj (.text:spi_Write_CPU)
                  20015c10    0000007e     fatfs.a : ff.obj (.text:dir_find)
                  20015c8e    0000007c     driverlib.a : sdhost.obj (.text:SDHostInit)
                  20015d0a    0000007a     fatfs.a : ff.obj (.text:get_ldnumber)
                  20015d84    0000007a     rtsv7M4_T_le_eabi.lib : memset_t2.asm.obj (.text)
                  20015dfe    00000002     --HOLE-- [fill = 0]
                  20015e00    00000078     fatfs.a : ff.obj (.text:f_mount)
                  20015e78    00000078     simplelink.a : cc_pal.obj (.text:spi_Close)
                  20015ef0    00000076     driverlib.a : uart.obj (.text:UARTConfigSetExpClk)
                  20015f66    00000002     --HOLE-- [fill = 0]
                  20015f68    00000070     rtsv7M4_T_le_eabi.lib : memory.c.obj (.text:split)
                  20015fd8    0000006e                           : _printfi.c.obj (.text:_mcpy)
                  20016046    0000006e                           : fd_tos_t2.asm.obj (.text)
                  200160b4    0000006c     simplelink.a : driver.obj (.text:_SlDrvCmdSend)
                  20016120    0000006c                  : netapp.obj (.text:_sl_NetAppSendTokenValue)
                  2001618c    0000006c                  : socket.obj (.text:sl_Listen)
                  200161f8    00000068     rtsv7M4_T_le_eabi.lib : sscanf.c.obj (.text:_chkmbc)
                  20016260    00000068                           : copy_decompress_lzss.c.obj (.text:decompress:lzss:__TI_decompress_lzss)
                  200162c8    00000066     driverlib.a : sdhost.obj (.text:SDHostSetExpClk)
                  2001632e    00000002     --HOLE-- [fill = 0]
                  20016330    00000064     simplelink.a : socket.obj (.text:_sl_HandleAsync_Accept)
                  20016394    00000064                  : netapp.obj (.text:sl_NetAppMDNSUnRegisterService)
                  200163f8    00000064     driverlib.a : udma.obj (.text:uDMAChannelAttributeDisable)
                  2001645c    00000064                 : udma.obj (.text:uDMAChannelAttributeEnable)
                  200164c0    00000060     simplelink.a : socket.obj (.text:sl_Close)
                  20016520    00000060                  : wlan.obj (.text:sl_WlanProfileDel)
                  20016580    00000060                  : wlan.obj (.text:sl_WlanSetMode)
                  200165e0    0000005c     rtsv7M4_T_le_eabi.lib : s_frexp.c.obj (.text:frexp)
                  2001663c    00000058     driverlib.a : interrupt.obj (.text:IntPendClear)
                  20016694    00000058                 : prcm.obj (.text:PRCMPeripheralReset)
                  200166ec    00000058     cJSON.obj (.text:__isnan)
                  20016744    00000058     simplelink.a : netapp.obj (.text:sl_NetAppStart)
                  2001679c    00000058                  : netapp.obj (.text:sl_NetAppStop)
                  200167f4    00000056     rtsv7M4_T_le_eabi.lib : _printfi.c.obj (.text:_pconv_f)
                  2001684a    00000002     --HOLE-- [fill = 0]
                  2001684c    00000054     driverlib.a : interrupt.obj (.text:IntPrioritySet)
                  200168a0    00000054     rtsv7M4_T_le_eabi.lib : _ltoa.c.obj (.text:__TI_ltoa)
                  200168f4    00000054     simplelink.a : socket.obj (.text:_sl_HandleAsync_Select)
                  20016948    00000054     fatfs.a : ff.obj (.text:dir_register)
                  2001699c    00000052     rtsv7M4_T_le_eabi.lib : _printfi.c.obj (.text:_ecpy)
                  200169ee    00000002     --HOLE-- [fill = 0]
                  200169f0    00000050     simplelink.a : driver.obj (.text:_SlDrvRxIrqHandler)
                  20016a40    00000050     cJSON.obj (.text:__isinf)
                  20016a90    00000050     simplelink.a : device.obj (.text:_sl_HandleAsync_Stop)
                  20016ae0    00000050     fatfs.a : ff.obj (.text:move_window)
                  20016b30    0000004c     driverlib.a : spi.obj (.text:SPIIntEnable)
                  20016b7c    0000004c     simplelink.a : driver.obj (.text:_SlDrvProtectAsyncRespSetting)
                  20016bc8    0000004c                  : socket.obj (.text:_sl_BuildAddress)
                  20016c14    0000004c     rtsv7M4_T_le_eabi.lib : atoi.c.obj (.text:atoi)
                  20016c60    0000004c     driverlib.a : udma.obj (.text:uDMAChannelAssign)
                  20016cac    00000048                 : spi.obj (.text:SPIIntClear)
                  20016cf4    00000048     simplelink.a : driver.obj (.text:_SlDrvBasicCmd)
                  20016d3c    00000048     rtsv7M4_T_le_eabi.lib : fd_toi_t2.asm.obj (.text)
                  20016d84    00000044     driverlib.a : spi.obj (.text:SPIDmaMaskGet)
                  20016dc8    00000044                 : timer.obj (.text:TimerConfigure)
                  20016e0c    00000044     simplelink.a : driver.obj (.text:_SlDrvHandleHttpServerEvents)
                  20016e50    00000044     rtsv7M4_T_le_eabi.lib : autoinit.c.obj (.text:__TI_auto_init_nobinit_nopinit:__TI_auto_init_nobinit_nopinit)
                  20016e94    00000044     simplelink.a : cc_pal.obj (.text:cc_SetupTransfer)
                  20016ed8    00000042                  : socket.obj (.text:sl_Htonl)
                  20016f1a    00000042     fatfs.a : ff.obj (.text:validate)
                  20016f5c    00000040     driverlib.a : pin.obj (.text:PinModeSet)
                  20016f9c    00000040     simplelink.a : driver.obj (.text:_SlDrvHandleNetAppEvents)
                  20016fdc    00000040                  : driver.obj (.text:_SlDrvHandleWlanEvents)
                  2001701c    00000040                  : driver.obj (.text:_SlDrvSyncObjWaitTimeout)
                  2001705c    00000040                  : socket.obj (.text:_sl_TruncatePayloadByProtocol)
                  2001709c    00000040     rtsv7M4_T_le_eabi.lib : sprintf.c.obj (.text:sprintf)
                  200170dc    00000040                           : strtok.c.obj (.text:strtok)
                  2001711c    00000040                           : vsnprintf.c.obj (.text:vsnprintf)
                  2001715c    0000003e     driverlib.a : sdhost.obj (.text:SDHostCmdSend)
                  2001719a    0000003e     rtsv7M4_T_le_eabi.lib : _printfi.c.obj (.text:_fcpy)
                  200171d8    0000003c     simplelink.a : netapp.obj (.text:CopyPingResultsToReport)
                  20017214    0000003c     driverlib.a : prcm.obj (.text:PRCMPeripheralClkEnable)
                  20017250    0000003c                 : pin.obj (.text:PinDirModeSet)
                  2001728c    0000003c     fatfs.a : ff.obj (.text:ld_clust)
                  200172c8    0000003c     simplelink.a : cc_pal.obj (.text:simplelink_timerA2_start)
                  20017304    0000003c                  : socket.obj (.text:sl_Htons)
                  20017340    0000003c     driverlib.a : udma.obj (.text:uDMAChannelControlSet)
                  2001737c    0000003a     fatfs.a : ff.obj (.text:mem_cmp)
                  200173b6    0000003a             : ff.obj (.text:mem_cpy)
                  200173f0    00000038     simplelink.a : cc_pal.obj (.text:NwpPowerOff)
                  20017428    00000038     free_rtos.a : heap_3.obj (.text)
                  20017460    00000038     rtsv7M4_T_le_eabi.lib : fs_tod_t2.asm.obj (.text)
                  20017498    00000038     simplelink.a : wlan.obj (.text:sl_WlanDisconnect)
                  200174d0    00000038     rtsv7M4_T_le_eabi.lib : sscanf.c.obj (.text:sscanf)
                  20017508    00000036     driverlib.a : gpio.obj (.text:GPIODirModeSet)
                  2001753e    00000036     rtsv7M4_T_le_eabi.lib : strncpy.c.obj (.text:strncpy)
                  20017574    00000034     simplelink.a : cc_pal.obj (.text:NwpPowerOn)
                  200175a8    00000034     driverlib.a : prcm.obj (.text:PRCMPeripheralStatusGet)
                  200175dc    00000034                 : sdhost.obj (.text:SDHostRespGet)
                  20017610    00000034                 : spi.obj (.text:SPIFIFOLevelSet)
                  20017644    00000032     fatfs.a : ff.obj (.text:mem_set)
                  20017676    00000030     driverlib.a : pin.obj (.text:PinTypeGPIO)
                  200176a6    00000002     --HOLE-- [fill = 0]
                  200176a8    00000030                 : uart.obj (.text:UARTDisable)
                  200176d8    00000030     rtsv7M4_T_le_eabi.lib : vsnprintf.c.obj (.text:_outs)
                  20017708    00000030     fatfs.a : ff.obj (.text:clust2sect)
                  20017738    00000030             : ff.obj (.text:f_close)
                  20017768    00000030             : ff.obj (.text:st_clust)
                  20017798    0000002e     rtsv7M4_T_le_eabi.lib : i_tofd_t2.asm.obj (.text)
                  200177c6    00000002     --HOLE-- [fill = 0]
                  200177c8    0000002c     simplelink.a : cc_pal.obj (.text:DmaSpiSwIntHandler)
                  200177f4    0000002c     driverlib.a : prcm.obj (.text:PRCMSysResetCauseGet)
                  20017820    0000002c                 : sdhost.obj (.text:SDHostIntStatus)
                  2001784c    0000002c     rtsv7M4_T_le_eabi.lib : strncmp.c.obj (.text:strncmp)
                  20017878    0000002a     driverlib.a : timer.obj (.text:TimerLoadSet)
                  200178a2    0000002a                 : timer.obj (.text:TimerPrescaleSet)
                  200178cc    0000002a     rtsv7M4_T_le_eabi.lib : strspn.c.obj (.text:strspn)
                  200178f6    00000002     --HOLE-- [fill = 0]
                  200178f8    00000028     driverlib.a : prcm.obj (.text:PRCMPeripheralClkDisable)
                  20017920    00000028                 : sdhost.obj (.text:SDHostBlockSizeSet)
                  20017948    00000028     simplelink.a : driver.obj (.text:_SlDrvObjGlobalLockWaitForever)
                  20017970    00000028                  : driver.obj (.text:_SlDrvProtectionObjLockWaitForever)
                  20017998    00000028     fatfs.a : ff.obj (.text:chk_chr)
                  200179c0    00000028     rtsv7M4_T_le_eabi.lib : memory.c.obj (.text:free_list_insert)
                  200179e8    00000028                           : memmov.c.obj (.text:memmove)
                  20017a10    00000026     simplelink.a : cc_pal.obj (.text:NwpRegisterInterruptHandler)
                  20017a36    00000026     driverlib.a : sdhost.obj (.text:SDHostBlockCountSet)
                  20017a5c    00000026     network_common.obj (.text)
                  20017a82    00000002     --HOLE-- [fill = 0]
                  20017a84    00000024     driverlib.a : interrupt.obj (.text:IntUnregister)
                  20017aa8    00000024                 : sdhost.obj (.text:SDHostIntClear)
                  20017acc    00000024                 : uart.obj (.text:UARTEnable)
                  20017af0    00000024     simplelink.a : driver.obj (.text:_SlDrvGlobalObjUnLock)
                  20017b14    00000024                  : driver.obj (.text:_SlDrvProtectionObjUnLock)
                  20017b38    00000024                  : driver.obj (.text:_SlDrvSyncObjWaitForever)
                  20017b5c    00000024     rtsv7M4_T_le_eabi.lib : boot_cortex_m.c.obj (.text:_c_int00_noargs:_c_int00_noargs)
                  20017b80    00000024                           : memcmp.c.obj (.text:memcmp)
                  20017ba4    00000024                           : strcspn.c.obj (.text:strcspn)
                  20017bc8    00000022     driverlib.a : sdhost.obj (.text:SDHostCmdReset)
                  20017bea    00000022                 : spi.obj (.text:SPIReset)
                  20017c0c    00000022                 : spi.obj (.text:SPIWordCountSet)
                  20017c2e    00000022     simplelink.a : driver.obj (.text:_SlDrvObjLockWaitForever)
                  20017c50    00000020     driverlib.a : gpio.obj (.text:GPIOPinWrite)
                  20017c70    00000020                 : interrupt.obj (.text:IntRegister)
                  20017c90    00000020     simplelink.a : cc_pal.obj (.text:NwpPrePowerOffTimout0)
                  20017cb0    00000020     driverlib.a : sdhost.obj (.text:SDHostDataRead)
                  20017cd0    00000020     simplelink.a : cc_pal.obj (.text:TimerGetCurrentTimestamp)
                  20017cf0    00000020     fatfs.a : ff.obj (.text:f_closedir)
                  20017d10    0000001e     driverlib.a : sdhost.obj (.text:SDHostDataWrite)
                  20017d2e    0000001e                 : timer.obj (.text:TimerEnable)
                  20017d4c    0000001e                 : uart.obj (.text:UARTCharPut)
                  20017d6a    0000001e     simplelink.a : driver.obj (.text:_SlDrvObjUnLock)
                  20017d88    0000001e                  : driver.obj (.text:_SlDrvSyncObjSignal)
                  20017da6    0000001e                  : cc_pal.obj (.text:cc_UDMAChannelSelect)
                  20017dc4    0000001c     driverlib.a : timer.obj (.text:TimerValueGet)
                  20017de0    0000001c                 : uart.obj (.text:UARTCharGetNonBlocking)
                  20017dfc    0000001c     simplelink.a : driver.obj (.text:_SlDrvStartMeasureTimeout)
                  20017e18    0000001c     rtsv7M4_T_le_eabi.lib : memory.c.obj (.text:free_list_remove)
                  20017e34    0000001c                           : memccpy.c.obj (.text:memccpy)
                  20017e50    0000001c     driverlib.a : udma.obj (.text:uDMAChannelEnable)
                  20017e6c    0000001a                 : gpio.obj (.text:GPIOIntEnable)
                  20017e86    0000001a                 : pin.obj (.text:PinTypeSDHost)
                  20017ea0    0000001a                 : pin.obj (.text:PinTypeUART)
                  20017eba    0000001a                 : spi.obj (.text:SPIDmaDisable)
                  20017ed4    0000001a                 : spi.obj (.text:SPIDmaEnable)
                  20017eee    0000001a                 : spi.obj (.text:SPIFIFODisable)
                  20017f08    0000001a                 : spi.obj (.text:SPIFIFOEnable)
                  20017f22    00000018                 : gpio.obj (.text:GPIOPinRead)
                  20017f3a    00000018                 : spi.obj (.text:SPICSDisable)
                  20017f52    00000018                 : spi.obj (.text:SPICSEnable)
                  20017f6a    00000018                 : spi.obj (.text:SPIDisable)
                  20017f82    00000018                 : spi.obj (.text:SPIEnable)
                  20017f9a    00000018                 : uart.obj (.text:UARTCharsAvail)
                  20017fb2    00000018     rtsv7M4_T_le_eabi.lib : vsnprintf.c.obj (.text:_outc)
                  20017fca    00000018                           : sprintf.c.obj (.text:_outs)
                  20017fe2    00000002     --HOLE-- [fill = 0]
                  20017fe4    00000018     simplelink.a : device.obj (.text:_sl_GetStartResponseConvert)
                  20017ffc    00000018     app_freertos_handler.obj (.text)
                  20018014    00000018     rtsv7M4_T_le_eabi.lib : ll_mul_t2.asm.obj (.text)
                  2001802c    00000018                           : strcmp.c.obj (.text:strcmp)
                  20018044    00000018                           : strrchr.c.obj (.text:strrchr)
                  2001805c    00000016     driverlib.a : prcm.obj (.text:PRCMHIBRegRead)
                  20018072    00000016                 : prcm.obj (.text:PRCMHIBRegWrite)
                  20018088    00000016     simplelink.a : driver.obj (.text:_SlDrvMemZero)
                  2001809e    00000016     rtsv7M4_T_le_eabi.lib : strchr.c.obj (.text:strchr)
                  200180b4    00000014     driverlib.a : cpu.obj (.text:CPUcpsie)
                  200180c8    00000014                 : gpio.obj (.text:GPIOIntClear)
                  200180dc    00000014                 : interrupt.obj (.text:IntVTableBaseSet)
                  200180f0    00000014     rtsv7M4_T_le_eabi.lib : strcpy.c.obj (.text:strcpy)
                  20018104    00000014                           : strlen.c.obj (.text:strlen)
                  20018118    00000012                           : sscanf.c.obj (.text:_inpchar)
                  2001812a    00000012                           : wcslen.c.obj (.text:wcslen)
                  2001813c    00000010     simplelink.a : driver.obj (.text:_SlDrvDispatchHttpServerEvents)
                  2001814c    00000010     rtsv7M4_T_le_eabi.lib : tolower.c.obj (.text:tolower)
                  2001815c    0000000e     simplelink.a : driver.obj (.text:_SlDrvResetCmdExt)
                  2001816a    0000000e     rtsv7M4_T_le_eabi.lib : copy_decompress_none.c.obj (.text:decompress:none:__TI_decompress_none)
                  20018178    0000000e     startup_ccs.obj (.text)
                  20018186    00000002     --HOLE-- [fill = 0]
                  20018188    0000000c     simplelink.a : cc_pal.obj (.text:NwpMaskInterrupt)
                  20018194    0000000c                  : cc_pal.obj (.text:NwpUnMaskInterrupt)
                  200181a0    0000000c     rtsv7M4_T_le_eabi.lib : s_copysign.c.obj (.text:copysign)
                  200181ac    0000000c                           : copy_zero_init.c.obj (.text:decompress:ZI:__TI_zero_init)
                  200181b8    0000000a     driverlib.a : interrupt.obj (.text:IntMasterEnable)
                  200181c2    0000000a     rtsv7M4_T_le_eabi.lib : sprintf.c.obj (.text:_outc)
                  200181cc    00000008                           : errno.c.obj (.text:__aeabi_errno_addr)
                  200181d4    00000008                           : sscanf.c.obj (.text:_uninpchar)
                  200181dc    00000008                           : memory.c.obj (.text:malloc)
                  200181e4    00000006     driverlib.a : utils.obj (.text:UtilsDelay)
                  200181ea    00000004     rtsv7M4_T_le_eabi.lib : pre_init.c.obj (.text:_system_pre_init)
                  200181ee    00000004                           : exit.c.obj (.text:abort:abort)

.const     0    200181f8    000007a0     
                  200181f8    00000101     rtsv7M4_T_le_eabi.lib : ctype.c.obj (.const:.string:_ctypes_)
                  200182f9    00000003     --HOLE-- [fill = 0]
                  200182fc    00000100     driverlib.a : pin.obj (.const:g_ulPinToPadMap)
                  200183fc    000000d4                 : interrupt.obj (.const:g_pulRegs)
                  200184d0    000000c8     rtsv7M4_T_le_eabi.lib : strtod.c.obj (.const:$O1$$)
                  20018598    000000a8     driverlib.a : prcm.obj (.const:PRCM_PeriphRegsList)
                  20018640    0000003c     simplelink.a : driver.obj (.const:OpcodeTranslateTable)
                  2001867c    00000038                  : driver.obj (.const:_SlActionLookupTable)
                  200186b4    0000002c     app_simplelink_config.obj (.const:$P$T1$2)
                  200186e0    00000024     cJSON.obj (.const:$P$T1$4)
                  20018704    00000024     cJSON.obj (.const:$P$T2$5)
                  20018728    00000022     app_simplelink_config.obj (.const:.string:$P$T0$1)
                  2001874a    00000002     --HOLE-- [fill = 0]
                  2001874c    00000020     simplelink.a : driver.obj (.const:RxMsgClassLUT)
                  2001876c    0000001c     cJSON.obj (.const:$P$T0$2)
                  20018788    00000018     driverlib.a : interrupt.obj (.const:g_pulDisRegs)
                  200187a0    00000018                 : interrupt.obj (.const:g_pulEnRegs)
                  200187b8    00000018                 : interrupt.obj (.const:g_pulUnpendRegs)
                  200187d0    00000018                 : spi.obj (.const:g_ulSPIDmaMaskMap)
                  200187e8    00000016     app_storage.obj (.const:.string:$P$T2$3)
                  200187fe    00000002     --HOLE-- [fill = 0]
                  20018800    00000014     simplelink.a : driver.obj (.const:$P$T0$1)
                  20018814    00000014     app_simplelink_config.obj (.const:$P$T2$3)
                  20018828    00000014     app_storage.obj (.const:.string:$P$T1$2)
                  2001883c    00000011     app_storage.obj (.const:.string:$P$T0$1)
                  2001884d    00000011     app_p2p.obj (.const:.string:$P$T2$3)
                  2001885e    00000011     app_p2p.obj (.const:.string:$P$T3$4)
                  2001886f    00000011     app_storage.obj (.const:.string:$P$T6$7)
                  20018880    00000010     rtsv7M4_T_le_eabi.lib : _scanfi.c.obj (.const:$O1$$)
                  20018890    00000010     app_simplelink_config.obj (.const:$P$T4$5)
                  200188a0    00000010     simplelink.a : socket.obj (.const:.string:_SlPayloadByProtocolLUT)
                  200188b0    0000000f     app_http_server.obj (.const:.string:$P$T0$1)
                  200188bf    0000000f     app_storage.obj (.const:.string:$P$T5$6)
                  200188ce    0000000e     app_storage.obj (.const:.string:$P$T3$4)
                  200188dc    0000000c     app_p2p.obj (.const:$P$T1$2)
                  200188e8    0000000c     app_p2p.obj (.const:.string:$P$T0$1)
                  200188f4    0000000c     app_storage.obj (.const:.string:$P$T4$5)
                  20018900    0000000a     app_simplelink_config.obj (.const:.string:$P$T3$4)
                  2001890a    00000008     simplelink.a : device.obj (.const:StartResponseLUT)
                  20018912    00000002     --HOLE-- [fill = 0]
                  20018914    00000008                  : driver.obj (.const:g_H2NCnysPattern)
                  2001891c    00000008                  : driver.obj (.const:g_H2NSyncPattern)
                  20018924    00000005     main.obj (.const:.string:$P$T0$1)
                  20018929    00000001     --HOLE-- [fill = 0]
                  2001892a    00000004     simplelink.a : socket.obj (.const:$P$T0$1)
                  2001892e    00000004                  : wlan.obj (.const:$P$T0$1)
                  20018932    00000004                  : socket.obj (.const:$P$T2$3)
                  20018936    00000004                  : socket.obj (.const:_SlAcceptCmdCtrl)
                  2001893a    00000004                  : device.obj (.const:_SlDeviceGetCmdCtrl)
                  2001893e    00000004                  : socket.obj (.const:_SlListenCmdCtrl)
                  20018942    00000004                  : netapp.obj (.const:_SlNetAppSendTokenValueCmdCtrl)
                  20018946    00000004                  : netapp.obj (.const:_SlNetAppSetCmdCtrl)
                  2001894a    00000004                  : netapp.obj (.const:_SlNetAppStartCtrl)
                  2001894e    00000004                  : netapp.obj (.const:_SlNetAppStopCtrl)
                  20018952    00000004                  : netcfg.obj (.const:_SlNetCfgGetCmdCtrl)
                  20018956    00000004                  : netcfg.obj (.const:_SlNetCfgSetCmdCtrl)
                  2001895a    00000004                  : wlan.obj (.const:_SlPolicySetCmdCtrl)
                  2001895e    00000004                  : wlan.obj (.const:_SlProfileDelCmdCtrl)
                  20018962    00000004                  : socket.obj (.const:_SlRecvCmdCtrl)
                  20018966    00000004                  : netapp.obj (.const:_SlRegisterServiceCtrl)
                  2001896a    00000004                  : wlan.obj (.const:_SlRxFilterSetCmdCtrl)
                  2001896e    00000004                  : socket.obj (.const:_SlSendCmdCtrl)
                  20018972    00000004                  : socket.obj (.const:_SlSetSockOptCmdCtrl)
                  20018976    00000004                  : socket.obj (.const:_SlSockCloseCmdCtrl)
                  2001897a    00000004                  : socket.obj (.const:_SlSockSocketCmdCtrl)
                  2001897e    00000004                  : device.obj (.const:_SlStopCmdCtrl)
                  20018982    00000004                  : wlan.obj (.const:_SlWlanCfgSetCmdCtrl)
                  20018986    00000004                  : wlan.obj (.const:_SlWlanSetModeCmdCtrl)
                  2001898a    00000002     --HOLE-- [fill = 0]
                  2001898c    00000004     free_rtos.a : port.obj (.const)
                  20018990    00000004     simplelink.a : driver.obj (.const:httpServer_callbacks)
                  20018994    00000004                  : driver.obj (.const:netApp_callbacks)

.cinit     0    20018998    00000078     
                  20018998    00000051     (.cinit..data.load) [load image, compression = lzss]
                  200189e9    00000003     --HOLE-- [fill = 0]
                  200189ec    0000000c     (__TI_handler_table)
                  200189f8    00000008     (.cinit..bss.load) [load image, compression = zero_init]
                  20018a00    00000010     (__TI_cinit_table)

.sysmem    0    2001a000    00008000     UNINITIALIZED
                  2001a000    00000010     rtsv7M4_T_le_eabi.lib : memory.c.obj (.sysmem)
                  2001a010    00007ff0     --HOLE--

.bss       0    20022000    00000f93     UNINITIALIZED
                  20022000    00000514     (.common:fsStr)
                  20022514    00000240     (.common:pushFile)
                  20022754    00000230     app_storage.obj (.bss:fs)
                  20022984    00000178     simplelink.a : driver.obj (.bss:g_StatMem)
                  20022afc    00000114     (.common:pullMsg)
                  20022c10    00000114     (.common:pushMsg)
                  20022d24    000000c8     free_rtos.a : tasks.obj (.bss:pxReadyTasksLists)
                  20022dec    00000050     (.common:g_ucDinDout)
                  20022e3c    00000050     (.common:xQueueRegistry)
                  20022e8c    00000024     (.common:g_p2p_dev)
                  20022eb0    00000024     (.common:g_ucConnectionSSID)
                  20022ed4    00000014                 : tasks.obj (.bss:xDelayedTaskList1)
                  20022ee8    00000014                 : tasks.obj (.bss:xDelayedTaskList2)
                  20022efc    00000014                 : tasks.obj (.bss:xPendingReadyList)
                  20022f10    00000014                 : tasks.obj (.bss:xSuspendedTaskList)
                  20022f24    00000014                 : tasks.obj (.bss:xTasksWaitingTermination)
                  20022f38    00000010     cJSON.obj (.bss:version$1)
                  20022f48    00000008     free_rtos.a : tasks.obj (.bss)
                  20022f50    00000008     (.common:g_ucConnectionBSSID)
                  20022f58    00000004     fatfs.a : ff.obj (.bss:FatFs)
                  20022f5c    00000004     ftp_server.obj (.bss)
                  20022f60    00000004     uart_if.obj (.bss)
                  20022f64    00000004     (.common:DMAMsgQ)
                  20022f68    00000004     (.common:fsLock)
                  20022f6c    00000004     (.common:fsSync)
                  20022f70    00000004     (.common:g_cDummy)
                  20022f74    00000004     (.common:httpKickStarter)
                  20022f78    00000004     (.common:p2pKickStarter)
                  20022f7c    00000004     (.common:pullLock)
                  20022f80    00000004     (.common:pullSync)
                  20022f84    00000004     (.common:pushLock)
                  20022f88    00000004     (.common:pushSync)
                  20022f8c    00000002     fatfs.a : ff.obj (.bss)
                  20022f8e    00000001     (.common:RxIrqCnt)
                  20022f8f    00000001     (.common:g_bDeviceRestartIsRequired)
                  20022f90    00000001     (.common:g_ucLED1Pin)
                  20022f91    00000001     (.common:g_ucLED2Pin)
                  20022f92    00000001     (.common:g_ucLED3Pin)

.data      0    20022f94    000000ec     UNINITIALIZED
                  20022f94    00000034     free_rtos.a : tasks.obj (.data)
                  20022fc8    00000021     main.obj (.data)
                  20022fe9    00000003     --HOLE--
                  20022fec    00000018     diskio.obj (.data:g_sDisk)
                  20023004    00000014     gpio_if.obj (.data:ulReg)
                  20023018    0000000d     simplelink.a : driver.obj (.data)
                  20023025    00000003     --HOLE--
                  20023028    0000000c     free_rtos.a : osi_freertos.obj (.data)
                  20023034    0000000c     cJSON.obj (.data:global_hooks)
                  20023040    0000000c     gpio_if.obj (.data)
                  2002304c    00000009     simplelink.a : cc_pal.obj (.data)
                  20023055    00000003     --HOLE--
                  20023058    00000008     rtsv7M4_T_le_eabi.lib : _lock.c.obj (.data:$O1$$)
                  20023060    00000008                           : memory.c.obj (.data:$O1$$)
                  20023068    00000008     cJSON.obj (.data:global_error)
                  20023070    00000004     free_rtos.a : port.obj (.data)
                  20023074    00000004     rtsv7M4_T_le_eabi.lib : errno.c.obj (.data)
                  20023078    00000004                           : strtok.c.obj (.data)
                  2002307c    00000004     simplelink.a : driver.obj (.data:wlan_callbacks)

.stack     0    2002f800    00000800     UNINITIALIZED
                  2002f800    00000004     rtsv7M4_T_le_eabi.lib : boot_cortex_m.c.obj (.stack)
                  2002f804    000007fc     --HOLE--

__llvm_prf_cnts 
*          0    2001a000    00000000     UNINITIALIZED

MODULE SUMMARY

       Module                        code    ro data   rw data
       ------                        ----    -------   -------
    .\
       app_storage.obj               2504    117       3012   
       app_simplelink_config.obj     1328    124       0      
       app_p2p.obj                   1320    58        4      
       diskio.obj                    1212    0         24     
       app_simpleLink_handlers.obj   1052    0         0      
       startup_ccs.obj               14      1024      0      
       gpio_if.obj                   912     0         35     
       uart_if.obj                   652     0         4      
       main.obj                      428     5         113    
       app_http_server.obj           232     15        4      
       pinmux.obj                    164     0         0      
       network_common.obj            38      0         0      
       app_freertos_handler.obj      24      0         0      
    +--+-----------------------------+-------+---------+---------+
       Total:                        9880    1343      3196   
                                                              
    .\cJSON\
       cJSON.obj                     11468   100       36     
    +--+-----------------------------+-------+---------+---------+
       Total:                        11468   100       36     
                                                              
    .\ftp\
       ftp_server.obj                4232    0         4      
    +--+-----------------------------+-------+---------+---------+
       Total:                        4232    0         4      
                                                              
    C:/ti/CC3200SDK_1.5.0/cc3200-sdk/driverlib/ccs/Release/driverlib.a
       prcm.obj                      852     168       0      
       interrupt.obj                 608     284       0      
       spi.obj                       696     24        0      
       pin.obj                       360     256       0      
       udma.obj                      604     0         0      
       sdhost.obj                    594     0         0      
       gpio.obj                      286     0         0      
       uart.obj                      284     0         0      
       timer.obj                     210     0         0      
       cpu.obj                       20      0         0      
       utils.obj                     6       0         0      
    +--+-----------------------------+-------+---------+---------+
       Total:                        4520    732       0      
                                                              
    C:/ti/CC3200SDK_1.5.0/cc3200-sdk/oslib/ccs/free_rtos/free_rtos.a
       tasks.obj                     6280    0         360    
       queue.obj                     3528    0         80     
       osi_freertos.obj              1124    0         12     
       list.obj                      298     0         0      
       port.obj                      284     4         4      
       portasm.obj                   186     0         0      
       heap_3.obj                    56      0         0      
    +--+-----------------------------+-------+---------+---------+
       Total:                        11756   4         456    
                                                              
    C:/ti/CC3200SDK_1.5.0/cc3200-sdk/simplelink/ccs/OS_debug/simplelink.a
       driver.obj                    7802    192       395    
       socket.obj                    2566    52        0      
       cc_pal.obj                    1920    0         97     
       netapp.obj                    1576    20        0      
       wlan.obj                      1316    24        0      
       device.obj                    1082    16        0      
       netcfg.obj                    368     8         0      
    +--+-----------------------------+-------+---------+---------+
       Total:                        16630   312       492    
                                                              
    C:/ti/CC3200SDK_1.5.0/cc3200-sdk/third_party/fatfs/ccs/Release/fatfs.a
       ff.obj                        8237    0         6      
    +--+-----------------------------+-------+---------+---------+
       Total:                        8237    0         6      
                                                              
    C:\ti\ccs930\ccs\tools\compiler\ti-cgt-arm_20.2.0.LTS\lib\rtsv7M4_T_le_eabi.lib
       _printfi.c.obj                4835    0         0      
       _scanfi.c.obj                 2744    16        0      
       strtod.c.obj                  1108    200       0      
       memory.c.obj                  908     0         8      
       strtoll.c.obj                 476     0         0      
       fd_add_t2.asm.obj             438     0         0      
       strtoull.c.obj                348     0         0      
       fd_div_t2.asm.obj             310     0         0      
       strtol.c.obj                  304     0         0      
       strtoul.c.obj                 272     0         0      
       fd_cmp_t2.asm.obj             268     0         0      
       ctype.c.obj                   0       257       0      
       fd_mul_t2.asm.obj             252     0         0      
       s_scalbn.c.obj                208     0         0      
       sscanf.c.obj                  186     0         0      
       memcpy_t2.asm.obj             156     0         0      
       ull_div_t2.asm.obj            150     0         0      
       vsnprintf.c.obj               136     0         0      
       memset_t2.asm.obj             122     0         0      
       fd_tos_t2.asm.obj             110     0         0      
       copy_decompress_lzss.c.obj    104     0         0      
       sprintf.c.obj                 98      0         0      
       s_frexp.c.obj                 92      0         0      
       _ltoa.c.obj                   84      0         0      
       atoi.c.obj                    76      0         0      
       fd_toi_t2.asm.obj             72      0         0      
       autoinit.c.obj                68      0         0      
       strtok.c.obj                  64      0         4      
       fs_tod_t2.asm.obj             56      0         0      
       strncpy.c.obj                 54      0         0      
       i_tofd_t2.asm.obj             46      0         0      
       strncmp.c.obj                 44      0         0      
       strspn.c.obj                  42      0         0      
       memmov.c.obj                  40      0         0      
       boot_cortex_m.c.obj           36      0         0      
       memcmp.c.obj                  36      0         0      
       strcspn.c.obj                 36      0         0      
       memccpy.c.obj                 28      0         0      
       ll_mul_t2.asm.obj             24      0         0      
       strcmp.c.obj                  24      0         0      
       strrchr.c.obj                 24      0         0      
       strchr.c.obj                  22      0         0      
       strcpy.c.obj                  20      0         0      
       strlen.c.obj                  20      0         0      
       wcslen.c.obj                  18      0         0      
       tolower.c.obj                 16      0         0      
       copy_decompress_none.c.obj    14      0         0      
       copy_zero_init.c.obj          12      0         0      
       errno.c.obj                   8       0         4      
       s_copysign.c.obj              12      0         0      
       _lock.c.obj                   2       0         8      
       exit.c.obj                    4       0         0      
       pre_init.c.obj                4       0         0      
       div0.asm.obj                  2       0         0      
    +--+-----------------------------+-------+---------+---------+
       Total:                        14633   473       24     
                                                              
       Heap:                         0       0         32768  
       Stack:                        0       0         2048   
       Linker Generated:             0       117       0      
    +--+-----------------------------+-------+---------+---------+
       Grand Total:                  81356   3081      39030  


LINKER GENERATED COPY TABLES

__TI_cinit_table @ 20018a00 records: 2, size/record: 8, table size: 16
	.data: load addr=20018998, load size=00000051 bytes, run addr=20022f94, run size=000000ec bytes, compression=lzss
	.bss: load addr=200189f8, load size=00000008 bytes, run addr=20022000, run size=00000f93 bytes, compression=zero_init


LINKER GENERATED HANDLER TABLE

__TI_handler_table @ 200189ec records: 3, size/record: 4, table size: 12
	index: 0, handler: __TI_decompress_lzss
	index: 1, handler: __TI_decompress_none
	index: 2, handler: __TI_zero_init


GLOBAL SYMBOLS: SORTED ALPHABETICALLY BY Name 

address   name                                   
-------   ----                                   
2000cb83  BoardInit                              
200181ef  C$$EXIT                                
200180b5  CPUcpsie                               
2000f281  ClearTerm                              
2000cc19  ConfigureSimpleLinkToDefaultState      
20022f64  DMAMsgQ                                
2000cb5d  DisplayBanner                          
2000cf79  DisplayIP                              
200177c9  DmaSpiSwIntHandler                     
2000f28b  Error                                  
20017509  GPIODirModeSet                         
200180c9  GPIOIntClear                           
20017e6d  GPIOIntEnable                          
20015a0d  GPIOIntTypeSet                         
20017f23  GPIOPinRead                            
20017c51  GPIOPinWrite                           
2000eedd  GPIO_IF_ConfigureNIntEnable            
2000ef59  GPIO_IF_Get                            
2000ee97  GPIO_IF_GetPortNPin                    
2000ec59  GPIO_IF_LedConfigure                   
2000ed4b  GPIO_IF_LedOff                         
2000ec97  GPIO_IF_LedOn                          
2000edff  GPIO_IF_LedStatus                      
2000ee69  GPIO_IF_LedToggle                      
2000ef1f  GPIO_IF_Set                            
2000f2c3  GetCmd                                 
200137f5  HTTPServerTask                         
2000f241  InitTerm                               
2000cb9b  InitializeAppVariables                 
20014705  IntDisable                             
200147ad  IntEnable                              
200181b9  IntMasterEnable                        
2001663d  IntPendClear                           
2001684d  IntPrioritySet                         
20017c71  IntRegister                            
20017a85  IntUnregister                          
200180dd  IntVTableBaseSet                       
2000f25f  Message                                
20018189  NwpMaskInterrupt                       
200173f1  NwpPowerOff                            
20017575  NwpPowerOn                             
20015905  NwpPowerOnPreamble                     
20017c91  NwpPrePowerOffTimout0                  
20017a11  NwpRegisterInterruptHandler            
20018195  NwpUnMaskInterrupt                     
20018640  OpcodeTranslateTable                   
2000d3f5  P2PConfiguration                       
2000d08d  P2PManagerTask                         
20011705  PRCMCC3200MCUInit                      
2001805d  PRCMHIBRegRead                         
20018073  PRCMHIBRegWrite                        
200178f9  PRCMPeripheralClkDisable               
20017215  PRCMPeripheralClkEnable                
2001504d  PRCMPeripheralClockGet                 
20016695  PRCMPeripheralReset                    
200175a9  PRCMPeripheralStatusGet                
200177f5  PRCMSysResetCauseGet                   
20015665  PinConfigSet                           
20017251  PinDirModeSet                          
20016f5d  PinModeSet                             
200148fd  PinMuxConfig                           
20017677  PinTypeGPIO                            
20017e87  PinTypeSDHost                          
20017ea1  PinTypeUART                            
2000cf17  ReadDeviceConfiguration                
2000f411  Report                                 
20018179  ResetISR                               
20022f8e  RxIrqCnt                               
20017a37  SDHostBlockCountSet                    
20017921  SDHostBlockSizeSet                     
20017bc9  SDHostCmdReset                         
2001715d  SDHostCmdSend                          
20017cb1  SDHostDataRead                         
20017d11  SDHostDataWrite                        
20015c8f  SDHostInit                             
20017aa9  SDHostIntClear                         
20017821  SDHostIntStatus                        
200175dd  SDHostRespGet                          
200162c9  SDHostSetExpClk                        
20017f3b  SPICSDisable                           
20017f53  SPICSEnable                            
200149a1  SPIConfigSetExpClk                     
20017f6b  SPIDisable                             
20017ebb  SPIDmaDisable                          
20017ed5  SPIDmaEnable                           
20017f83  SPIEnable                              
20017eef  SPIFIFODisable                         
20017f09  SPIFIFOEnable                          
20017611  SPIFIFOLevelSet                        
20016cad  SPIIntClear                            
20016b31  SPIIntEnable                           
20017beb  SPIReset                               
20017c0d  SPIWordCountSet                        
2000ea5d  SimpleLinkGeneralEventHandler          
20013855  SimpleLinkHttpServerCallback           
2000e9e9  SimpleLinkNetAppEventHandler           
2000ea77  SimpleLinkSockEventHandler             
2000e801  SimpleLinkWlanEventHandler             
2000d1c1  StartDeviceInP2P                       
20016dc9  TimerConfigure                         
20017d2f  TimerEnable                            
20017cd1  TimerGetCurrentTimestamp               
20017879  TimerLoadSet                           
200178a3  TimerPrescaleSet                       
20017dc5  TimerValueGet                          
2000f379  TrimSpace                              
20017de1  UARTCharGetNonBlocking                 
20017d4d  UARTCharPut                            
20017f9b  UARTCharsAvail                         
20015ef1  UARTConfigSetExpClk                    
200176a9  UARTDisable                            
20017acd  UARTEnable                             
200181e5  UtilsDelay                             
2000e205  VDeleteSimpleLinkSpawnTask             
2000e1c3  VStartSimpleLinkSpawnTask              
2000d10f  WlanConnect                            
2001867c  _SlActionLookupTable                   
20014a41  _SlDriverHandleError                   
20016cf5  _SlDrvBasicCmd                         
20014145  _SlDrvCmdOp                            
200160b5  _SlDrvCmdSend                          
2001027d  _SlDrvDataReadOp                       
20011e01  _SlDrvDataWriteOp                      
20014cbb  _SlDrvDeviceEventHandler               
2001813d  _SlDrvDispatchHttpServerEvents         
200127c5  _SlDrvDriverCBDeinit                   
20011259  _SlDrvDriverCBInit                     
20017af1  _SlDrvGlobalObjUnLock                  
20016e0d  _SlDrvHandleHttpServerEvents           
20016f9d  _SlDrvHandleNetAppEvents               
20016fdd  _SlDrvHandleWlanEvents                 
200153a9  _SlDrvIsTimeoutExpired                 
20018089  _SlDrvMemZero                          
2001370d  _SlDrvMsgReadSpawnCtx                  
20012f65  _SlDrvNetAppEventHandler               
20017c2f  _SlDrvObjLockWaitForever               
20017d6b  _SlDrvObjUnLock                        
20016b7d  _SlDrvProtectAsyncRespSetting          
20017971  _SlDrvProtectionObjLockWaitForever     
20017b15  _SlDrvProtectionObjUnLock              
20010639  _SlDrvReleasePoolObj                   
2001815d  _SlDrvResetCmdExt                      
200169f1  _SlDrvRxIrqHandler                     
20017dfd  _SlDrvStartMeasureTimeout              
20017d89  _SlDrvSyncObjSignal                    
20017b39  _SlDrvSyncObjWaitForever               
2001701d  _SlDrvSyncObjWaitTimeout               
200113e9  _SlDrvWaitForPoolObj                   
20018942  _SlNetAppSendTokenValueCmdCtrl         
20030000  __STACK_END                            
00000800  __STACK_SIZE                           
00008000  __SYSMEM_SIZE                          
20018a00  __TI_CINIT_Base                        
20018a10  __TI_CINIT_Limit                       
200189ec  __TI_Handler_Table_Base                
200189f8  __TI_Handler_Table_Limit               
20016e51  __TI_auto_init_nobinit_nopinit         
20016261  __TI_decompress_lzss                   
2001816b  __TI_decompress_none                   
200168a1  __TI_ltoa                              
ffffffff  __TI_pprof_out_hndl                    
2000b1b5  __TI_printfi                           
ffffffff  __TI_prof_data_size                    
ffffffff  __TI_prof_data_start                   
2000a6fd  __TI_scanfi                            
20018998  __TI_static_base__                     
200181ad  __TI_zero_init                         
200156ed  __aeabi_cdcmpeq                        
200156ed  __aeabi_cdcmple                        
20015773  __aeabi_cdrcmple                       
20016047  __aeabi_d2f                            
20016d3d  __aeabi_d2iz                           
20010d63  __aeabi_dadd                           
200122ff  __aeabi_ddiv                           
20013165  __aeabi_dmul                           
20010d59  __aeabi_dsub                           
200181cd  __aeabi_errno_addr                     
20017461  __aeabi_f2d                            
20017799  __aeabi_i2d                            
2000fe37  __aeabi_idiv0                          
2000fe37  __aeabi_ldiv0                          
20018015  __aeabi_lmul                           
20015d85  __aeabi_memclr                         
20015d85  __aeabi_memclr4                        
20015d85  __aeabi_memclr8                        
20014c1f  __aeabi_memcpy                         
20014c1f  __aeabi_memcpy4                        
20014c1f  __aeabi_memcpy8                        
20015d87  __aeabi_memset                         
20015d87  __aeabi_memset4                        
20015d87  __aeabi_memset8                        
20014fb5  __aeabi_uldivmod                       
ffffffff  __binit__                              
ffffffff  __c_args__                             
20016a41  __isinf                                
200166ed  __isnan                                
UNDEFED   __mpu_init                             
2002f800  __stack                                
2001a000  __start___llvm_prf_cnts                
2001a000  __stop___llvm_prf_cnts                 
20017b5d  _c_int00_noargs                        
200181f8  _ctypes_                               
20023058  _lock                                  
2000f23f  _nop                                   
20016331  _sl_HandleAsync_Accept                 
20015a91  _sl_HandleAsync_Connect                
200150e1  _sl_HandleAsync_DnsGetHostByName       
20013ee9  _sl_HandleAsync_DnsGetHostByService    
20015435  _sl_HandleAsync_InitComplete           
20015171  _sl_HandleAsync_PingResponse           
200168f5  _sl_HandleAsync_Select                 
20016a91  _sl_HandleAsync_Stop                   
20016121  _sl_NetAppSendTokenValue               
2001a000  _sys_memory                            
UNDEFED   _system_post_cinit                     
200181eb  _system_pre_init                       
2002305c  _unlock                                
200181ef  abort                                  
20012e5d  aligned_alloc                          
2000c511  appCloseFile                           
2000c3f3  appCreateFile                          
2000c439  appOpenFile                            
2000c4c5  appReadFromeFile                       
2000c483  appWriteToFile                         
20016c15  atoi                                   
ffffffff  binit                                  
2000633d  cJSON_AddArrayToObject                 
2000622d  cJSON_AddBoolToObject                  
200061fb  cJSON_AddFalseToObject                 
20006143  cJSON_AddItemReferenceToArray          
20006163  cJSON_AddItemReferenceToObject         
20006053  cJSON_AddItemToArray                   
20006103  cJSON_AddItemToObject                  
20006123  cJSON_AddItemToObjectCS                
20006197  cJSON_AddNullToObject                  
20006263  cJSON_AddNumberToObject                
2000630b  cJSON_AddObjectToObject                
200062d5  cJSON_AddRawToObject                   
2000629f  cJSON_AddStringToObject                
200061c9  cJSON_AddTrueToObject                  
20006e31  cJSON_Compare                          
200067d1  cJSON_CreateArray                      
20006775  cJSON_CreateArrayReference             
2000666d  cJSON_CreateBool                       
2000691d  cJSON_CreateDoubleArray                
20006655  cJSON_CreateFalse                      
20006889  cJSON_CreateFloatArray                 
20006805  cJSON_CreateIntArray                   
20006625  cJSON_CreateNull                       
2000668f  cJSON_CreateNumber                     
200067e9  cJSON_CreateObject                     
2000674f  cJSON_CreateObjectReference            
2000679b  cJSON_CreateRaw                        
200066f3  cJSON_CreateString                     
2000699f  cJSON_CreateStringArray                
20006729  cJSON_CreateStringReference            
2000663d  cJSON_CreateTrue                       
20004587  cJSON_Delete                           
20006405  cJSON_DeleteItemFromArray              
2000644d  cJSON_DeleteItemFromObject             
20006461  cJSON_DeleteItemFromObjectCaseSensitive
200063e3  cJSON_DetachItemFromArray              
20006419  cJSON_DetachItemFromObject             
20006433  cJSON_DetachItemFromObjectCaseSensitive
20006375  cJSON_DetachItemViaPointer             
20006a1f  cJSON_Duplicate                        
20005ea7  cJSON_GetArrayItem                     
20005e37  cJSON_GetArraySize                     
20004401  cJSON_GetErrorPtr                      
20004423  cJSON_GetNumberValue                   
20005f35  cJSON_GetObjectItem                    
20005f47  cJSON_GetObjectItemCaseSensitive       
2000440d  cJSON_GetStringValue                   
20005f59  cJSON_HasObjectItem                    
200044fb  cJSON_InitHooks                        
20006475  cJSON_InsertItemInArray                
20006dc5  cJSON_IsArray                          
20006d37  cJSON_IsBool                           
20006cef  cJSON_IsFalse                          
20006ccd  cJSON_IsInvalid                        
20006d59  cJSON_IsNull                           
20006d7d  cJSON_IsNumber                         
20006de9  cJSON_IsObject                         
20006e0d  cJSON_IsRaw                            
20006da1  cJSON_IsString                         
20006d13  cJSON_IsTrue                           
20006c39  cJSON_Minify                           
20005397  cJSON_Parse                            
200053af  cJSON_ParseWithLength                  
200052af  cJSON_ParseWithLengthOpts              
20005281  cJSON_ParseWithOpts                    
20005499  cJSON_Print                            
200054c9  cJSON_PrintBuffered                    
20005541  cJSON_PrintPreallocated                
200054a9  cJSON_PrintUnformatted                 
20006575  cJSON_ReplaceItemInArray               
200065f9  cJSON_ReplaceItemInObject              
2000660f  cJSON_ReplaceItemInObjectCaseSensitive 
200064db  cJSON_ReplaceItemViaPointer            
20004799  cJSON_SetNumberHelper                  
200047f1  cJSON_SetValuestring                   
2000443d  cJSON_Version                          
2000700b  cJSON_free                             
20006ffb  cJSON_malloc                           
20017709  clust2sect                             
200181a1  copysign                               
200181a1  copysignl                              
2000db8b  disk_initialize                        
2000ded5  disk_ioctl                             
2000dcd9  disk_read                              
2000dcbb  disk_status                            
2000ddbd  disk_write                             
20007399  eTaskGetState                          
20023074  errno                                  
20017739  f_close                                
20017cf1  f_closedir                             
20015e01  f_mount                                
20010065  f_open                                 
20014855  f_opendir                              
2000fbfd  f_read                                 
200155d9  f_readdir                              
20013069  f_sync                                 
2000efad  f_write                                
200138dd  free                                   
200165e1  frexp                                  
200165e1  frexpl                                 
20022f68  fsLock                                 
20022000  fsStr                                  
20022f6c  fsSync                                 
20008a95  ftpConnTask                            
20008d41  ftpGetCmd                              
2000950f  ftpProcessInvalid                      
20008e1d  ftpProcessList                         
200094d5  ftpProcessNoop                         
20009463  ftpProcessPass                         
200091ef  ftpProcessPasv                         
20009013  ftpProcessPort                         
200094a9  ftpProcessQuit                         
20008ea1  ftpProcessRetr                         
20008f19  ftpProcessStor                         
2000941d  ftpProcessUser                         
200088ad  ftpServerTask                          
200096fd  ftpSetupDataConnActive                 
20009855  ftpSetupDataConnPassive                
20023018  g_SlDeviceStatus                       
2002304c  g_SpiFd                                
20022f8f  g_bDeviceRestartIsRequired             
20022f70  g_cDummy                               
20022fd4  g_iSimplelinkRole                      
20022e8c  g_p2p_dev                              
2002301c  g_pCB                                  
20023050  g_pHostIntHdl                          
20004000  g_pfnVectors                           
20022fe8  g_ucConnectTimeout                     
20022f50  g_ucConnectionBSSID                    
20022eb0  g_ucConnectionSSID                     
20023054  g_ucDMAEnabled                         
20022dec  g_ucDinDout                            
20022f90  g_ucLED1Pin                            
20022f91  g_ucLED2Pin                            
20022f92  g_ucLED3Pin                            
20022fe4  g_uiDeviceModeConfig                   
20023040  g_uiLED1Port                           
20023044  g_uiLED2Port                           
20023048  g_uiLED3Port                           
20022fe0  g_uiSimplelinkRole                     
20022fd8  g_ulDeviceIp                           
20022fd0  g_ulGatewayIP                          
20022fcc  g_ulPingPacketsRecv                    
20022fc8  g_ulStatus                             
20022fdc  g_usMCNetworkUstate                    
200121c5  get_fat                                
2000df19  get_fattime                            
20022f74  httpKickStarter                        
20013e19  ldexp                                  
20013e19  ldexpl                                 
2000c105  listDirectoryInJson                    
20010f11  main                                   
200181dd  malloc                                 
2000e319  mem_Free                               
2000e30d  mem_Malloc                             
2000e339  mem_copy                               
2000e325  mem_set                                
20012e5d  memalign                               
20017e35  memccpy                                
20017b81  memcmp                                 
20014c1f  memcpy                                 
200179e9  memmove                                
20015d8d  memset                                 
2000e38f  osi_ContextRestore                     
2000e38d  osi_ContextSave                        
2000e34d  osi_EnterCritical                      
2000e357  osi_ExitCritical                       
2000df6f  osi_InterruptDeRegister                
2000df49  osi_InterruptRegister                  
2000e07d  osi_LockObjCreate                      
2000e0e9  osi_LockObjDelete                      
2000e0f9  osi_LockObjLock                        
2000e121  osi_LockObjUnlock                      
2000e231  osi_MsgQCreate                         
2000e275  osi_MsgQDelete                         
2000e2d3  osi_MsgQRead                           
2000e295  osi_MsgQWrite                          
2000e369  osi_Sleep                              
2000e14b  osi_Spawn                              
2000e05b  osi_SyncObjClear                       
2000df81  osi_SyncObjCreate                      
2000dfb1  osi_SyncObjDelete                      
2000dfcb  osi_SyncObjSignal                      
2000dff3  osi_SyncObjSignalFromISR               
2000e033  osi_SyncObjWait                        
2000e0a3  osi_TaskCreate                         
2000e0db  osi_TaskDelete                         
2000e379  osi_TaskDisable                        
2000e383  osi_TaskEnable                         
2000e361  osi_start                              
20022f78  p2pKickStarter                         
20023020  pPingCallBackFunc                      
2000a54b  pcQueueGetName                         
20007967  pcTaskGetName                          
2000bd69  processGetToken                        
2000bf59  processPostToken                       
20022f7c  pullLock                               
20022afc  pullMsg                                
20022f80  pullSync                               
20022514  pushFile                               
20022f84  pushLock                               
20022c10  pushMsg                                
20022f88  pushSync                               
200109d5  put_fat                                
20017429  pvPortMalloc                           
200083cb  pvTaskIncrementMutexHeldCount          
20022f94  pxCurrentTCB                           
20012a09  pxPortInitialiseStack                  
200139c1  realloc                                
20013e19  scalbn                                 
20013e19  scalbnl                                
200172c9  simplelink_timerA2_start               
20010b9d  sl_Accept                              
20014441  sl_Bind                                
200164c1  sl_Close                               
20011579  sl_Connect                             
20013fb5  sl_DevGet                              
20016ed9  sl_Htonl                               
20017305  sl_Htons                               
2001618d  sl_Listen                              
20013aa5  sl_NetAppMDNSRegisterUnregisterService 
20016395  sl_NetAppMDNSUnRegisterService         
20014d55  sl_NetAppSet                           
20016745  sl_NetAppStart                         
2001679d  sl_NetAppStop                          
20013d41  sl_NetCfgGet                           
20014ded  sl_NetCfgSet                           
20017a5d  sl_Provisioning_HttpServerEventHdl     
20017a6b  sl_Provisioning_NetAppEventHdl         
20017a77  sl_Provisioning_WlanEventHdl           
20014ae1  sl_Recv                                
20012435  sl_Send                                
20014e85  sl_SetSockOpt                          
200154c1  sl_Socket                              
20013355  sl_Start                               
20013445  sl_Stop                                
2000f4cd  sl_WlanConnect                         
20017499  sl_WlanDisconnect                      
20015201  sl_WlanPolicySet                       
20016521  sl_WlanProfileDel                      
20015989  sl_WlanRxFilterSet                     
20014f1d  sl_WlanSet                             
20016581  sl_WlanSetMode                         
20015e79  spi_Close                              
20011cb1  spi_Open                               
20013c65  spi_Read                               
2001554d  spi_Write                              
2001709d  sprintf                                
200174d1  sscanf                                 
2000c239  storageControllerTask                  
2000bc05  storageFatFsInit                       
2001809f  strchr                                 
2001802d  strcmp                                 
200180f1  strcpy                                 
20017ba5  strcspn                                
20018105  strlen                                 
2001784d  strncmp                                
2001753f  strncpy                                
20018045  strrchr                                
200178cd  strspn                                 
2000e3ad  strtod                                 
200170dd  strtok                                 
20012569  strtol                                 
2000e3ad  strtold                                
2001045d  strtoll                                
20012d4d  strtoul                                
20011b55  strtoull                               
2001814d  tolower                                
20016c61  uDMAChannelAssign                      
200163f9  uDMAChannelAttributeDisable            
2001645d  uDMAChannelAttributeEnable             
20017341  uDMAChannelControlSet                  
20017e51  uDMAChannelEnable                      
20013535  uDMAChannelTransferSet                 
2000a291  ucQueueGetQueueType                    
2001898c  ulMaxSyscallInterruptPriority          
20014395  ulPortGetIPSR                          
200083e9  ulTaskNotifyTake                       
2001277b  uxListRemove                           
2000a271  uxQueueGetQueueNumber                  
2000a213  uxQueueMessagesWaiting                 
2000a249  uxQueueMessagesWaitingFromISR          
2000a229  uxQueueSpacesAvailable                 
20007961  uxTaskGetNumberOfTasks                 
2000798d  uxTaskGetSystemState                   
20007e3d  uxTaskGetTaskNumber                    
2000742d  uxTaskPriorityGet                      
2000745d  uxTaskPriorityGetFromISR               
200083a9  uxTaskResetEventItemValue              
20018007  vApplicationIdleHook                   
20018009  vApplicationMallocFailedHook           
2001800b  vApplicationStackOverflowHook          
20017ffd  vAssertCalled                          
20012699  vListInitialise                        
200126c9  vListInitialiseItem                    
20012715  vListInsert                            
200126d9  vListInsertEnd                         
20012a8d  vPortEndScheduler                      
20012a8f  vPortEnterCritical                     
20012aaf  vPortExitCritical                      
20017449  vPortFree                              
200143f9  vPortSVCHandler                        
20012aeb  vPortSetupTimerInterrupt               
2001441d  vPortStartFirstTask                    
2000a509  vQueueAddToRegistry                    
2000a25b  vQueueDelete                           
2000a27f  vQueueSetQueueNumber                   
2000a58b  vQueueUnregisterQueue                  
2000735d  vTaskDelay                             
200072cd  vTaskDelayUntil                        
2000721f  vTaskDelete                            
20007823  vTaskEndScheduler                      
20007f1d  vTaskGetInfo                           
20007d85  vTaskInternalSetTimeOutState           
20007e2b  vTaskMissedYield                       
20008705  vTaskNotifyGiveFromISR                 
20007c29  vTaskPlaceOnEventList                  
20007c45  vTaskPlaceOnUnorderedEventList         
200082d1  vTaskPriorityDisinheritAfterTimeout    
200074a9  vTaskPrioritySet                       
20007cfd  vTaskRemoveFromUnorderedEventList      
200076d1  vTaskResume                            
20007e5d  vTaskSetTaskNumber                     
20007d5f  vTaskSetTimeOutState                   
200077d9  vTaskStartScheduler                    
200075c1  vTaskSuspend                           
20007845  vTaskSuspendAll                        
20007bad  vTaskSwitchContext                     
[...]
2000df49  osi_InterruptRegister                  
2000df6f  osi_InterruptDeRegister                
2000df81  osi_SyncObjCreate                      
2000dfb1  osi_SyncObjDelete                      
2000dfcb  osi_SyncObjSignal                      
2000dff3  osi_SyncObjSignalFromISR               
2000e033  osi_SyncObjWait                        
2000e05b  osi_SyncObjClear                       
2000e07d  osi_LockObjCreate                      
2000e0a3  osi_TaskCreate                         
2000e0db  osi_TaskDelete                         
2000e0e9  osi_LockObjDelete                      
2000e0f9  osi_LockObjLock                        
2000e121  osi_LockObjUnlock                      
2000e14b  osi_Spawn                              
2000e1c3  VStartSimpleLinkSpawnTask              
2000e205  VDeleteSimpleLinkSpawnTask             
2000e231  osi_MsgQCreate                         
2000e275  osi_MsgQDelete                         
2000e295  osi_MsgQWrite                          
2000e2d3  osi_MsgQRead                           
2000e30d  mem_Malloc                             
2000e319  mem_Free                               
2000e325  mem_set                                
2000e339  mem_copy                               
2000e34d  osi_EnterCritical                      
2000e357  osi_ExitCritical                       
2000e361  osi_start                              
2000e369  osi_Sleep                              
2000e379  osi_TaskDisable                        
2000e383  osi_TaskEnable                         
2000e38d  osi_ContextSave                        
2000e38f  osi_ContextRestore                     
2000e3ad  strtod                                 
2000e3ad  strtold                                
2000e801  SimpleLinkWlanEventHandler             
2000e9e9  SimpleLinkNetAppEventHandler           
2000ea5d  SimpleLinkGeneralEventHandler          
2000ea77  SimpleLinkSockEventHandler             
2000ec59  GPIO_IF_LedConfigure                   
2000ec97  GPIO_IF_LedOn                          
2000ed4b  GPIO_IF_LedOff                         
2000edff  GPIO_IF_LedStatus                      
2000ee69  GPIO_IF_LedToggle                      
2000ee97  GPIO_IF_GetPortNPin                    
2000eedd  GPIO_IF_ConfigureNIntEnable            
2000ef1f  GPIO_IF_Set                            
2000ef59  GPIO_IF_Get                            
2000efad  f_write                                
2000f23f  _nop                                   
2000f241  InitTerm                               
2000f25f  Message                                
2000f281  ClearTerm                              
2000f28b  Error                                  
2000f2c3  GetCmd                                 
2000f379  TrimSpace                              
2000f411  Report                                 
2000f4cd  sl_WlanConnect                         
2000fbfd  f_read                                 
2000fe37  __aeabi_idiv0                          
2000fe37  __aeabi_ldiv0                          
20010065  f_open                                 
2001027d  _SlDrvDataReadOp                       
2001045d  strtoll                                
20010639  _SlDrvReleasePoolObj                   
200109d5  put_fat                                
20010b9d  sl_Accept                              
20010d59  __aeabi_dsub                           
20010d63  __aeabi_dadd                           
20010f11  main                                   
20011259  _SlDrvDriverCBInit                     
200113e9  _SlDrvWaitForPoolObj                   
20011579  sl_Connect                             
20011705  PRCMCC3200MCUInit                      
20011b55  strtoull                               
20011cb1  spi_Open                               
20011e01  _SlDrvDataWriteOp                      
200121c5  get_fat                                
200122ff  __aeabi_ddiv                           
20012435  sl_Send                                
20012569  strtol                                 
20012699  vListInitialise                        
200126c9  vListInitialiseItem                    
200126d9  vListInsertEnd                         
20012715  vListInsert                            
2001277b  uxListRemove                           
200127c5  _SlDrvDriverCBDeinit                   
20012a09  pxPortInitialiseStack                  
20012a65  xPortStartScheduler                    
20012a8d  vPortEndScheduler                      
20012a8f  vPortEnterCritical                     
20012aaf  vPortExitCritical                      
20012ac5  xPortSysTickHandler                    
20012aeb  vPortSetupTimerInterrupt               
20012d4d  strtoul                                
20012e5d  aligned_alloc                          
20012e5d  memalign                               
20012f65  _SlDrvNetAppEventHandler               
20013069  f_sync                                 
20013165  __aeabi_dmul                           
20013355  sl_Start                               
20013445  sl_Stop                                
20013535  uDMAChannelTransferSet                 
2001370d  _SlDrvMsgReadSpawnCtx                  
200137f5  HTTPServerTask                         
20013855  SimpleLinkHttpServerCallback           
200138dd  free                                   
200139c1  realloc                                
20013aa5  sl_NetAppMDNSRegisterUnregisterService 
20013c65  spi_Read                               
20013d41  sl_NetCfgGet                           
20013e19  ldexp                                  
20013e19  ldexpl                                 
20013e19  scalbn                                 
20013e19  scalbnl                                
20013ee9  _sl_HandleAsync_DnsGetHostByService    
20013fb5  sl_DevGet                              
20014145  _SlDrvCmdOp                            
20014395  ulPortGetIPSR                          
200143ad  xPortPendSVHandler                     
200143f9  vPortSVCHandler                        
2001441d  vPortStartFirstTask                    
20014441  sl_Bind                                
20014705  IntDisable                             
200147ad  IntEnable                              
20014855  f_opendir                              
200148fd  PinMuxConfig                           
200149a1  SPIConfigSetExpClk                     
20014a41  _SlDriverHandleError                   
20014ae1  sl_Recv                                
20014c1f  __aeabi_memcpy                         
20014c1f  __aeabi_memcpy4                        
20014c1f  __aeabi_memcpy8                        
20014c1f  memcpy                                 
20014cbb  _SlDrvDeviceEventHandler               
20014d55  sl_NetAppSet                           
20014ded  sl_NetCfgSet                           
20014e85  sl_SetSockOpt                          
20014f1d  sl_WlanSet                             
20014fb5  __aeabi_uldivmod                       
2001504d  PRCMPeripheralClockGet                 
200150e1  _sl_HandleAsync_DnsGetHostByName       
20015171  _sl_HandleAsync_PingResponse           
20015201  sl_WlanPolicySet                       
200153a9  _SlDrvIsTimeoutExpired                 
20015435  _sl_HandleAsync_InitComplete           
200154c1  sl_Socket                              
2001554d  spi_Write                              
200155d9  f_readdir                              
20015665  PinConfigSet                           
200156ed  __aeabi_cdcmpeq                        
200156ed  __aeabi_cdcmple                        
20015773  __aeabi_cdrcmple                       
20015905  NwpPowerOnPreamble                     
20015989  sl_WlanRxFilterSet                     
20015a0d  GPIOIntTypeSet                         
20015a91  _sl_HandleAsync_Connect                
20015c8f  SDHostInit                             
20015d85  __aeabi_memclr                         
20015d85  __aeabi_memclr4                        
20015d85  __aeabi_memclr8                        
20015d87  __aeabi_memset                         
20015d87  __aeabi_memset4                        
20015d87  __aeabi_memset8                        
20015d8d  memset                                 
20015e01  f_mount                                
20015e79  spi_Close                              
20015ef1  UARTConfigSetExpClk                    
20016047  __aeabi_d2f                            
200160b5  _SlDrvCmdSend                          
20016121  _sl_NetAppSendTokenValue               
2001618d  sl_Listen                              
20016261  __TI_decompress_lzss                   
200162c9  SDHostSetExpClk                        
20016331  _sl_HandleAsync_Accept                 
20016395  sl_NetAppMDNSUnRegisterService         
200163f9  uDMAChannelAttributeDisable            
2001645d  uDMAChannelAttributeEnable             
200164c1  sl_Close                               
20016521  sl_WlanProfileDel                      
20016581  sl_WlanSetMode                         
200165e1  frexp                                  
200165e1  frexpl                                 
2001663d  IntPendClear                           
20016695  PRCMPeripheralReset                    
200166ed  __isnan                                
20016745  sl_NetAppStart                         
2001679d  sl_NetAppStop                          
2001684d  IntPrioritySet                         
200168a1  __TI_ltoa                              
200168f5  _sl_HandleAsync_Select                 
200169f1  _SlDrvRxIrqHandler                     
20016a41  __isinf                                
20016a91  _sl_HandleAsync_Stop                   
20016b31  SPIIntEnable                           
20016b7d  _SlDrvProtectAsyncRespSetting          
20016c15  atoi                                   
20016c61  uDMAChannelAssign                      
20016cad  SPIIntClear                            
20016cf5  _SlDrvBasicCmd                         
20016d3d  __aeabi_d2iz                           
20016dc9  TimerConfigure                         
20016e0d  _SlDrvHandleHttpServerEvents           
20016e51  __TI_auto_init_nobinit_nopinit         
20016ed9  sl_Htonl                               
20016f5d  PinModeSet                             
20016f9d  _SlDrvHandleNetAppEvents               
20016fdd  _SlDrvHandleWlanEvents                 
2001701d  _SlDrvSyncObjWaitTimeout               
2001709d  sprintf                                
200170dd  strtok                                 
2001711d  vsnprintf                              
2001715d  SDHostCmdSend                          
20017215  PRCMPeripheralClkEnable                
20017251  PinDirModeSet                          
200172c9  simplelink_timerA2_start               
20017305  sl_Htons                               
20017341  uDMAChannelControlSet                  
200173f1  NwpPowerOff                            
20017429  pvPortMalloc                           
20017449  vPortFree                              
20017461  __aeabi_f2d                            
20017499  sl_WlanDisconnect                      
200174d1  sscanf                                 
20017509  GPIODirModeSet                         
2001753f  strncpy                                
20017575  NwpPowerOn                             
200175a9  PRCMPeripheralStatusGet                
200175dd  SDHostRespGet                          
20017611  SPIFIFOLevelSet                        
20017677  PinTypeGPIO                            
200176a9  UARTDisable                            
20017709  clust2sect                             
20017739  f_close                                
20017799  __aeabi_i2d                            
200177c9  DmaSpiSwIntHandler                     
200177f5  PRCMSysResetCauseGet                   
20017821  SDHostIntStatus                        
2001784d  strncmp                                
20017879  TimerLoadSet                           
200178a3  TimerPrescaleSet                       
200178cd  strspn                                 
200178f9  PRCMPeripheralClkDisable               
20017921  SDHostBlockSizeSet                     
20017971  _SlDrvProtectionObjLockWaitForever     
200179e9  memmove                                
20017a11  NwpRegisterInterruptHandler            
20017a37  SDHostBlockCountSet                    
20017a5d  sl_Provisioning_HttpServerEventHdl     
20017a6b  sl_Provisioning_NetAppEventHdl         
20017a77  sl_Provisioning_WlanEventHdl           
20017a85  IntUnregister                          
20017aa9  SDHostIntClear                         
20017acd  UARTEnable                             
20017af1  _SlDrvGlobalObjUnLock                  
20017b15  _SlDrvProtectionObjUnLock              
20017b39  _SlDrvSyncObjWaitForever               
20017b5d  _c_int00_noargs                        
20017b81  memcmp                                 
20017ba5  strcspn                                
20017bc9  SDHostCmdReset                         
20017beb  SPIReset                               
20017c0d  SPIWordCountSet                        
20017c2f  _SlDrvObjLockWaitForever               
20017c51  GPIOPinWrite                           
20017c71  IntRegister                            
20017c91  NwpPrePowerOffTimout0                  
20017cb1  SDHostDataRead                         
20017cd1  TimerGetCurrentTimestamp               
20017cf1  f_closedir                             
20017d11  SDHostDataWrite                        
20017d2f  TimerEnable                            
20017d4d  UARTCharPut                            
20017d6b  _SlDrvObjUnLock                        
20017d89  _SlDrvSyncObjSignal                    
20017dc5  TimerValueGet                          
20017de1  UARTCharGetNonBlocking                 
20017dfd  _SlDrvStartMeasureTimeout              
20017e35  memccpy                                
20017e51  uDMAChannelEnable                      
20017e6d  GPIOIntEnable                          
20017e87  PinTypeSDHost                          
20017ea1  PinTypeUART                            
20017ebb  SPIDmaDisable                          
20017ed5  SPIDmaEnable                           
20017eef  SPIFIFODisable                         
20017f09  SPIFIFOEnable                          
20017f23  GPIOPinRead                            
20017f3b  SPICSDisable                           
20017f53  SPICSEnable                            
20017f6b  SPIDisable                             
20017f83  SPIEnable                              
20017f9b  UARTCharsAvail                         
20017ffd  vAssertCalled                          
20018007  vApplicationIdleHook                   
20018009  vApplicationMallocFailedHook           
2001800b  vApplicationStackOverflowHook          
20018015  __aeabi_lmul                           
2001802d  strcmp                                 
20018045  strrchr                                
2001805d  PRCMHIBRegRead                         
20018073  PRCMHIBRegWrite                        
20018089  _SlDrvMemZero                          
2001809f  strchr                                 
200180b5  CPUcpsie                               
200180c9  GPIOIntClear                           
200180dd  IntVTableBaseSet                       
200180f1  strcpy                                 
20018105  strlen                                 
2001812b  wcslen                                 
2001813d  _SlDrvDispatchHttpServerEvents         
2001814d  tolower                                
2001815d  _SlDrvResetCmdExt                      
2001816b  __TI_decompress_none                   
20018179  ResetISR                               
20018189  NwpMaskInterrupt                       
20018195  NwpUnMaskInterrupt                     
200181a1  copysign                               
200181a1  copysignl                              
200181ad  __TI_zero_init                         
200181b9  IntMasterEnable                        
200181cd  __aeabi_errno_addr                     
200181dd  malloc                                 
200181e5  UtilsDelay                             
200181eb  _system_pre_init                       
200181ef  C$$EXIT                                
200181ef  abort                                  
200181f8  _ctypes_                               
20018640  OpcodeTranslateTable                   
2001867c  _SlActionLookupTable                   
20018942  _SlNetAppSendTokenValueCmdCtrl         
2001898c  ulMaxSyscallInterruptPriority          
20018998  __TI_static_base__                     
200189ec  __TI_Handler_Table_Base                
200189f8  __TI_Handler_Table_Limit               
20018a00  __TI_CINIT_Base                        
20018a10  __TI_CINIT_Limit                       
2001a000  __start___llvm_prf_cnts                
2001a000  __stop___llvm_prf_cnts                 
2001a000  _sys_memory                            
20022000  fsStr                                  
20022514  pushFile                               
20022afc  pullMsg                                
20022c10  pushMsg                                
20022dec  g_ucDinDout                            
20022e3c  xQueueRegistry                         
20022e8c  g_p2p_dev                              
20022eb0  g_ucConnectionSSID                     
20022f50  g_ucConnectionBSSID                    
20022f64  DMAMsgQ                                
20022f68  fsLock                                 
20022f6c  fsSync                                 
20022f70  g_cDummy                               
20022f74  httpKickStarter                        
20022f78  p2pKickStarter                         
20022f7c  pullLock                               
20022f80  pullSync                               
20022f84  pushLock                               
20022f88  pushSync                               
20022f8e  RxIrqCnt                               
20022f8f  g_bDeviceRestartIsRequired             
20022f90  g_ucLED1Pin                            
20022f91  g_ucLED2Pin                            
20022f92  g_ucLED3Pin                            
20022f94  pxCurrentTCB                           
20022fc8  g_ulStatus                             
20022fcc  g_ulPingPacketsRecv                    
20022fd0  g_ulGatewayIP                          
20022fd4  g_iSimplelinkRole                      
20022fd8  g_ulDeviceIp                           
20022fdc  g_usMCNetworkUstate                    
20022fe0  g_uiSimplelinkRole                     
20022fe4  g_uiDeviceModeConfig                   
20022fe8  g_ucConnectTimeout                     
20023018  g_SlDeviceStatus                       
2002301c  g_pCB                                  
20023020  pPingCallBackFunc                      
20023028  xHigherPriorityTaskWoken               
2002302c  xSimpleLinkSpawnQueue                  
20023030  xSimpleLinkSpawnTaskHndl               
20023040  g_uiLED1Port                           
20023044  g_uiLED2Port                           
20023048  g_uiLED3Port                           
2002304c  g_SpiFd                                
20023050  g_pHostIntHdl                          
20023054  g_ucDMAEnabled                         
20023058  _lock                                  
2002305c  _unlock                                
20023074  errno                                  
2002f800  __stack                                
20030000  __STACK_END                            
ffffffff  __TI_pprof_out_hndl                    
ffffffff  __TI_prof_data_size                    
ffffffff  __TI_prof_data_start                   
ffffffff  __binit__                              
ffffffff  __c_args__                             
ffffffff  binit                                  
UNDEFED   __mpu_init                             
UNDEFED   _system_post_cinit                     

[599 symbols]
