******************************************************************************
                  TI ARM Linker PC v20.2.0                     
******************************************************************************
>> Linked Wed Aug 26 12:44:57 2020

OUTPUT FILE NAME:   <AirMouse_with_cc2541.out>
ENTRY POINT SYMBOL: "_c_int00_noargs"  address: 20019c09


MEMORY CONFIGURATION

         name            origin    length      used     unused   attr    fill
----------------------  --------  ---------  --------  --------  ----  --------
  SRAM_CODE             20004000   00016fff  00016aee  00000511  RW X
  SRAM_DATA             2001b000   00015000  00009ac7  0000b539  RW X


SEGMENT ALLOCATION MAP

run origin  load origin   length   init length attrs members
----------  ----------- ---------- ----------- ----- -------
20004000    20004000    00016af0   00016af0    r-x
  20004000    20004000    00000400   00000400    r-- .intvecs
  20004400    20004400    00015e96   00015e96    r-x .text
  2001a298    2001a298    000007e0   000007e0    r-- .const
  2001aa78    2001aa78    00000078   00000078    r-- .cinit
2001b000    2001b000    000092c8   00000000    rw-
  2001b000    2001b000    00008000   00000000    rw- .sysmem
  20023000    20023000    000011db   00000000    rw- .bss
  200241dc    200241dc    000000ec   00000000    rw- .data
2002f800    2002f800    00000800   00000000    rw-
  2002f800    2002f800    00000800   00000000    rw- .stack


SECTION ALLOCATION MAP

 output                                  attributes/
section   page    origin      length       input sections
--------  ----  ----------  ----------   ----------------
.intvecs   0    20004000    00000400     
                  20004000    00000400     startup_ccs.obj (.intvecs)

.init_array 
*          0    20004000    00000000     UNINITIALIZED

.text      0    20004400    00015e96     
                  20004400    00003146     ff.obj (.text)
                  20007546    00000002     driverlib.a : interrupt.obj (.text:IntDefaultHandler)
                  20007548    00002c24     cJSON.obj (.text)
                  2000a16c    00001888     free_rtos.a : tasks.obj (.text)
                  2000b9f4    000014f4     ftp_server.obj (.text)
                  2000cee8    00000dc8     free_rtos.a : queue.obj (.text)
                  2000dcb0    00000ab8     rtsv7M4_T_le_eabi.lib : _scanfi.c.obj (.text:__TI_scanfi)
                  2000e768    00000a4e                           : _printfi.c.obj (.text:__TI_printfi)
                  2000f1b6    00000002                           : _lock.c.obj (.text:_nop)
                  2000f1b8    000009c8     app_storage.obj (.text)
                  2000fb80    00000590     simplelink.a : driver.obj (.text:_SlDrvMsgRead)
                  20010110    00000584     ftp_storage.obj (.text)
                  20010694    00000578     app_p2p.obj (.text)
                  20010c0c    00000530     app_simplelink_config.obj (.text)
                  2001113c    000004f4     event_groups.obj (.text)
                  20011630    000004bc     diskio.obj (.text)
                  20011aec    00000464     free_rtos.a : osi_freertos.obj (.text)
                  20011f50    00000454     rtsv7M4_T_le_eabi.lib : strtod.c.obj (.text:strtod)
                  200123a4    0000041c     app_simpleLink_handlers.obj (.text)
                  200127c0    00000390     gpio_if.obj (.text)
                  20012b50    0000028c     uart_if.obj (.text)
                  20012ddc    00000280     simplelink.a : wlan.obj (.text:sl_WlanConnect)
                  2001305c    00000268     rtsv7M4_T_le_eabi.lib : _printfi.c.obj (.text:_pconv_a)
                  200132c4    00000248     simplelink.a : driver.obj (.text:_SlDrvRxHdrRead)
                  2001350c    000001e0                  : driver.obj (.text:_SlDrvDataReadOp)
                  200136ec    000001dc     rtsv7M4_T_le_eabi.lib : strtoll.c.obj (.text:strtoll)
                  200138c8    000001d0     simplelink.a : driver.obj (.text:_SlDrvReleasePoolObj)
                  20013a98    000001cc     rtsv7M4_T_le_eabi.lib : _printfi.c.obj (.text:_pconv_g)
                  20013c64    000001bc     simplelink.a : socket.obj (.text:sl_Accept)
                  20013e20    000001b6     rtsv7M4_T_le_eabi.lib : fd_add_t2.asm.obj (.text)
                  20013fd6    00000002                           : div0.asm.obj (.text)
                  20013fd8    0000019c     simplelink.a : driver.obj (.text:_SlDrvMsgWrite)
                  20014174    00000190                  : driver.obj (.text:_SlDrvDriverCBInit)
                  20014304    00000190                  : driver.obj (.text:_SlDrvWaitForPoolObj)
                  20014494    0000018c                  : socket.obj (.text:sl_Connect)
                  20014620    00000178     driverlib.a : prcm.obj (.text:PRCMCC3200MCUInit)
                  20014798    00000170     simplelink.a : driver.obj (.text:_SlFindAndSetActiveObj)
                  20014908    00000170     main.obj (.text)
                  20014a78    0000015c     rtsv7M4_T_le_eabi.lib : strtoull.c.obj (.text:strtoull)
                  20014bd4    00000150     simplelink.a : cc_pal.obj (.text:spi_Open)
                  20014d24    0000014c                  : driver.obj (.text:_SlDrvDataWriteOp)
                  20014e70    0000013c                  : driver.obj (.text:_SlDrvMsgReadCmdCtx)
                  20014fac    0000013c     rtsv7M4_T_le_eabi.lib : _printfi.c.obj (.text:_pconv_e)
                  200150e8    00000136                           : fd_div_t2.asm.obj (.text)
                  2001521e    00000002     --HOLE-- [fill = 0]
                  20015220    00000134     simplelink.a : socket.obj (.text:sl_Send)
                  20015354    00000130     rtsv7M4_T_le_eabi.lib : strtol.c.obj (.text:strtol)
                  20015484    0000012a     free_rtos.a : list.obj (.text)
                  200155ae    00000002     --HOLE-- [fill = 0]
                  200155b0    00000124     simplelink.a : driver.obj (.text:_SlDrvDriverCBDeinit)
                  200156d4    00000120     rtsv7M4_T_le_eabi.lib : _printfi.c.obj (.text:fcvt)
                  200157f4    0000011c     free_rtos.a : port.obj (.text)
                  20015910    00000110     rtsv7M4_T_le_eabi.lib : strtoul.c.obj (.text:strtoul)
                  20015a20    00000108                           : memory.c.obj (.text:aligned_alloc)
                  20015b28    00000104     simplelink.a : netapp.obj (.text:_SlDrvNetAppEventHandler)
                  20015c2c    000000fc     rtsv7M4_T_le_eabi.lib : fd_mul_t2.asm.obj (.text)
                  20015d28    000000f0     simplelink.a : device.obj (.text:sl_Start)
                  20015e18    000000f0                  : device.obj (.text:sl_Stop)
                  20015f08    000000f0     driverlib.a : udma.obj (.text:uDMAChannelTransferSet)
                  20015ff8    000000e8     simplelink.a : driver.obj (.text:_SlAsyncEventGenericHandler)
                  200160e0    000000e8                  : driver.obj (.text:_SlDrvMsgReadSpawnCtx)
                  200161c8    000000e8     app_http_server.obj (.text)
                  200162b0    000000e4     rtsv7M4_T_le_eabi.lib : memory.c.obj (.text:free)
                  20016394    000000e4                           : memory.c.obj (.text:realloc)
                  20016478    000000e4     simplelink.a : netapp.obj (.text:sl_NetAppMDNSRegisterUnregisterService)
                  2001655c    000000dc                  : driver.obj (.text:_SlDrvClassifyRxMsg)
                  20016638    000000dc                  : cc_pal.obj (.text:spi_Read)
                  20016714    000000d8                  : netcfg.obj (.text:sl_NetCfgGet)
                  200167ec    000000d0     rtsv7M4_T_le_eabi.lib : s_scalbn.c.obj (.text:scalbn)
                  200168bc    000000cc     simplelink.a : netapp.obj (.text:_sl_HandleAsync_DnsGetHostByService)
                  20016988    000000cc                  : device.obj (.text:sl_DevGet)
                  20016a54    000000c4                  : driver.obj (.text:_SlRemoveFromList)
                  20016b18    000000c0                  : driver.obj (.text:_SlDrvCmdOp)
                  20016bd8    000000ba     free_rtos.a : portasm.obj (.text)
                  20016c92    00000002     --HOLE-- [fill = 0]
                  20016c94    000000b8     simplelink.a : socket.obj (.text:sl_Bind)
                  20016d4c    000000b1     rtsv7M4_T_le_eabi.lib : _printfi.c.obj (.text:_ltostr)
                  20016dfd    00000003     --HOLE-- [fill = 0]
                  20016e00    000000a8     driverlib.a : interrupt.obj (.text:IntDisable)
                  20016ea8    000000a8                 : interrupt.obj (.text:IntEnable)
                  20016f50    000000a4     pinmux.obj (.text)
                  20016ff4    000000a0     driverlib.a : spi.obj (.text:SPIConfigSetExpClk)
                  20017094    000000a0     simplelink.a : driver.obj (.text:_SlDriverHandleError)
                  20017134    000000a0                  : socket.obj (.text:sl_Recv)
                  200171d4    0000009c     rtsv7M4_T_le_eabi.lib : memcpy_t2.asm.obj (.text)
                  20017270    0000009a     simplelink.a : device.obj (.text:_SlDrvDeviceEventHandler)
                  2001730a    00000002     --HOLE-- [fill = 0]
                  2001730c    00000098                  : netapp.obj (.text:sl_NetAppSet)
                  200173a4    00000098                  : netcfg.obj (.text:sl_NetCfgSet)
                  2001743c    00000098                  : socket.obj (.text:sl_SetSockOpt)
                  200174d4    00000098                  : wlan.obj (.text:sl_WlanSet)
                  2001756c    00000096     rtsv7M4_T_le_eabi.lib : ull_div_t2.asm.obj (.text)
                  20017602    00000002     --HOLE-- [fill = 0]
                  20017604    00000094     driverlib.a : prcm.obj (.text:PRCMPeripheralClockGet)
                  20017698    00000090     simplelink.a : netapp.obj (.text:_sl_HandleAsync_DnsGetHostByName)
                  20017728    00000090                  : netapp.obj (.text:_sl_HandleAsync_PingResponse)
                  200177b8    00000090                  : wlan.obj (.text:sl_WlanPolicySet)
                  20017848    0000008c                  : cc_pal.obj (.text:SetupDMAReceive)
                  200178d4    0000008c                  : cc_pal.obj (.text:SetupDMASend)
                  20017960    0000008c                  : driver.obj (.text:_SlDrvIsTimeoutExpired)
                  200179ec    0000008c                  : device.obj (.text:_sl_HandleAsync_InitComplete)
                  20017a78    0000008c                  : socket.obj (.text:sl_Socket)
                  20017b04    0000008c                  : cc_pal.obj (.text:spi_Write)
                  20017b90    00000088     driverlib.a : pin.obj (.text:PinConfigSet)
                  20017c18    00000086     rtsv7M4_T_le_eabi.lib : fd_cmp_t2.asm.obj (.text:__aeabi_cdcmple)
                  20017c9e    00000086                           : fd_cmp_t2.asm.obj (.text:__aeabi_cdrcmple)
                  20017d24    00000084     simplelink.a : cc_pal.obj (.text:NwpPowerOnPreamble)
                  20017da8    00000084                  : wlan.obj (.text:sl_WlanRxFilterSet)
                  20017e2c    00000082     driverlib.a : gpio.obj (.text:GPIOIntTypeSet)
                  20017eae    00000002     --HOLE-- [fill = 0]
                  20017eb0    00000080     simplelink.a : socket.obj (.text:_sl_HandleAsync_Connect)
                  20017f30    00000080                  : cc_pal.obj (.text:spi_Read_CPU)
                  20017fb0    00000080                  : cc_pal.obj (.text:spi_Write_CPU)
                  20018030    0000007c     driverlib.a : sdhost.obj (.text:SDHostInit)
                  200180ac    0000007a     rtsv7M4_T_le_eabi.lib : memset_t2.asm.obj (.text)
                  20018126    00000002     --HOLE-- [fill = 0]
                  20018128    00000078     simplelink.a : cc_pal.obj (.text:spi_Close)
                  200181a0    00000076     driverlib.a : uart.obj (.text:UARTConfigSetExpClk)
                  20018216    00000002     --HOLE-- [fill = 0]
                  20018218    00000070     rtsv7M4_T_le_eabi.lib : memory.c.obj (.text:split)
                  20018288    0000006e                           : _printfi.c.obj (.text:_mcpy)
                  200182f6    0000006e                           : fd_tos_t2.asm.obj (.text)
                  20018364    0000006c     simplelink.a : driver.obj (.text:_SlDrvCmdSend)
                  200183d0    0000006c                  : netapp.obj (.text:_sl_NetAppSendTokenValue)
                  2001843c    0000006c                  : socket.obj (.text:sl_Listen)
                  200184a8    00000068     rtsv7M4_T_le_eabi.lib : sscanf.c.obj (.text:_chkmbc)
                  20018510    00000068                           : copy_decompress_lzss.c.obj (.text:decompress:lzss:__TI_decompress_lzss)
                  20018578    00000066     driverlib.a : sdhost.obj (.text:SDHostSetExpClk)
                  200185de    00000002     --HOLE-- [fill = 0]
                  200185e0    00000064     simplelink.a : socket.obj (.text:_sl_HandleAsync_Accept)
                  20018644    00000064                  : netapp.obj (.text:sl_NetAppMDNSUnRegisterService)
                  200186a8    00000064     driverlib.a : udma.obj (.text:uDMAChannelAttributeDisable)
                  2001870c    00000064                 : udma.obj (.text:uDMAChannelAttributeEnable)
                  20018770    00000060     simplelink.a : socket.obj (.text:sl_Close)
                  200187d0    00000060                  : wlan.obj (.text:sl_WlanProfileDel)
                  20018830    00000060                  : wlan.obj (.text:sl_WlanSetMode)
                  20018890    0000005c     rtsv7M4_T_le_eabi.lib : s_frexp.c.obj (.text:frexp)
                  200188ec    00000058     driverlib.a : interrupt.obj (.text:IntPendClear)
                  20018944    00000058                 : prcm.obj (.text:PRCMPeripheralReset)
                  2001899c    00000058     cJSON.obj (.text:__isnan)
                  200189f4    00000058     simplelink.a : netapp.obj (.text:sl_NetAppStart)
                  20018a4c    00000058                  : netapp.obj (.text:sl_NetAppStop)
                  20018aa4    00000056     rtsv7M4_T_le_eabi.lib : _printfi.c.obj (.text:_pconv_f)
                  20018afa    00000002     --HOLE-- [fill = 0]
                  20018afc    00000054     driverlib.a : interrupt.obj (.text:IntPrioritySet)
                  20018b50    00000054     rtsv7M4_T_le_eabi.lib : _ltoa.c.obj (.text:__TI_ltoa)
                  20018ba4    00000054     simplelink.a : socket.obj (.text:_sl_HandleAsync_Select)
                  20018bf8    00000052     rtsv7M4_T_le_eabi.lib : _printfi.c.obj (.text:_ecpy)
                  20018c4a    00000002     --HOLE-- [fill = 0]
                  20018c4c    00000050     simplelink.a : driver.obj (.text:_SlDrvRxIrqHandler)
                  20018c9c    00000050     cJSON.obj (.text:__isinf)
                  20018cec    00000050     simplelink.a : device.obj (.text:_sl_HandleAsync_Stop)
                  20018d3c    0000004c     driverlib.a : spi.obj (.text:SPIIntEnable)
                  20018d88    0000004c     simplelink.a : driver.obj (.text:_SlDrvProtectAsyncRespSetting)
                  20018dd4    0000004c                  : socket.obj (.text:_sl_BuildAddress)
                  20018e20    0000004c     rtsv7M4_T_le_eabi.lib : atoi.c.obj (.text:atoi)
                  20018e6c    0000004c                           : snprintf.c.obj (.text:snprintf)
                  20018eb8    0000004c     driverlib.a : udma.obj (.text:uDMAChannelAssign)
                  20018f04    00000048                 : spi.obj (.text:SPIIntClear)
                  20018f4c    00000048     simplelink.a : driver.obj (.text:_SlDrvBasicCmd)
                  20018f94    00000048     rtsv7M4_T_le_eabi.lib : fd_toi_t2.asm.obj (.text)
                  20018fdc    00000044     driverlib.a : spi.obj (.text:SPIDmaMaskGet)
                  20019020    00000044                 : timer.obj (.text:TimerConfigure)
                  20019064    00000044     simplelink.a : driver.obj (.text:_SlDrvHandleHttpServerEvents)
                  200190a8    00000044     rtsv7M4_T_le_eabi.lib : autoinit.c.obj (.text:__TI_auto_init_nobinit_nopinit:__TI_auto_init_nobinit_nopinit)
                  200190ec    00000044     simplelink.a : cc_pal.obj (.text:cc_SetupTransfer)
                  20019130    00000042                  : socket.obj (.text:sl_Htonl)
                  20019172    00000002     --HOLE-- [fill = 0]
                  20019174    00000040     driverlib.a : pin.obj (.text:PinModeSet)
                  200191b4    00000040     simplelink.a : driver.obj (.text:_SlDrvHandleNetAppEvents)
                  200191f4    00000040                  : driver.obj (.text:_SlDrvHandleWlanEvents)
                  20019234    00000040                  : driver.obj (.text:_SlDrvSyncObjWaitTimeout)
                  20019274    00000040                  : socket.obj (.text:_sl_TruncatePayloadByProtocol)
                  200192b4    00000040     rtsv7M4_T_le_eabi.lib : sprintf.c.obj (.text:sprintf)
                  200192f4    00000040                           : strtok.c.obj (.text:strtok)
                  20019334    00000040                           : vsnprintf.c.obj (.text:vsnprintf)
                  20019374    0000003e     driverlib.a : sdhost.obj (.text:SDHostCmdSend)
                  200193b2    0000003e     rtsv7M4_T_le_eabi.lib : _printfi.c.obj (.text:_fcpy)
                  200193f0    0000003c     simplelink.a : netapp.obj (.text:CopyPingResultsToReport)
                  2001942c    0000003c     driverlib.a : prcm.obj (.text:PRCMPeripheralClkEnable)
                  20019468    0000003c                 : pin.obj (.text:PinDirModeSet)
                  200194a4    0000003c     simplelink.a : cc_pal.obj (.text:simplelink_timerA2_start)
                  200194e0    0000003c                  : socket.obj (.text:sl_Htons)
                  2001951c    0000003c     driverlib.a : udma.obj (.text:uDMAChannelControlSet)
                  20019558    00000038     simplelink.a : cc_pal.obj (.text:NwpPowerOff)
                  20019590    00000038     free_rtos.a : heap_3.obj (.text)
                  200195c8    00000038     rtsv7M4_T_le_eabi.lib : fs_tod_t2.asm.obj (.text)
                  20019600    00000038     simplelink.a : wlan.obj (.text:sl_WlanDisconnect)
                  20019638    00000038     rtsv7M4_T_le_eabi.lib : sscanf.c.obj (.text:sscanf)
                  20019670    00000036     driverlib.a : gpio.obj (.text:GPIODirModeSet)
                  200196a6    00000036     rtsv7M4_T_le_eabi.lib : strncpy.c.obj (.text:strncpy)
                  200196dc    00000034     simplelink.a : cc_pal.obj (.text:NwpPowerOn)
                  20019710    00000034     driverlib.a : prcm.obj (.text:PRCMPeripheralStatusGet)
                  20019744    00000034                 : sdhost.obj (.text:SDHostRespGet)
                  20019778    00000034                 : spi.obj (.text:SPIFIFOLevelSet)
                  200197ac    00000030                 : pin.obj (.text:PinTypeGPIO)
                  200197dc    00000030                 : uart.obj (.text:UARTDisable)
                  2001980c    00000030     rtsv7M4_T_le_eabi.lib : snprintf.c.obj (.text:_outs)
                  2001983c    00000030                           : vsnprintf.c.obj (.text:_outs)
                  2001986c    0000002e                           : i_tofd_t2.asm.obj (.text)
                  2001989a    00000002     --HOLE-- [fill = 0]
                  2001989c    0000002c     simplelink.a : cc_pal.obj (.text:DmaSpiSwIntHandler)
                  200198c8    0000002c     driverlib.a : prcm.obj (.text:PRCMSysResetCauseGet)
                  200198f4    0000002c                 : sdhost.obj (.text:SDHostIntStatus)
                  20019920    0000002c     rtsv7M4_T_le_eabi.lib : strncmp.c.obj (.text:strncmp)
                  2001994c    0000002a     driverlib.a : timer.obj (.text:TimerLoadSet)
                  20019976    0000002a                 : timer.obj (.text:TimerPrescaleSet)
                  200199a0    0000002a     rtsv7M4_T_le_eabi.lib : strspn.c.obj (.text:strspn)
                  200199ca    00000002     --HOLE-- [fill = 0]
                  200199cc    00000028     driverlib.a : prcm.obj (.text:PRCMPeripheralClkDisable)
                  200199f4    00000028                 : sdhost.obj (.text:SDHostBlockSizeSet)
                  20019a1c    00000028     simplelink.a : driver.obj (.text:_SlDrvObjGlobalLockWaitForever)
                  20019a44    00000028                  : driver.obj (.text:_SlDrvProtectionObjLockWaitForever)
                  20019a6c    00000028     rtsv7M4_T_le_eabi.lib : memory.c.obj (.text:free_list_insert)
                  20019a94    00000028                           : memmov.c.obj (.text:memmove)
                  20019abc    00000026     simplelink.a : cc_pal.obj (.text:NwpRegisterInterruptHandler)
                  20019ae2    00000026     driverlib.a : sdhost.obj (.text:SDHostBlockCountSet)
                  20019b08    00000026     network_common.obj (.text)
                  20019b2e    00000002     --HOLE-- [fill = 0]
                  20019b30    00000024     driverlib.a : interrupt.obj (.text:IntUnregister)
                  20019b54    00000024                 : sdhost.obj (.text:SDHostIntClear)
                  20019b78    00000024                 : uart.obj (.text:UARTEnable)
                  20019b9c    00000024     simplelink.a : driver.obj (.text:_SlDrvGlobalObjUnLock)
                  20019bc0    00000024                  : driver.obj (.text:_SlDrvProtectionObjUnLock)
                  20019be4    00000024                  : driver.obj (.text:_SlDrvSyncObjWaitForever)
                  20019c08    00000024     rtsv7M4_T_le_eabi.lib : boot_cortex_m.c.obj (.text:_c_int00_noargs:_c_int00_noargs)
                  20019c2c    00000024                           : memcmp.c.obj (.text:memcmp)
                  20019c50    00000024                           : strcspn.c.obj (.text:strcspn)
                  20019c74    00000022     driverlib.a : sdhost.obj (.text:SDHostCmdReset)
                  20019c96    00000022                 : spi.obj (.text:SPIReset)
                  20019cb8    00000022                 : spi.obj (.text:SPIWordCountSet)
                  20019cda    00000022     simplelink.a : driver.obj (.text:_SlDrvObjLockWaitForever)
                  20019cfc    00000020     driverlib.a : gpio.obj (.text:GPIOPinWrite)
                  20019d1c    00000020                 : interrupt.obj (.text:IntRegister)
                  20019d3c    00000020     simplelink.a : cc_pal.obj (.text:NwpPrePowerOffTimout0)
                  20019d5c    00000020     driverlib.a : sdhost.obj (.text:SDHostDataRead)
                  20019d7c    00000020     simplelink.a : cc_pal.obj (.text:TimerGetCurrentTimestamp)
                  20019d9c    0000001e     driverlib.a : sdhost.obj (.text:SDHostDataWrite)
                  20019dba    0000001e                 : timer.obj (.text:TimerEnable)
                  20019dd8    0000001e                 : uart.obj (.text:UARTCharPut)
                  20019df6    0000001e     simplelink.a : driver.obj (.text:_SlDrvObjUnLock)
                  20019e14    0000001e                  : driver.obj (.text:_SlDrvSyncObjSignal)
                  20019e32    0000001e                  : cc_pal.obj (.text:cc_UDMAChannelSelect)
                  20019e50    0000001c     driverlib.a : timer.obj (.text:TimerValueGet)
                  20019e6c    0000001c                 : uart.obj (.text:UARTCharGetNonBlocking)
                  20019e88    0000001c     simplelink.a : driver.obj (.text:_SlDrvStartMeasureTimeout)
                  20019ea4    0000001c     rtsv7M4_T_le_eabi.lib : memory.c.obj (.text:free_list_remove)
                  20019ec0    0000001c                           : memccpy.c.obj (.text:memccpy)
                  20019edc    0000001c     driverlib.a : udma.obj (.text:uDMAChannelEnable)
                  20019ef8    0000001a                 : gpio.obj (.text:GPIOIntEnable)
                  20019f12    0000001a                 : pin.obj (.text:PinTypeSDHost)
                  20019f2c    0000001a                 : pin.obj (.text:PinTypeUART)
                  20019f46    0000001a                 : spi.obj (.text:SPIDmaDisable)
                  20019f60    0000001a                 : spi.obj (.text:SPIDmaEnable)
                  20019f7a    0000001a                 : spi.obj (.text:SPIFIFODisable)
                  20019f94    0000001a                 : spi.obj (.text:SPIFIFOEnable)
                  20019fae    00000018                 : gpio.obj (.text:GPIOPinRead)
                  20019fc6    00000018                 : spi.obj (.text:SPICSDisable)
                  20019fde    00000018                 : spi.obj (.text:SPICSEnable)
                  20019ff6    00000018                 : spi.obj (.text:SPIDisable)
                  2001a00e    00000018                 : spi.obj (.text:SPIEnable)
                  2001a026    00000018                 : uart.obj (.text:UARTCharsAvail)
                  2001a03e    00000018     rtsv7M4_T_le_eabi.lib : snprintf.c.obj (.text:_outc)
                  2001a056    00000018                           : vsnprintf.c.obj (.text:_outc)
                  2001a06e    00000018                           : sprintf.c.obj (.text:_outs)
                  2001a086    00000002     --HOLE-- [fill = 0]
                  2001a088    00000018     simplelink.a : device.obj (.text:_sl_GetStartResponseConvert)
                  2001a0a0    00000018     app_freertos_handler.obj (.text)
                  2001a0b8    00000018     rtsv7M4_T_le_eabi.lib : ll_mul_t2.asm.obj (.text)
                  2001a0d0    00000018                           : strcmp.c.obj (.text:strcmp)
                  2001a0e8    00000018                           : strrchr.c.obj (.text:strrchr)
                  2001a100    00000016     driverlib.a : prcm.obj (.text:PRCMHIBRegRead)
                  2001a116    00000016                 : prcm.obj (.text:PRCMHIBRegWrite)
                  2001a12c    00000016     simplelink.a : driver.obj (.text:_SlDrvMemZero)
                  2001a142    00000016     rtsv7M4_T_le_eabi.lib : strchr.c.obj (.text:strchr)
                  2001a158    00000014     driverlib.a : cpu.obj (.text:CPUcpsie)
                  2001a16c    00000014                 : gpio.obj (.text:GPIOIntClear)
                  2001a180    00000014                 : interrupt.obj (.text:IntVTableBaseSet)
                  2001a194    00000014     rtsv7M4_T_le_eabi.lib : strcpy.c.obj (.text:strcpy)
                  2001a1a8    00000014                           : strlen.c.obj (.text:strlen)
                  2001a1bc    00000012                           : sscanf.c.obj (.text:_inpchar)
                  2001a1ce    00000012                           : wcslen.c.obj (.text:wcslen)
                  2001a1e0    00000010     simplelink.a : driver.obj (.text:_SlDrvDispatchHttpServerEvents)
                  2001a1f0    00000010     rtsv7M4_T_le_eabi.lib : tolower.c.obj (.text:tolower)
                  2001a200    0000000e     simplelink.a : driver.obj (.text:_SlDrvResetCmdExt)
                  2001a20e    0000000e     rtsv7M4_T_le_eabi.lib : copy_decompress_none.c.obj (.text:decompress:none:__TI_decompress_none)
                  2001a21c    0000000e     startup_ccs.obj (.text)
                  2001a22a    00000002     --HOLE-- [fill = 0]
                  2001a22c    0000000c     simplelink.a : cc_pal.obj (.text:NwpMaskInterrupt)
                  2001a238    0000000c                  : cc_pal.obj (.text:NwpUnMaskInterrupt)
                  2001a244    0000000c     rtsv7M4_T_le_eabi.lib : s_copysign.c.obj (.text:copysign)
                  2001a250    0000000c                           : copy_zero_init.c.obj (.text:decompress:ZI:__TI_zero_init)
                  2001a25c    0000000a     driverlib.a : interrupt.obj (.text:IntMasterEnable)
                  2001a266    0000000a     rtsv7M4_T_le_eabi.lib : sprintf.c.obj (.text:_outc)
                  2001a270    00000008                           : errno.c.obj (.text:__aeabi_errno_addr)
                  2001a278    00000008                           : sscanf.c.obj (.text:_uninpchar)
                  2001a280    00000008                           : memory.c.obj (.text:malloc)
                  2001a288    00000006     driverlib.a : utils.obj (.text:UtilsDelay)
                  2001a28e    00000004     rtsv7M4_T_le_eabi.lib : pre_init.c.obj (.text:_system_pre_init)
                  2001a292    00000004                           : exit.c.obj (.text:abort:abort)

.const     0    2001a298    000007e0     
                  2001a298    00000101     rtsv7M4_T_le_eabi.lib : ctype.c.obj (.const:.string:_ctypes_)
                  2001a399    00000003     --HOLE-- [fill = 0]
                  2001a39c    00000100     driverlib.a : pin.obj (.const:g_ulPinToPadMap)
                  2001a49c    000000d4                 : interrupt.obj (.const:g_pulRegs)
                  2001a570    000000c8     rtsv7M4_T_le_eabi.lib : strtod.c.obj (.const:$O1$$)
                  2001a638    000000a8     driverlib.a : prcm.obj (.const:PRCM_PeriphRegsList)
                  2001a6e0    0000003c     simplelink.a : driver.obj (.const:OpcodeTranslateTable)
                  2001a71c    00000038                  : driver.obj (.const:_SlActionLookupTable)
                  2001a754    00000030     ftp_storage.obj (.const:month)
                  2001a784    0000002c     app_simplelink_config.obj (.const:$P$T1$2)
                  2001a7b0    00000024     cJSON.obj (.const:$P$T1$4)
                  2001a7d4    00000024     cJSON.obj (.const:$P$T2$5)
                  2001a7f8    00000022     app_simplelink_config.obj (.const:.string:$P$T0$1)
                  2001a81a    00000002     --HOLE-- [fill = 0]
                  2001a81c    00000020     simplelink.a : driver.obj (.const:RxMsgClassLUT)
                  2001a83c    0000001c     cJSON.obj (.const:$P$T0$2)
                  2001a858    00000018     driverlib.a : interrupt.obj (.const:g_pulDisRegs)
                  2001a870    00000018                 : interrupt.obj (.const:g_pulEnRegs)
                  2001a888    00000018                 : interrupt.obj (.const:g_pulUnpendRegs)
                  2001a8a0    00000018                 : spi.obj (.const:g_ulSPIDmaMaskMap)
                  2001a8b8    00000016     app_storage.obj (.const:.string:$P$T2$3)
                  2001a8ce    00000002     --HOLE-- [fill = 0]
                  2001a8d0    00000014     simplelink.a : driver.obj (.const:$P$T0$1)
                  2001a8e4    00000014     app_simplelink_config.obj (.const:$P$T2$3)
                  2001a8f8    00000014     app_storage.obj (.const:.string:$P$T1$2)
                  2001a90c    00000011     app_storage.obj (.const:.string:$P$T0$1)
                  2001a91d    00000011     app_p2p.obj (.const:.string:$P$T3$4)
                  2001a92e    00000011     app_p2p.obj (.const:.string:$P$T4$5)
                  2001a93f    00000011     app_storage.obj (.const:.string:$P$T6$7)
                  2001a950    00000010     rtsv7M4_T_le_eabi.lib : _scanfi.c.obj (.const:$O1$$)
                  2001a960    00000010     app_simplelink_config.obj (.const:$P$T4$5)
                  2001a970    00000010     simplelink.a : socket.obj (.const:.string:_SlPayloadByProtocolLUT)
                  2001a980    0000000f     app_http_server.obj (.const:.string:$P$T0$1)
                  2001a98f    0000000f     app_p2p.obj (.const:.string:$P$T0$1)
                  2001a99e    0000000f     app_storage.obj (.const:.string:$P$T5$6)
                  2001a9ad    0000000e     app_storage.obj (.const:.string:$P$T3$4)
                  2001a9bb    00000001     --HOLE-- [fill = 0]
                  2001a9bc    0000000c     app_p2p.obj (.const:$P$T2$3)
                  2001a9c8    0000000c     app_p2p.obj (.const:.string:$P$T1$2)
                  2001a9d4    0000000c     app_storage.obj (.const:.string:$P$T4$5)
                  2001a9e0    0000000a     app_simplelink_config.obj (.const:.string:$P$T3$4)
                  2001a9ea    00000008     simplelink.a : device.obj (.const:StartResponseLUT)
                  2001a9f2    00000002     --HOLE-- [fill = 0]
                  2001a9f4    00000008                  : driver.obj (.const:g_H2NCnysPattern)
                  2001a9fc    00000008                  : driver.obj (.const:g_H2NSyncPattern)
                  2001aa04    00000005     main.obj (.const:.string:$P$T0$1)
                  2001aa09    00000001     --HOLE-- [fill = 0]
                  2001aa0a    00000004     simplelink.a : socket.obj (.const:$P$T0$1)
                  2001aa0e    00000004                  : wlan.obj (.const:$P$T0$1)
                  2001aa12    00000004                  : socket.obj (.const:$P$T2$3)
                  2001aa16    00000004                  : socket.obj (.const:_SlAcceptCmdCtrl)
                  2001aa1a    00000004                  : device.obj (.const:_SlDeviceGetCmdCtrl)
                  2001aa1e    00000004                  : socket.obj (.const:_SlListenCmdCtrl)
                  2001aa22    00000004                  : netapp.obj (.const:_SlNetAppSendTokenValueCmdCtrl)
                  2001aa26    00000004                  : netapp.obj (.const:_SlNetAppSetCmdCtrl)
                  2001aa2a    00000004                  : netapp.obj (.const:_SlNetAppStartCtrl)
                  2001aa2e    00000004                  : netapp.obj (.const:_SlNetAppStopCtrl)
                  2001aa32    00000004                  : netcfg.obj (.const:_SlNetCfgGetCmdCtrl)
                  2001aa36    00000004                  : netcfg.obj (.const:_SlNetCfgSetCmdCtrl)
                  2001aa3a    00000004                  : wlan.obj (.const:_SlPolicySetCmdCtrl)
                  2001aa3e    00000004                  : wlan.obj (.const:_SlProfileDelCmdCtrl)
                  2001aa42    00000004                  : socket.obj (.const:_SlRecvCmdCtrl)
                  2001aa46    00000004                  : netapp.obj (.const:_SlRegisterServiceCtrl)
                  2001aa4a    00000004                  : wlan.obj (.const:_SlRxFilterSetCmdCtrl)
                  2001aa4e    00000004                  : socket.obj (.const:_SlSendCmdCtrl)
                  2001aa52    00000004                  : socket.obj (.const:_SlSetSockOptCmdCtrl)
                  2001aa56    00000004                  : socket.obj (.const:_SlSockCloseCmdCtrl)
                  2001aa5a    00000004                  : socket.obj (.const:_SlSockSocketCmdCtrl)
                  2001aa5e    00000004                  : device.obj (.const:_SlStopCmdCtrl)
                  2001aa62    00000004                  : wlan.obj (.const:_SlWlanCfgSetCmdCtrl)
                  2001aa66    00000004                  : wlan.obj (.const:_SlWlanSetModeCmdCtrl)
                  2001aa6a    00000002     --HOLE-- [fill = 0]
                  2001aa6c    00000004     free_rtos.a : port.obj (.const)
                  2001aa70    00000004     simplelink.a : driver.obj (.const:httpServer_callbacks)
                  2001aa74    00000004                  : driver.obj (.const:netApp_callbacks)

.cinit     0    2001aa78    00000078     
                  2001aa78    00000051     (.cinit..data.load) [load image, compression = lzss]
                  2001aac9    00000003     --HOLE-- [fill = 0]
                  2001aacc    0000000c     (__TI_handler_table)
                  2001aad8    00000008     (.cinit..bss.load) [load image, compression = zero_init]
                  2001aae0    00000010     (__TI_cinit_table)

.sysmem    0    2001b000    00008000     UNINITIALIZED
                  2001b000    00000010     rtsv7M4_T_le_eabi.lib : memory.c.obj (.sysmem)
                  2001b010    00007ff0     --HOLE--

.bss       0    20023000    000011db     UNINITIALIZED
                  20023000    00000514     (.common:fsStr)
                  20023514    00000244     (.common:pushFile)
                  20023758    00000234     app_storage.obj (.bss:fs)
                  2002398c    00000234     ftp_server.obj (.bss:fs)
                  20023bc0    00000178     simplelink.a : driver.obj (.bss:g_StatMem)
                  20023d38    00000114     (.common:pullMsg)
                  20023e4c    00000114     (.common:pushMsg)
                  20023f60    000000c8     free_rtos.a : tasks.obj (.bss:pxReadyTasksLists)
                  20024028    00000050     (.common:g_ucDinDout)
                  20024078    00000050     (.common:xQueueRegistry)
                  200240c8    00000024     (.common:g_p2p_dev)
                  200240ec    00000024     (.common:g_ucConnectionSSID)
                  20024110    00000014                 : tasks.obj (.bss:xDelayedTaskList1)
                  20024124    00000014                 : tasks.obj (.bss:xDelayedTaskList2)
                  20024138    00000014                 : tasks.obj (.bss:xPendingReadyList)
                  2002414c    00000014                 : tasks.obj (.bss:xSuspendedTaskList)
                  20024160    00000014                 : tasks.obj (.bss:xTasksWaitingTermination)
                  20024174    00000010     cJSON.obj (.bss:version$1)
                  20024184    0000000c     ff.obj (.bss:Files)
                  20024190    00000008     free_rtos.a : tasks.obj (.bss)
                  20024198    00000008     (.common:g_ucConnectionBSSID)
                  200241a0    00000004     ff.obj (.bss:FatFs)
                  200241a4    00000004     ftp_server.obj (.bss)
                  200241a8    00000004     uart_if.obj (.bss)
                  200241ac    00000004     (.common:DMAMsgQ)
                  200241b0    00000004     (.common:fsLock)
                  200241b4    00000004     (.common:fsSync)
                  200241b8    00000004     (.common:g_cDummy)
                  200241bc    00000004     (.common:httpKickStarter)
                  200241c0    00000004     (.common:p2pKickStarter)
                  200241c4    00000004     (.common:pullLock)
                  200241c8    00000004     (.common:pullSync)
                  200241cc    00000004     (.common:pushLock)
                  200241d0    00000004     (.common:pushSync)
                  200241d4    00000002     ff.obj (.bss)
                  200241d6    00000001     (.common:RxIrqCnt)
                  200241d7    00000001     (.common:g_bDeviceRestartIsRequired)
                  200241d8    00000001     (.common:g_ucLED1Pin)
                  200241d9    00000001     (.common:g_ucLED2Pin)
                  200241da    00000001     (.common:g_ucLED3Pin)

.data      0    200241dc    000000ec     UNINITIALIZED
                  200241dc    00000034     free_rtos.a : tasks.obj (.data)
                  20024210    00000021     main.obj (.data)
                  20024231    00000003     --HOLE--
                  20024234    00000018     diskio.obj (.data:g_sDisk)
                  2002424c    00000014     gpio_if.obj (.data:ulReg)
                  20024260    0000000d     simplelink.a : driver.obj (.data)
                  2002426d    00000003     --HOLE--
                  20024270    0000000c     free_rtos.a : osi_freertos.obj (.data)
                  2002427c    0000000c     cJSON.obj (.data:global_hooks)
                  20024288    0000000c     gpio_if.obj (.data)
                  20024294    00000009     simplelink.a : cc_pal.obj (.data)
                  2002429d    00000003     --HOLE--
                  200242a0    00000008     rtsv7M4_T_le_eabi.lib : _lock.c.obj (.data:$O1$$)
                  200242a8    00000008                           : memory.c.obj (.data:$O1$$)
                  200242b0    00000008     cJSON.obj (.data:global_error)
                  200242b8    00000004     free_rtos.a : port.obj (.data)
                  200242bc    00000004     rtsv7M4_T_le_eabi.lib : errno.c.obj (.data)
                  200242c0    00000004                           : strtok.c.obj (.data)
                  200242c4    00000004     simplelink.a : driver.obj (.data:wlan_callbacks)

.stack     0    2002f800    00000800     UNINITIALIZED
                  2002f800    00000004     rtsv7M4_T_le_eabi.lib : boot_cortex_m.c.obj (.stack)
                  2002f804    000007fc     --HOLE--

__llvm_prf_cnts 
*          0    2001b000    00000000     UNINITIALIZED

MODULE SUMMARY

       Module                        code    ro data   rw data
       ------                        ----    -------   -------
    .\
       app_storage.obj               2504    117       3020   
       app_p2p.obj                   1400    73        4      
       app_simplelink_config.obj     1328    124       0      
       app_simpleLink_handlers.obj   1052    0         0      
       startup_ccs.obj               14      1024      0      
       gpio_if.obj                   912     0         35     
       uart_if.obj                   652     0         4      
       main.obj                      368     5         113    
       app_http_server.obj           232     15        4      
       pinmux.obj                    164     0         0      
       network_common.obj            38      0         0      
       app_freertos_handler.obj      24      0         0      
    +--+-----------------------------+-------+---------+---------+
       Total:                        8688    1358      3180   
                                                              
    .\FreeRTOS\
       event_groups.obj              1268    0         0      
    +--+-----------------------------+-------+---------+---------+
       Total:                        1268    0         0      
                                                              
    .\cJSON\
       cJSON.obj                     11468   100       36     
    +--+-----------------------------+-------+---------+---------+
       Total:                        11468   100       36     
                                                              
    .\fatfs\
       ff.obj                        12614   0         18     
       diskio.obj                    1212    0         24     
    +--+-----------------------------+-------+---------+---------+
       Total:                        13826   0         42     
                                                              
    .\ftp\
       ftp_server.obj                5364    0         568    
       ftp_storage.obj               1412    48        0      
    +--+-----------------------------+-------+---------+---------+
       Total:                        6776    48        568    
                                                              
    C:/ti/CC3200SDK_1.5.0/cc3200-sdk/driverlib/ccs/Release/driverlib.a
       prcm.obj                      852     168       0      
       interrupt.obj                 608     284       0      
       spi.obj                       696     24        0      
       pin.obj                       360     256       0      
       udma.obj                      604     0         0      
       sdhost.obj                    594     0         0      
       gpio.obj                      286     0         0      
       uart.obj                      284     0         0      
       timer.obj                     210     0         0      
       cpu.obj                       20      0         0      
       utils.obj                     6       0         0      
    +--+-----------------------------+-------+---------+---------+
       Total:                        4520    732       0      
                                                              
    C:/ti/CC3200SDK_1.5.0/cc3200-sdk/oslib/ccs/free_rtos/free_rtos.a
       tasks.obj                     6280    0         360    
       queue.obj                     3528    0         80     
       osi_freertos.obj              1124    0         12     
       list.obj                      298     0         0      
       port.obj                      284     4         4      
       portasm.obj                   186     0         0      
       heap_3.obj                    56      0         0      
    +--+-----------------------------+-------+---------+---------+
       Total:                        11756   4         456    
                                                              
    C:/ti/CC3200SDK_1.5.0/cc3200-sdk/simplelink/ccs/OS_debug/simplelink.a
       driver.obj                    7802    192       395    
       socket.obj                    2566    52        0      
       cc_pal.obj                    1920    0         97     
       netapp.obj                    1576    20        0      
       wlan.obj                      1316    24        0      
       device.obj                    1082    16        0      
       netcfg.obj                    368     8         0      
    +--+-----------------------------+-------+---------+---------+
       Total:                        16630   312       492    
                                                              
    C:\ti\ccs930\ccs\tools\compiler\ti-cgt-arm_20.2.0.LTS\lib\rtsv7M4_T_le_eabi.lib
       _printfi.c.obj                4835    0         0      
       _scanfi.c.obj                 2744    16        0      
       strtod.c.obj                  1108    200       0      
       memory.c.obj                  908     0         8      
       strtoll.c.obj                 476     0         0      
       fd_add_t2.asm.obj             438     0         0      
       strtoull.c.obj                348     0         0      
       fd_div_t2.asm.obj             310     0         0      
       strtol.c.obj                  304     0         0      
       strtoul.c.obj                 272     0         0      
       fd_cmp_t2.asm.obj             268     0         0      
       ctype.c.obj                   0       257       0      
       fd_mul_t2.asm.obj             252     0         0      
       s_scalbn.c.obj                208     0         0      
       sscanf.c.obj                  186     0         0      
       memcpy_t2.asm.obj             156     0         0      
       ull_div_t2.asm.obj            150     0         0      
       snprintf.c.obj                148     0         0      
       vsnprintf.c.obj               136     0         0      
       memset_t2.asm.obj             122     0         0      
       fd_tos_t2.asm.obj             110     0         0      
       copy_decompress_lzss.c.obj    104     0         0      
       sprintf.c.obj                 98      0         0      
       s_frexp.c.obj                 92      0         0      
       _ltoa.c.obj                   84      0         0      
       atoi.c.obj                    76      0         0      
       fd_toi_t2.asm.obj             72      0         0      
       autoinit.c.obj                68      0         0      
       strtok.c.obj                  64      0         4      
       fs_tod_t2.asm.obj             56      0         0      
       strncpy.c.obj                 54      0         0      
       i_tofd_t2.asm.obj             46      0         0      
       strncmp.c.obj                 44      0         0      
       strspn.c.obj                  42      0         0      
       memmov.c.obj                  40      0         0      
       boot_cortex_m.c.obj           36      0         0      
       memcmp.c.obj                  36      0         0      
       strcspn.c.obj                 36      0         0      
       memccpy.c.obj                 28      0         0      
       ll_mul_t2.asm.obj             24      0         0      
       strcmp.c.obj                  24      0         0      
       strrchr.c.obj                 24      0         0      
       strchr.c.obj                  22      0         0      
       strcpy.c.obj                  20      0         0      
       strlen.c.obj                  20      0         0      
       wcslen.c.obj                  18      0         0      
       tolower.c.obj                 16      0         0      
       copy_decompress_none.c.obj    14      0         0      
       copy_zero_init.c.obj          12      0         0      
       errno.c.obj                   8       0         4      
       s_copysign.c.obj              12      0         0      
       _lock.c.obj                   2       0         8      
       exit.c.obj                    4       0         0      
       pre_init.c.obj                4       0         0      
       div0.asm.obj                  2       0         0      
    +--+-----------------------------+-------+---------+---------+
       Total:                        14781   473       24     
                                                              
       Heap:                         0       0         32768  
       Stack:                        0       0         2048   
       Linker Generated:             0       117       0      
    +--+-----------------------------+-------+---------+---------+
       Grand Total:                  89713   3144      39614  


LINKER GENERATED COPY TABLES

__TI_cinit_table @ 2001aae0 records: 2, size/record: 8, table size: 16
	.data: load addr=2001aa78, load size=00000051 bytes, run addr=200241dc, run size=000000ec bytes, compression=lzss
	.bss: load addr=2001aad8, load size=00000008 bytes, run addr=20023000, run size=000011db bytes, compression=zero_init


LINKER GENERATED HANDLER TABLE

__TI_handler_table @ 2001aacc records: 3, size/record: 4, table size: 12
	index: 0, handler: __TI_decompress_lzss
	index: 1, handler: __TI_decompress_none
	index: 2, handler: __TI_zero_init


GLOBAL SYMBOLS: SORTED ALPHABETICALLY BY Name 

address   name                                   
-------   ----                                   
20010c33  BoardInit                              
2001a293  C$$EXIT                                
2001a159  CPUcpsie                               
20012b91  ClearTerm                              
20010cc9  ConfigureSimpleLinkToDefaultState      
200241ac  DMAMsgQ                                
20010c0d  DisplayBanner                          
20011029  DisplayIP                              
2001989d  DmaSpiSwIntHandler                     
20012b9b  Error                                  
20019671  GPIODirModeSet                         
2001a16d  GPIOIntClear                           
20019ef9  GPIOIntEnable                          
20017e2d  GPIOIntTypeSet                         
20019faf  GPIOPinRead                            
20019cfd  GPIOPinWrite                           
20012a81  GPIO_IF_ConfigureNIntEnable            
20012afd  GPIO_IF_Get                            
20012a3b  GPIO_IF_GetPortNPin                    
200127fd  GPIO_IF_LedConfigure                   
200128ef  GPIO_IF_LedOff                         
2001283b  GPIO_IF_LedOn                          
200129a3  GPIO_IF_LedStatus                      
20012a0d  GPIO_IF_LedToggle                      
20012ac3  GPIO_IF_Set                            
20012bd3  GetCmd                                 
200161c9  HTTPServerTask                         
20012b51  InitTerm                               
20010c4b  InitializeAppVariables                 
20016e01  IntDisable                             
20016ea9  IntEnable                              
2001a25d  IntMasterEnable                        
200188ed  IntPendClear                           
20018afd  IntPrioritySet                         
20019d1d  IntRegister                            
20019b31  IntUnregister                          
2001a181  IntVTableBaseSet                       
20012b6f  Message                                
2001a22d  NwpMaskInterrupt                       
20019559  NwpPowerOff                            
200196dd  NwpPowerOn                             
20017d25  NwpPowerOnPreamble                     
20019d3d  NwpPrePowerOffTimout0                  
20019abd  NwpRegisterInterruptHandler            
2001a239  NwpUnMaskInterrupt                     
2001a6e0  OpcodeTranslateTable                   
20010a7d  P2PConfiguration                       
20010695  P2PManagerTask                         
20014621  PRCMCC3200MCUInit                      
2001a101  PRCMHIBRegRead                         
2001a117  PRCMHIBRegWrite                        
200199cd  PRCMPeripheralClkDisable               
2001942d  PRCMPeripheralClkEnable                
20017605  PRCMPeripheralClockGet                 
20018945  PRCMPeripheralReset                    
20019711  PRCMPeripheralStatusGet                
200198c9  PRCMSysResetCauseGet                   
20017b91  PinConfigSet                           
20019469  PinDirModeSet                          
20019175  PinModeSet                             
20016f51  PinMuxConfig                           
200197ad  PinTypeGPIO                            
20019f13  PinTypeSDHost                          
20019f2d  PinTypeUART                            
20010fc7  ReadDeviceConfiguration                
20012d21  Report                                 
2001a21d  ResetISR                               
200241d6  RxIrqCnt                               
20019ae3  SDHostBlockCountSet                    
200199f5  SDHostBlockSizeSet                     
20019c75  SDHostCmdReset                         
20019375  SDHostCmdSend                          
20019d5d  SDHostDataRead                         
20019d9d  SDHostDataWrite                        
20018031  SDHostInit                             
20019b55  SDHostIntClear                         
200198f5  SDHostIntStatus                        
20019745  SDHostRespGet                          
20018579  SDHostSetExpClk                        
20019fc7  SPICSDisable                           
20019fdf  SPICSEnable                            
20016ff5  SPIConfigSetExpClk                     
20019ff7  SPIDisable                             
20019f47  SPIDmaDisable                          
20019f61  SPIDmaEnable                           
2001a00f  SPIEnable                              
20019f7b  SPIFIFODisable                         
20019f95  SPIFIFOEnable                          
20019779  SPIFIFOLevelSet                        
20018f05  SPIIntClear                            
20018d3d  SPIIntEnable                           
20019c97  SPIReset                               
20019cb9  SPIWordCountSet                        
20012601  SimpleLinkGeneralEventHandler          
20016229  SimpleLinkHttpServerCallback           
2001258d  SimpleLinkNetAppEventHandler           
2001261b  SimpleLinkSockEventHandler             
200123a5  SimpleLinkWlanEventHandler             
20010815  StartDeviceInP2P                       
20019021  TimerConfigure                         
20019dbb  TimerEnable                            
20019d7d  TimerGetCurrentTimestamp               
2001994d  TimerLoadSet                           
20019977  TimerPrescaleSet                       
20019e51  TimerValueGet                          
20012c89  TrimSpace                              
20019e6d  UARTCharGetNonBlocking                 
20019dd9  UARTCharPut                            
2001a027  UARTCharsAvail                         
200181a1  UARTConfigSetExpClk                    
200197dd  UARTDisable                            
20019b79  UARTEnable                             
2001a289  UtilsDelay                             
20011da9  VDeleteSimpleLinkSpawnTask             
20011d67  VStartSimpleLinkSpawnTask              
20010753  WlanConnect                            
2001a71c  _SlActionLookupTable                   
20017095  _SlDriverHandleError                   
20018f4d  _SlDrvBasicCmd                         
20016b19  _SlDrvCmdOp                            
20018365  _SlDrvCmdSend                          
2001350d  _SlDrvDataReadOp                       
20014d25  _SlDrvDataWriteOp                      
20017271  _SlDrvDeviceEventHandler               
2001a1e1  _SlDrvDispatchHttpServerEvents         
200155b1  _SlDrvDriverCBDeinit                   
20014175  _SlDrvDriverCBInit                     
20019b9d  _SlDrvGlobalObjUnLock                  
20019065  _SlDrvHandleHttpServerEvents           
200191b5  _SlDrvHandleNetAppEvents               
200191f5  _SlDrvHandleWlanEvents                 
20017961  _SlDrvIsTimeoutExpired                 
2001a12d  _SlDrvMemZero                          
200160e1  _SlDrvMsgReadSpawnCtx                  
20015b29  _SlDrvNetAppEventHandler               
20019cdb  _SlDrvObjLockWaitForever               
20019df7  _SlDrvObjUnLock                        
20018d89  _SlDrvProtectAsyncRespSetting          
20019a45  _SlDrvProtectionObjLockWaitForever     
20019bc1  _SlDrvProtectionObjUnLock              
200138c9  _SlDrvReleasePoolObj                   
2001a201  _SlDrvResetCmdExt                      
20018c4d  _SlDrvRxIrqHandler                     
20019e89  _SlDrvStartMeasureTimeout              
20019e15  _SlDrvSyncObjSignal                    
20019be5  _SlDrvSyncObjWaitForever               
20019235  _SlDrvSyncObjWaitTimeout               
20014305  _SlDrvWaitForPoolObj                   
2001aa22  _SlNetAppSendTokenValueCmdCtrl         
20030000  __STACK_END                            
00000800  __STACK_SIZE                           
00008000  __SYSMEM_SIZE                          
2001aae0  __TI_CINIT_Base                        
2001aaf0  __TI_CINIT_Limit                       
2001aacc  __TI_Handler_Table_Base                
2001aad8  __TI_Handler_Table_Limit               
200190a9  __TI_auto_init_nobinit_nopinit         
20018511  __TI_decompress_lzss                   
2001a20f  __TI_decompress_none                   
20018b51  __TI_ltoa                              
ffffffff  __TI_pprof_out_hndl                    
2000e769  __TI_printfi                           
ffffffff  __TI_prof_data_size                    
ffffffff  __TI_prof_data_start                   
2000dcb1  __TI_scanfi                            
2001aa78  __TI_static_base__                     
2001a251  __TI_zero_init                         
20017c19  __aeabi_cdcmpeq                        
20017c19  __aeabi_cdcmple                        
20017c9f  __aeabi_cdrcmple                       
200182f7  __aeabi_d2f                            
20018f95  __aeabi_d2iz                           
20013e2b  __aeabi_dadd                           
200150e9  __aeabi_ddiv                           
20015c2d  __aeabi_dmul                           
20013e21  __aeabi_dsub                           
2001a271  __aeabi_errno_addr                     
200195c9  __aeabi_f2d                            
2001986d  __aeabi_i2d                            
20013fd7  __aeabi_idiv0                          
20013fd7  __aeabi_ldiv0                          
2001a0b9  __aeabi_lmul                           
200180ad  __aeabi_memclr                         
200180ad  __aeabi_memclr4                        
200180ad  __aeabi_memclr8                        
200171d5  __aeabi_memcpy                         
200171d5  __aeabi_memcpy4                        
200171d5  __aeabi_memcpy8                        
200180af  __aeabi_memset                         
200180af  __aeabi_memset4                        
200180af  __aeabi_memset8                        
2001756d  __aeabi_uldivmod                       
ffffffff  __binit__                              
ffffffff  __c_args__                             
20018c9d  __isinf                                
2001899d  __isnan                                
UNDEFED   __mpu_init                             
2002f800  __stack                                
2001b000  __start___llvm_prf_cnts                
2001b000  __stop___llvm_prf_cnts                 
20019c09  _c_int00_noargs                        
2001a298  _ctypes_                               
200242a0  _lock                                  
2000f1b7  _nop                                   
200185e1  _sl_HandleAsync_Accept                 
20017eb1  _sl_HandleAsync_Connect                
20017699  _sl_HandleAsync_DnsGetHostByName       
200168bd  _sl_HandleAsync_DnsGetHostByService    
200179ed  _sl_HandleAsync_InitComplete           
20017729  _sl_HandleAsync_PingResponse           
20018ba5  _sl_HandleAsync_Select                 
20018ced  _sl_HandleAsync_Stop                   
200183d1  _sl_NetAppSendTokenValue               
2001b000  _sys_memory                            
UNDEFED   _system_post_cinit                     
2001a28f  _system_pre_init                       
200242a4  _unlock                                
2001a293  abort                                  
20015a21  aligned_alloc                          
2000fac5  appCloseFile                           
2000f9a7  appCreateFile                          
2000f9ed  appOpenFile                            
2000fa79  appReadFromeFile                       
2000fa37  appWriteToFile                         
20018e21  atoi                                   
ffffffff  binit                                  
20009485  cJSON_AddArrayToObject                 
20009375  cJSON_AddBoolToObject                  
20009343  cJSON_AddFalseToObject                 
2000928b  cJSON_AddItemReferenceToArray          
200092ab  cJSON_AddItemReferenceToObject         
2000919b  cJSON_AddItemToArray                   
2000924b  cJSON_AddItemToObject                  
2000926b  cJSON_AddItemToObjectCS                
200092df  cJSON_AddNullToObject                  
200093ab  cJSON_AddNumberToObject                
20009453  cJSON_AddObjectToObject                
2000941d  cJSON_AddRawToObject                   
200093e7  cJSON_AddStringToObject                
20009311  cJSON_AddTrueToObject                  
20009f79  cJSON_Compare                          
20009919  cJSON_CreateArray                      
200098bd  cJSON_CreateArrayReference             
200097b5  cJSON_CreateBool                       
20009a65  cJSON_CreateDoubleArray                
2000979d  cJSON_CreateFalse                      
200099d1  cJSON_CreateFloatArray                 
2000994d  cJSON_CreateIntArray                   
2000976d  cJSON_CreateNull                       
200097d7  cJSON_CreateNumber                     
20009931  cJSON_CreateObject                     
20009897  cJSON_CreateObjectReference            
200098e3  cJSON_CreateRaw                        
2000983b  cJSON_CreateString                     
20009ae7  cJSON_CreateStringArray                
20009871  cJSON_CreateStringReference            
20009785  cJSON_CreateTrue                       
200076cf  cJSON_Delete                           
2000954d  cJSON_DeleteItemFromArray              
20009595  cJSON_DeleteItemFromObject             
200095a9  cJSON_DeleteItemFromObjectCaseSensitive
2000952b  cJSON_DetachItemFromArray              
20009561  cJSON_DetachItemFromObject             
2000957b  cJSON_DetachItemFromObjectCaseSensitive
200094bd  cJSON_DetachItemViaPointer             
20009b67  cJSON_Duplicate                        
20008fef  cJSON_GetArrayItem                     
20008f7f  cJSON_GetArraySize                     
20007549  cJSON_GetErrorPtr                      
2000756b  cJSON_GetNumberValue                   
2000907d  cJSON_GetObjectItem                    
2000908f  cJSON_GetObjectItemCaseSensitive       
20007555  cJSON_GetStringValue                   
200090a1  cJSON_HasObjectItem                    
20007643  cJSON_InitHooks                        
200095bd  cJSON_InsertItemInArray                
20009f0d  cJSON_IsArray                          
20009e7f  cJSON_IsBool                           
20009e37  cJSON_IsFalse                          
20009e15  cJSON_IsInvalid                        
20009ea1  cJSON_IsNull                           
20009ec5  cJSON_IsNumber                         
20009f31  cJSON_IsObject                         
20009f55  cJSON_IsRaw                            
20009ee9  cJSON_IsString                         
20009e5b  cJSON_IsTrue                           
20009d81  cJSON_Minify                           
200084df  cJSON_Parse                            
200084f7  cJSON_ParseWithLength                  
200083f7  cJSON_ParseWithLengthOpts              
200083c9  cJSON_ParseWithOpts                    
200085e1  cJSON_Print                            
20008611  cJSON_PrintBuffered                    
20008689  cJSON_PrintPreallocated                
200085f1  cJSON_PrintUnformatted                 
200096bd  cJSON_ReplaceItemInArray               
20009741  cJSON_ReplaceItemInObject              
20009757  cJSON_ReplaceItemInObjectCaseSensitive 
20009623  cJSON_ReplaceItemViaPointer            
200078e1  cJSON_SetNumberHelper                  
20007939  cJSON_SetValuestring                   
20007585  cJSON_Version                          
2000a153  cJSON_free                             
2000a143  cJSON_malloc                           
20004965  clust2sect                             
2001a245  copysign                               
2001a245  copysignl                              
2001172f  disk_initialize                        
20011a79  disk_ioctl                             
2001187d  disk_read                              
2001185f  disk_status                            
20011961  disk_write                             
2000a4e1  eTaskGetState                          
200242bc  errno                                  
200066e3  f_chdir                                
2000729b  f_chmod                                
200066a1  f_close                                
20006bd1  f_closedir                             
20006753  f_getcwd                               
20006ce7  f_getfree                              
200068c9  f_lseek                                
200070a1  f_mkdir                                
20005deb  f_mount                                
20005e71  f_open                                 
20006afb  f_opendir                              
200060d9  f_read                                 
20006c09  f_readdir                              
2000733d  f_rename                               
20006c93  f_stat                                 
200065a5  f_sync                                 
20006e45  f_truncate                             
20006f6d  f_unlink                               
200074b1  f_utime                                
20006313  f_write                                
200162b1  free                                   
20018891  frexp                                  
20018891  frexpl                                 
200241b0  fsLock                                 
20023000  fsStr                                  
200241b4  fsSync                                 
2000bc51  ftpConnTask                            
2000c061  ftpGetCmd                              
2000cad5  ftpProcessCwd                          
2000cbb3  ftpProcessInvalid                      
2000c163  ftpProcessList                         
2000cb71  ftpProcessNoop                         
2000c75f  ftpProcessPass                         
2000c4cb  ftpProcessPasv                         
2000c2e7  ftpProcessPort                         
2000c9b1  ftpProcessPwd                          
2000c7ad  ftpProcessQuit                         
2000c1b9  ftpProcessRetr                         
2000c1ef  ftpProcessStor                         
2000c8f5  ftpProcessSyst                         
2000c7ef  ftpProcessType                         
2000c711  ftpProcessUser                         
2000b9f5  ftpServerTask                          
2000cc45  ftpSetupDataConnActive                 
2000cd71  ftpSetupDataConnPassive                
200101bd  ftpStorageList                         
2001034d  ftpStorageRetr                         
20010111  ftpStreamTask                          
20024260  g_SlDeviceStatus                       
20024294  g_SpiFd                                
200241d7  g_bDeviceRestartIsRequired             
200241b8  g_cDummy                               
2002421c  g_iSimplelinkRole                      
200240c8  g_p2p_dev                              
20024264  g_pCB                                  
20024298  g_pHostIntHdl                          
20004000  g_pfnVectors                           
20024230  g_ucConnectTimeout                     
20024198  g_ucConnectionBSSID                    
200240ec  g_ucConnectionSSID                     
2002429c  g_ucDMAEnabled                         
20024028  g_ucDinDout                            
200241d8  g_ucLED1Pin                            
200241d9  g_ucLED2Pin                            
200241da  g_ucLED3Pin                            
2002422c  g_uiDeviceModeConfig                   
20024288  g_uiLED1Port                           
2002428c  g_uiLED2Port                           
20024290  g_uiLED3Port                           
20024228  g_uiSimplelinkRole                     
20024220  g_ulDeviceIp                           
20024218  g_ulGatewayIP                          
20024214  g_ulPingPacketsRecv                    
20024210  g_ulStatus                             
20024224  g_usMCNetworkUstate                    
20004995  get_fat                                
20011abd  get_fattime                            
200241bc  httpKickStarter                        
200167ed  ldexp                                  
200167ed  ldexpl                                 
2000f6b9  listDirectoryInJson                    
20014909  main                                   
2001a281  malloc                                 
20011ebd  mem_Free                               
20011eb1  mem_Malloc                             
20011edd  mem_copy                               
20011ec9  mem_set                                
20015a21  memalign                               
20019ec1  memccpy                                
20019c2d  memcmp                                 
200171d5  memcpy                                 
20019a95  memmove                                
200180b5  memset                                 
20011f33  osi_ContextRestore                     
20011f31  osi_ContextSave                        
20011ef1  osi_EnterCritical                      
20011efb  osi_ExitCritical                       
20011b13  osi_InterruptDeRegister                
20011aed  osi_InterruptRegister                  
20011c21  osi_LockObjCreate                      
20011c8d  osi_LockObjDelete                      
20011c9d  osi_LockObjLock                        
20011cc5  osi_LockObjUnlock                      
20011dd5  osi_MsgQCreate                         
20011e19  osi_MsgQDelete                         
20011e77  osi_MsgQRead                           
20011e39  osi_MsgQWrite                          
20011f0d  osi_Sleep                              
20011cef  osi_Spawn                              
20011bff  osi_SyncObjClear                       
20011b25  osi_SyncObjCreate                      
20011b55  osi_SyncObjDelete                      
20011b6f  osi_SyncObjSignal                      
20011b97  osi_SyncObjSignalFromISR               
20011bd7  osi_SyncObjWait                        
20011c47  osi_TaskCreate                         
20011c7f  osi_TaskDelete                         
20011f1d  osi_TaskDisable                        
20011f27  osi_TaskEnable                         
20011f05  osi_start                              
200241c0  p2pKickStarter                         
20024268  pPingCallBackFunc                      
2000daff  pcQueueGetName                         
2000aaaf  pcTaskGetName                          
2000f31d  processGetToken                        
2000f50d  processPostToken                       
200241c4  pullLock                               
20023d38  pullMsg                                
200241c8  pullSync                               
20023514  pushFile                               
200241cc  pushLock                               
20023e4c  pushMsg                                
200241d0  pushSync                               
20004acf  put_fat                                
20019591  pvPortMalloc                           
2000b513  pvTaskIncrementMutexHeldCount          
200241dc  pxCurrentTCB                           
200157f5  pxPortInitialiseStack                  
20016395  realloc                                
200167ed  scalbn                                 
200167ed  scalbnl                                
200194a5  simplelink_timerA2_start               
20013c65  sl_Accept                              
20016c95  sl_Bind                                
20018771  sl_Close                               
20014495  sl_Connect                             
20016989  sl_DevGet                              
20019131  sl_Htonl                               
200194e1  sl_Htons                               
2001843d  sl_Listen                              
20016479  sl_NetAppMDNSRegisterUnregisterService 
20018645  sl_NetAppMDNSUnRegisterService         
2001730d  sl_NetAppSet                           
200189f5  sl_NetAppStart                         
20018a4d  sl_NetAppStop                          
20016715  sl_NetCfgGet                           
200173a5  sl_NetCfgSet                           
20019b09  sl_Provisioning_HttpServerEventHdl     
20019b17  sl_Provisioning_NetAppEventHdl         
20019b23  sl_Provisioning_WlanEventHdl           
20017135  sl_Recv                                
20015221  sl_Send                                
2001743d  sl_SetSockOpt                          
20017a79  sl_Socket                              
20015d29  sl_Start                               
20015e19  sl_Stop                                
20012ddd  sl_WlanConnect                         
20019601  sl_WlanDisconnect                      
200177b9  sl_WlanPolicySet                       
200187d1  sl_WlanProfileDel                      
20017da9  sl_WlanRxFilterSet                     
200174d5  sl_WlanSet                             
20018831  sl_WlanSetMode                         
20018e6d  snprintf                               
20018129  spi_Close                              
20014bd5  spi_Open                               
20016639  spi_Read                               
20017b05  spi_Write                              
200192b5  sprintf                                
20019639  sscanf                                 
2000f7ed  storageControllerTask                  
2000f1b9  storageFatFsInit                       
2001a143  strchr                                 
2001a0d1  strcmp                                 
2001a195  strcpy                                 
20019c51  strcspn                                
2001a1a9  strlen                                 
20019921  strncmp                                
200196a7  strncpy                                
2001a0e9  strrchr                                
200199a1  strspn                                 
20011f51  strtod                                 
200192f5  strtok                                 
20015355  strtol                                 
20011f51  strtold                                
200136ed  strtoll                                
20015911  strtoul                                
20014a79  strtoull                               
2001a1f1  tolower                                
20018eb9  uDMAChannelAssign                      
200186a9  uDMAChannelAttributeDisable            
2001870d  uDMAChannelAttributeEnable             
2001951d  uDMAChannelControlSet                  
20019edd  uDMAChannelEnable                      
20015f09  uDMAChannelTransferSet                 
2000d845  ucQueueGetQueueType                    
2001aa6c  ulMaxSyscallInterruptPriority          
20016be9  ulPortGetIPSR                          
2000b531  ulTaskNotifyTake                       
200115f9  uxEventGroupGetNumber                  
20015567  uxListRemove                           
2000d825  uxQueueGetQueueNumber                  
2000d7c7  uxQueueMessagesWaiting                 
2000d7fd  uxQueueMessagesWaitingFromISR          
2000d7dd  uxQueueSpacesAvailable                 
2000aaa9  uxTaskGetNumberOfTasks                 
2000aad5  uxTaskGetSystemState                   
2000af85  uxTaskGetTaskNumber                    
2000a575  uxTaskPriorityGet                      
2000a5a5  uxTaskPriorityGetFromISR               
2000b4f1  uxTaskResetEventItemValue              
2001a0ab  vApplicationIdleHook                   
2001a0ad  vApplicationMallocFailedHook           
2001a0af  vApplicationStackOverflowHook          
2001a0a1  vAssertCalled                          
200115b3  vEventGroupClearBitsCallback           
20011553  vEventGroupDelete                      
200115a3  vEventGroupSetBitsCallback             
20011619  vEventGroupSetNumber                   
20015485  vListInitialise                        
200154b5  vListInitialiseItem                    
20015501  vListInsert                            
200154c5  vListInsertEnd                         
20015879  vPortEndScheduler                      
2001587b  vPortEnterCritical                     
2001589b  vPortExitCritical                      
200195b1  vPortFree                              
20016c4d  vPortSVCHandler                        
200158d7  vPortSetupTimerInterrupt               
20016c71  vPortStartFirstTask                    
2000dabd  vQueueAddToRegistry                    
2000d80f  vQueueDelete                           
2000d833  vQueueSetQueueNumber                   
2000db3f  vQueueUnregisterQueue                  
2000a4a5  vTaskDelay                             
2000a415  vTaskDelayUntil                        
2000a367  vTaskDelete                            
2000a96b  vTaskEndScheduler                      
2000b065  vTaskGetInfo                           
2000aecd  vTaskInternalSetTimeOutState           
2000af73  vTaskMissedYield                       
2000b84d  vTaskNotifyGiveFromISR                 
2000ad71  vTaskPlaceOnEventList                  
2000ad8d  vTaskPlaceOnUnorderedEventList         
2000b419  vTaskPriorityDisinheritAfterTimeout    
2000a5f1  vTaskPrioritySet                       
2000ae45  vTaskRemoveFromUnorderedEventList      
2000a819  vTaskResume                            
2000afa5  vTaskSetTaskNumber                     
2000aea7  vTaskSetTimeOutState                   
2000a921  vTaskStartScheduler                    
2000a709  vTaskSuspend                           
2000a98d  vTaskSuspendAll                        
2000acf5  vTaskSwitchContext                     
20019335  vsnprintf                              
2001a1cf  wcslen                                 
200113dd  xEventGroupClearBits                   
2001113d  xEventGroupCreate                      
2001142f  xEventGroupGetBitsFromISR              
20011465  xEventGroupSetBits                     
2001115d  xEventGroupSync                        
20011277  xEventGroupWaitBits                    
20024270  xHigherPriorityTaskWoken               
20016c01  xPortPendSVHandler                     
20015851  xPortStartScheduler                    
200158b1  xPortSysTickHandler                    
[...]
20011465  xEventGroupSetBits                     
20011553  vEventGroupDelete                      
200115a3  vEventGroupSetBitsCallback             
200115b3  vEventGroupClearBitsCallback           
200115f9  uxEventGroupGetNumber                  
20011619  vEventGroupSetNumber                   
2001172f  disk_initialize                        
2001185f  disk_status                            
2001187d  disk_read                              
20011961  disk_write                             
20011a79  disk_ioctl                             
20011abd  get_fattime                            
20011aed  osi_InterruptRegister                  
20011b13  osi_InterruptDeRegister                
20011b25  osi_SyncObjCreate                      
20011b55  osi_SyncObjDelete                      
20011b6f  osi_SyncObjSignal                      
20011b97  osi_SyncObjSignalFromISR               
20011bd7  osi_SyncObjWait                        
20011bff  osi_SyncObjClear                       
20011c21  osi_LockObjCreate                      
20011c47  osi_TaskCreate                         
20011c7f  osi_TaskDelete                         
20011c8d  osi_LockObjDelete                      
20011c9d  osi_LockObjLock                        
20011cc5  osi_LockObjUnlock                      
20011cef  osi_Spawn                              
20011d67  VStartSimpleLinkSpawnTask              
20011da9  VDeleteSimpleLinkSpawnTask             
20011dd5  osi_MsgQCreate                         
20011e19  osi_MsgQDelete                         
20011e39  osi_MsgQWrite                          
20011e77  osi_MsgQRead                           
20011eb1  mem_Malloc                             
20011ebd  mem_Free                               
20011ec9  mem_set                                
20011edd  mem_copy                               
20011ef1  osi_EnterCritical                      
20011efb  osi_ExitCritical                       
20011f05  osi_start                              
20011f0d  osi_Sleep                              
20011f1d  osi_TaskDisable                        
20011f27  osi_TaskEnable                         
20011f31  osi_ContextSave                        
20011f33  osi_ContextRestore                     
20011f51  strtod                                 
20011f51  strtold                                
200123a5  SimpleLinkWlanEventHandler             
2001258d  SimpleLinkNetAppEventHandler           
20012601  SimpleLinkGeneralEventHandler          
2001261b  SimpleLinkSockEventHandler             
200127fd  GPIO_IF_LedConfigure                   
2001283b  GPIO_IF_LedOn                          
200128ef  GPIO_IF_LedOff                         
200129a3  GPIO_IF_LedStatus                      
20012a0d  GPIO_IF_LedToggle                      
20012a3b  GPIO_IF_GetPortNPin                    
20012a81  GPIO_IF_ConfigureNIntEnable            
20012ac3  GPIO_IF_Set                            
20012afd  GPIO_IF_Get                            
20012b51  InitTerm                               
20012b6f  Message                                
20012b91  ClearTerm                              
20012b9b  Error                                  
20012bd3  GetCmd                                 
20012c89  TrimSpace                              
20012d21  Report                                 
20012ddd  sl_WlanConnect                         
2001350d  _SlDrvDataReadOp                       
200136ed  strtoll                                
200138c9  _SlDrvReleasePoolObj                   
20013c65  sl_Accept                              
20013e21  __aeabi_dsub                           
20013e2b  __aeabi_dadd                           
20013fd7  __aeabi_idiv0                          
20013fd7  __aeabi_ldiv0                          
20014175  _SlDrvDriverCBInit                     
20014305  _SlDrvWaitForPoolObj                   
20014495  sl_Connect                             
20014621  PRCMCC3200MCUInit                      
20014909  main                                   
20014a79  strtoull                               
20014bd5  spi_Open                               
20014d25  _SlDrvDataWriteOp                      
200150e9  __aeabi_ddiv                           
20015221  sl_Send                                
20015355  strtol                                 
20015485  vListInitialise                        
200154b5  vListInitialiseItem                    
200154c5  vListInsertEnd                         
20015501  vListInsert                            
20015567  uxListRemove                           
200155b1  _SlDrvDriverCBDeinit                   
200157f5  pxPortInitialiseStack                  
20015851  xPortStartScheduler                    
20015879  vPortEndScheduler                      
2001587b  vPortEnterCritical                     
2001589b  vPortExitCritical                      
200158b1  xPortSysTickHandler                    
200158d7  vPortSetupTimerInterrupt               
20015911  strtoul                                
20015a21  aligned_alloc                          
20015a21  memalign                               
20015b29  _SlDrvNetAppEventHandler               
20015c2d  __aeabi_dmul                           
20015d29  sl_Start                               
20015e19  sl_Stop                                
20015f09  uDMAChannelTransferSet                 
200160e1  _SlDrvMsgReadSpawnCtx                  
200161c9  HTTPServerTask                         
20016229  SimpleLinkHttpServerCallback           
200162b1  free                                   
20016395  realloc                                
20016479  sl_NetAppMDNSRegisterUnregisterService 
20016639  spi_Read                               
20016715  sl_NetCfgGet                           
200167ed  ldexp                                  
200167ed  ldexpl                                 
200167ed  scalbn                                 
200167ed  scalbnl                                
200168bd  _sl_HandleAsync_DnsGetHostByService    
20016989  sl_DevGet                              
20016b19  _SlDrvCmdOp                            
20016be9  ulPortGetIPSR                          
20016c01  xPortPendSVHandler                     
20016c4d  vPortSVCHandler                        
20016c71  vPortStartFirstTask                    
20016c95  sl_Bind                                
20016e01  IntDisable                             
20016ea9  IntEnable                              
20016f51  PinMuxConfig                           
20016ff5  SPIConfigSetExpClk                     
20017095  _SlDriverHandleError                   
20017135  sl_Recv                                
200171d5  __aeabi_memcpy                         
200171d5  __aeabi_memcpy4                        
200171d5  __aeabi_memcpy8                        
200171d5  memcpy                                 
20017271  _SlDrvDeviceEventHandler               
2001730d  sl_NetAppSet                           
200173a5  sl_NetCfgSet                           
2001743d  sl_SetSockOpt                          
200174d5  sl_WlanSet                             
2001756d  __aeabi_uldivmod                       
20017605  PRCMPeripheralClockGet                 
20017699  _sl_HandleAsync_DnsGetHostByName       
20017729  _sl_HandleAsync_PingResponse           
200177b9  sl_WlanPolicySet                       
20017961  _SlDrvIsTimeoutExpired                 
200179ed  _sl_HandleAsync_InitComplete           
20017a79  sl_Socket                              
20017b05  spi_Write                              
20017b91  PinConfigSet                           
20017c19  __aeabi_cdcmpeq                        
20017c19  __aeabi_cdcmple                        
20017c9f  __aeabi_cdrcmple                       
20017d25  NwpPowerOnPreamble                     
20017da9  sl_WlanRxFilterSet                     
20017e2d  GPIOIntTypeSet                         
20017eb1  _sl_HandleAsync_Connect                
20018031  SDHostInit                             
200180ad  __aeabi_memclr                         
200180ad  __aeabi_memclr4                        
200180ad  __aeabi_memclr8                        
200180af  __aeabi_memset                         
200180af  __aeabi_memset4                        
200180af  __aeabi_memset8                        
200180b5  memset                                 
20018129  spi_Close                              
200181a1  UARTConfigSetExpClk                    
200182f7  __aeabi_d2f                            
20018365  _SlDrvCmdSend                          
200183d1  _sl_NetAppSendTokenValue               
2001843d  sl_Listen                              
20018511  __TI_decompress_lzss                   
20018579  SDHostSetExpClk                        
200185e1  _sl_HandleAsync_Accept                 
20018645  sl_NetAppMDNSUnRegisterService         
200186a9  uDMAChannelAttributeDisable            
2001870d  uDMAChannelAttributeEnable             
20018771  sl_Close                               
200187d1  sl_WlanProfileDel                      
20018831  sl_WlanSetMode                         
20018891  frexp                                  
20018891  frexpl                                 
200188ed  IntPendClear                           
20018945  PRCMPeripheralReset                    
2001899d  __isnan                                
200189f5  sl_NetAppStart                         
20018a4d  sl_NetAppStop                          
20018afd  IntPrioritySet                         
20018b51  __TI_ltoa                              
20018ba5  _sl_HandleAsync_Select                 
20018c4d  _SlDrvRxIrqHandler                     
20018c9d  __isinf                                
20018ced  _sl_HandleAsync_Stop                   
20018d3d  SPIIntEnable                           
20018d89  _SlDrvProtectAsyncRespSetting          
20018e21  atoi                                   
20018e6d  snprintf                               
20018eb9  uDMAChannelAssign                      
20018f05  SPIIntClear                            
20018f4d  _SlDrvBasicCmd                         
20018f95  __aeabi_d2iz                           
20019021  TimerConfigure                         
20019065  _SlDrvHandleHttpServerEvents           
200190a9  __TI_auto_init_nobinit_nopinit         
20019131  sl_Htonl                               
20019175  PinModeSet                             
200191b5  _SlDrvHandleNetAppEvents               
200191f5  _SlDrvHandleWlanEvents                 
20019235  _SlDrvSyncObjWaitTimeout               
200192b5  sprintf                                
200192f5  strtok                                 
20019335  vsnprintf                              
20019375  SDHostCmdSend                          
2001942d  PRCMPeripheralClkEnable                
20019469  PinDirModeSet                          
200194a5  simplelink_timerA2_start               
200194e1  sl_Htons                               
2001951d  uDMAChannelControlSet                  
20019559  NwpPowerOff                            
20019591  pvPortMalloc                           
200195b1  vPortFree                              
200195c9  __aeabi_f2d                            
20019601  sl_WlanDisconnect                      
20019639  sscanf                                 
20019671  GPIODirModeSet                         
200196a7  strncpy                                
200196dd  NwpPowerOn                             
20019711  PRCMPeripheralStatusGet                
20019745  SDHostRespGet                          
20019779  SPIFIFOLevelSet                        
200197ad  PinTypeGPIO                            
200197dd  UARTDisable                            
2001986d  __aeabi_i2d                            
2001989d  DmaSpiSwIntHandler                     
200198c9  PRCMSysResetCauseGet                   
200198f5  SDHostIntStatus                        
20019921  strncmp                                
2001994d  TimerLoadSet                           
20019977  TimerPrescaleSet                       
200199a1  strspn                                 
200199cd  PRCMPeripheralClkDisable               
200199f5  SDHostBlockSizeSet                     
20019a45  _SlDrvProtectionObjLockWaitForever     
20019a95  memmove                                
20019abd  NwpRegisterInterruptHandler            
20019ae3  SDHostBlockCountSet                    
20019b09  sl_Provisioning_HttpServerEventHdl     
20019b17  sl_Provisioning_NetAppEventHdl         
20019b23  sl_Provisioning_WlanEventHdl           
20019b31  IntUnregister                          
20019b55  SDHostIntClear                         
20019b79  UARTEnable                             
20019b9d  _SlDrvGlobalObjUnLock                  
20019bc1  _SlDrvProtectionObjUnLock              
20019be5  _SlDrvSyncObjWaitForever               
20019c09  _c_int00_noargs                        
20019c2d  memcmp                                 
20019c51  strcspn                                
20019c75  SDHostCmdReset                         
20019c97  SPIReset                               
20019cb9  SPIWordCountSet                        
20019cdb  _SlDrvObjLockWaitForever               
20019cfd  GPIOPinWrite                           
20019d1d  IntRegister                            
20019d3d  NwpPrePowerOffTimout0                  
20019d5d  SDHostDataRead                         
20019d7d  TimerGetCurrentTimestamp               
20019d9d  SDHostDataWrite                        
20019dbb  TimerEnable                            
20019dd9  UARTCharPut                            
20019df7  _SlDrvObjUnLock                        
20019e15  _SlDrvSyncObjSignal                    
20019e51  TimerValueGet                          
20019e6d  UARTCharGetNonBlocking                 
20019e89  _SlDrvStartMeasureTimeout              
20019ec1  memccpy                                
20019edd  uDMAChannelEnable                      
20019ef9  GPIOIntEnable                          
20019f13  PinTypeSDHost                          
20019f2d  PinTypeUART                            
20019f47  SPIDmaDisable                          
20019f61  SPIDmaEnable                           
20019f7b  SPIFIFODisable                         
20019f95  SPIFIFOEnable                          
20019faf  GPIOPinRead                            
20019fc7  SPICSDisable                           
20019fdf  SPICSEnable                            
20019ff7  SPIDisable                             
2001a00f  SPIEnable                              
2001a027  UARTCharsAvail                         
2001a0a1  vAssertCalled                          
2001a0ab  vApplicationIdleHook                   
2001a0ad  vApplicationMallocFailedHook           
2001a0af  vApplicationStackOverflowHook          
2001a0b9  __aeabi_lmul                           
2001a0d1  strcmp                                 
2001a0e9  strrchr                                
2001a101  PRCMHIBRegRead                         
2001a117  PRCMHIBRegWrite                        
2001a12d  _SlDrvMemZero                          
2001a143  strchr                                 
2001a159  CPUcpsie                               
2001a16d  GPIOIntClear                           
2001a181  IntVTableBaseSet                       
2001a195  strcpy                                 
2001a1a9  strlen                                 
2001a1cf  wcslen                                 
2001a1e1  _SlDrvDispatchHttpServerEvents         
2001a1f1  tolower                                
2001a201  _SlDrvResetCmdExt                      
2001a20f  __TI_decompress_none                   
2001a21d  ResetISR                               
2001a22d  NwpMaskInterrupt                       
2001a239  NwpUnMaskInterrupt                     
2001a245  copysign                               
2001a245  copysignl                              
2001a251  __TI_zero_init                         
2001a25d  IntMasterEnable                        
2001a271  __aeabi_errno_addr                     
2001a281  malloc                                 
2001a289  UtilsDelay                             
2001a28f  _system_pre_init                       
2001a293  C$$EXIT                                
2001a293  abort                                  
2001a298  _ctypes_                               
2001a6e0  OpcodeTranslateTable                   
2001a71c  _SlActionLookupTable                   
2001aa22  _SlNetAppSendTokenValueCmdCtrl         
2001aa6c  ulMaxSyscallInterruptPriority          
2001aa78  __TI_static_base__                     
2001aacc  __TI_Handler_Table_Base                
2001aad8  __TI_Handler_Table_Limit               
2001aae0  __TI_CINIT_Base                        
2001aaf0  __TI_CINIT_Limit                       
2001b000  __start___llvm_prf_cnts                
2001b000  __stop___llvm_prf_cnts                 
2001b000  _sys_memory                            
20023000  fsStr                                  
20023514  pushFile                               
20023d38  pullMsg                                
20023e4c  pushMsg                                
20024028  g_ucDinDout                            
20024078  xQueueRegistry                         
200240c8  g_p2p_dev                              
200240ec  g_ucConnectionSSID                     
20024198  g_ucConnectionBSSID                    
200241ac  DMAMsgQ                                
200241b0  fsLock                                 
200241b4  fsSync                                 
200241b8  g_cDummy                               
200241bc  httpKickStarter                        
200241c0  p2pKickStarter                         
200241c4  pullLock                               
200241c8  pullSync                               
200241cc  pushLock                               
200241d0  pushSync                               
200241d6  RxIrqCnt                               
200241d7  g_bDeviceRestartIsRequired             
200241d8  g_ucLED1Pin                            
200241d9  g_ucLED2Pin                            
200241da  g_ucLED3Pin                            
200241dc  pxCurrentTCB                           
20024210  g_ulStatus                             
20024214  g_ulPingPacketsRecv                    
20024218  g_ulGatewayIP                          
2002421c  g_iSimplelinkRole                      
20024220  g_ulDeviceIp                           
20024224  g_usMCNetworkUstate                    
20024228  g_uiSimplelinkRole                     
2002422c  g_uiDeviceModeConfig                   
20024230  g_ucConnectTimeout                     
20024260  g_SlDeviceStatus                       
20024264  g_pCB                                  
20024268  pPingCallBackFunc                      
20024270  xHigherPriorityTaskWoken               
20024274  xSimpleLinkSpawnQueue                  
20024278  xSimpleLinkSpawnTaskHndl               
20024288  g_uiLED1Port                           
2002428c  g_uiLED2Port                           
20024290  g_uiLED3Port                           
20024294  g_SpiFd                                
20024298  g_pHostIntHdl                          
2002429c  g_ucDMAEnabled                         
200242a0  _lock                                  
200242a4  _unlock                                
200242bc  errno                                  
2002f800  __stack                                
20030000  __STACK_END                            
ffffffff  __TI_pprof_out_hndl                    
ffffffff  __TI_prof_data_size                    
ffffffff  __TI_prof_data_start                   
ffffffff  __binit__                              
ffffffff  __c_args__                             
ffffffff  binit                                  
UNDEFED   __mpu_init                             
UNDEFED   _system_post_cinit                     

[629 symbols]
